D/AT      (  101): dlc[17] atchannel: at_send_command_full_nolock() tid:20731296, waiting(180000 msec) for signal...DONE
D/AT      (  101): dlc[17] atchannel: at_send_command_full_nolock() end, err:0
D/AT      (  101): dlc[17] atchannel: at_send_command_full() s_commandmutex[17] UNLOCKED, tid:20731296, err - 0
D/RIL     (  101): unsolicitedLgeNetworkError(): networkError 0
E/RILC    (  101): RIL_onRequestComplete: invalid RIL_Token
D/RIL     (  101): requestLgeInternalNetworkSelection END
D/RIL     (  101): dlc[17] lge-ril: requestInterface(RIL_REQUEST_LGE_INTERNAL_NETWORK_REGISTRATION) invoking *requestFunction(req:291, data: 0x013c5310, len:16)...DONE
D/RILJ    (  693): [UNSL]< UNSOL_RESPONSE_VOICE_NETWORK_STATE_CHANGED
D/AT      (  101): dlc[5] atchannel: readline() count:99. Read string - "
D/AT      (  101): +CREG: 1,"2261","4cd0a10",2
D/AT      (  101): 
D/AT      (  101): +CGREG: 1,"2261","4cd0a10",2,"01"
D/AT      (  101): 
D/AT      (  101): +CREG: 1,"2261","4cd0a10",2
D/AT      (  101): "
D/AT      (  101): AT[5]< +CREG: 1,"2261","4cd0a10",2
D/RILC    (  101): rild: grabPartialWakeLock, s_wakeup_lock_flag - 1
D/RILC    (  101): [UNSL]< UNSOL_RESPONSE_VOICE_NETWORK_STATE_CHANGED 
D/AT      (  101): AT[5]< +CGREG: 1,"2261","4cd0a10",2,"01"
D/RILC    (  101): rild: grabPartialWakeLock, s_wakeup_lock_flag - 1
D/RILC    (  101): [UNSL]< UNSOL_RESPONSE_VOICE_NETWORK_STATE_CHANGED 
D/AT      (  101): AT[5]< +CREG: 1,"2261","4cd0a10",2
D/RILC    (  101): rild: grabPartialWakeLock, s_wakeup_lock_flag - 1
D/RILC    (  101): [UNSL]< UNSOL_RESPONSE_VOICE_NETWORK_STATE_CHANGED 
D/RILJ    (  693): [0051]> OPERATOR
D/RIL     (  101): lge-ril: onDataCallListChanged END
D/RIL     (  101): dlc[12] lge-ril: requestInterface(DATA_CALL_LIST) invoking *requestFunction(req:57, data:00000000, len:0)...
D/AT      (  101): AT[12]> AT+CGACT?
D/AT      (  101): dlc[12] atchannel: writeline() written:11, errno:"Success"
D/RILJ    (  693): [UNSL]< UNSOL_RESPONSE_VOICE_NETWORK_STATE_CHANGED
D/RILJ    (  693): [0052]> DATA_REGISTRATION_STATE
D/RILC    (  101): [0051]> OPERATOR 
D/RIL     (  101): lge-ril: runRequestFunction(OPERATOR) s_InitMutex LOCKED. dlc index - 5, DLC - 5, DLC create tracker - 0x6113f
D/RIL     (  101): dlc[5] lge-ril: requestInterface(OPERATOR) invoking *requestFunction(req:22, data:00000000, len:0)...
D/AT      (  101): AT[5]> AT+COPS=3,0;+COPS?;+COPS=3,1;+COPS?;+COPS=3,2;+COPS?
D/AT      (  101): dlc[5] atchannel: writeline() written:54, errno:"Success"
D/RILJ    (  693): [0053]> VOICE_REGISTRATION_STATE
D/RILJ    (  693): [0054]> QUERY_NETWORK_SELECTION_MODE
D/RILJ    (  693): [UNSL]< UNSOL_RESPONSE_VOICE_NETWORK_STATE_CHANGED
D/RILJ    (  693): [UNSL]< UNSOL_RESPONSE_VOICE_NETWORK_STATE_CHANGED
D/RILC    (  101): [0052]> DATA_REGISTRATION_STATE 
D/RIL     (  101): lge-ril: runRequestFunction(DATA_REGISTRATION_STATE) s_InitMutex LOCKED. dlc index - 5, DLC - 5, DLC create tracker - 0x6113f
D/RILC    (  101): [0053]> VOICE_REGISTRATION_STATE 
D/RIL     (  101): lge-ril: runRequestFunction(VOICE_REGISTRATION_STATE) s_InitMutex LOCKED. dlc index - 5, DLC - 5, DLC create tracker - 0x6113f
D/RILJ    (  693): [0055]> OPERATOR
D/RILC    (  101): [0054]> QUERY_NETWORK_SELECTION_MODE 
D/RIL     (  101): lge-ril: runRequestFunction(QUERY_NETWORK_SELECTION_MODE) s_InitMutex LOCKED. dlc index - 5, DLC - 5, DLC create tracker - 0x6113f
D/AT      (  101): dlc[5] atchannel: readline() count:55. Read string - "
D/AT      (  101): +COPS: 0,0,"0053004B00540065006C00650063006F006D",2
D/AT      (  101): "
D/AT      (  101): AT[5]< +COPS: 0,0,"0053004B00540065006C00650063006F006D",2
D/RILJ    (  693): [0056]> DATA_REGISTRATION_STATE
D/RILJ    (  693): [0057]> VOICE_REGISTRATION_STATE
D/AT      (  101): dlc[5] atchannel: readline() count:55. Read string - "
D/AT      (  101): +COPS: 0,1,"0053004B00540065006C00650063006F006D",2
D/AT      (  101): "
D/AT      (  101): AT[5]< +COPS: 0,1,"0053004B00540065006C00650063006F006D",2
D/RILJ    (  693): [0058]> QUERY_NETWORK_SELECTION_MODE
D/RILC    (  101): [0055]> OPERATOR 
D/RIL     (  101): lge-ril: runRequestFunction(OPERATOR) s_InitMutex LOCKED. dlc index - 5, DLC - 5, DLC create tracker - 0x6113f
D/RILC    (  101): [0056]> DATA_REGISTRATION_STATE 
D/RIL     (  101): lge-ril: runRequestFunction(DATA_REGISTRATION_STATE) s_InitMutex LOCKED. dlc index - 5, DLC - 5, DLC create tracker - 0x6113f
D/AT      (  101): dlc[5] atchannel: readline() count:45. Read string - "
D/AT      (  101): +COPS: 0,2,"00340035003000300035",2
D/AT      (  101): 
D/AT      (  101): OK
D/AT      (  101): "
D/AT      (  101): AT[5]< +COPS: 0,2,"00340035003000300035",2
D/AT      (  101): AT[5]< OK
D/AT      (  101): dlc[5] atchannel: at_send_command_full_nolock() tid:20678472, waiting(10000 msec) for signal...DONE
D/AT      (  101): dlc[5] atchannel: at_send_command_full_nolock() end, err:0
D/AT      (  101): dlc[5] atchannel: at_send_command_full() s_commandmutex[5] UNLOCKED, tid:20678472, err - 0
D/AT      (  101): AT[5]> AT+XCOPS=6
D/AT      (  101): dlc[5] atchannel: writeline() written:12, errno:"Success"
D/RILC    (  101): [0057]> VOICE_REGISTRATION_STATE 
D/RIL     (  101): lge-ril: runRequestFunction(VOICE_REGISTRATION_STATE) s_InitMutex LOCKED. dlc index - 5, DLC - 5, DLC create tracker - 0x6113f
D/RILJ    (  693): [0059]> OPERATOR
D/RILC    (  101): [0058]> QUERY_NETWORK_SELECTION_MODE 
D/RIL     (  101): lge-ril: runRequestFunction(QUERY_NETWORK_SELECTION_MODE) s_InitMutex LOCKED. dlc index - 5, DLC - 5, DLC create tracker - 0x6113f
D/AT      (  101): dlc[12] atchannel: readline() count:6. Read string - "
D/AT      (  101): OK
D/AT      (  101): "
D/AT      (  101): AT[12]< OK
D/AT      (  101): dlc[12] atchannel: at_send_command_full_nolock() tid:20731384, waiting(160000 msec) for signal...DONE
D/AT      (  101): dlc[12] atchannel: at_send_command_full_nolock() end, err:0
D/AT      (  101): dlc[12] atchannel: at_send_command_full() s_commandmutex[12] UNLOCKED, tid:20731384, err - 0
D/AT      (  101): AT[12]> AT+CGDCONT?
D/AT      (  101): dlc[12] atchannel: writeline() written:13, errno:"Success"
D/RILJ    (  693): [0060]> DATA_REGISTRATION_STATE
D/RILJ    (  693): [0061]> VOICE_REGISTRATION_STATE
D/RILJ    (  693): [0062]> QUERY_NETWORK_SELECTION_MODE
D/RILC    (  101): [0059]> OPERATOR 
D/RIL     (  101): lge-ril: runRequestFunction(OPERATOR) s_InitMutex LOCKED. dlc index - 5, DLC - 5, DLC create tracker - 0x6113f
D/RILC    (  101): [0060]> DATA_REGISTRATION_STATE 
D/RIL     (  101): lge-ril: runRequestFunction(DATA_REGISTRATION_STATE) s_InitMutex LOCKED. dlc index - 5, DLC - 5, DLC create tracker - 0x6113f
D/RILC    (  101): [0061]> VOICE_REGISTRATION_STATE 
D/RIL     (  101): lge-ril: runRequestFunction(VOICE_REGISTRATION_STATE) s_InitMutex LOCKED. dlc index - 5, DLC - 5, DLC create tracker - 0x6113f
D/RILC    (  101): [0062]> QUERY_NETWORK_SELECTION_MODE 
D/RIL     (  101): lge-ril: runRequestFunction(QUERY_NETWORK_SELECTION_MODE) s_InitMutex LOCKED. dlc index - 5, DLC - 5, DLC create tracker - 0x6113f
D/RILJ    (  693): [0063]> OPERATOR
D/RILJ    (  693): [0064]> DATA_REGISTRATION_STATE
D/RILC    (  101): [0063]> OPERATOR 
D/RIL     (  101): lge-ril: runRequestFunction(OPERATOR) s_InitMutex LOCKED. dlc index - 5, DLC - 5, DLC create tracker - 0x6113f
D/AT      (  101): dlc[5] atchannel: readline() count:52. Read string - "
D/AT      (  101): +XCOPS: 6,"0053004B00540065006C00650063006F006D"
D/AT      (  101): "
D/AT      (  101): AT[5]< +XCOPS: 6,"0053004B00540065006C00650063006F006D"
D/AT      (  101): dlc[5] atchannel: readline() count:6. Read string - "
D/AT      (  101): OK
D/AT      (  101): "
D/AT      (  101): AT[5]< OK
D/AT      (  101): dlc[5] atchannel: at_send_command_full_nolock() tid:20678472, waiting(5000 msec) for signal...DONE
D/AT      (  101): dlc[5] atchannel: at_send_command_full_nolock() end, err:0
D/AT      (  101): dlc[5] atchannel: at_send_command_full() s_commandmutex[5] UNLOCKED, tid:20678472, err - 0
D/RIL     (  101): unsolicitedLgeNetworkError(): networkError 0
D/AT      (  101): AT[5]> AT+XCOPS=5
D/AT      (  101): dlc[5] atchannel: writeline() written:12, errno:"Success"
D/AT      (  101): dlc[12] atchannel: readline() count:6. Read string - "
D/AT      (  101): OK
D/AT      (  101): "
D/AT      (  101): AT[12]< OK
D/AT      (  101): dlc[12] atchannel: at_send_command_full_nolock() tid:20731384, waiting(6000 msec) for signal...DONE
D/AT      (  101): dlc[12] atchannel: at_send_command_full_nolock() end, err:0
D/AT      (  101): dlc[12] atchannel: at_send_command_full() s_commandmutex[12] UNLOCKED, tid:20731384, err - 0
D/AT      (  101): AT[12]> AT+XDNS?
D/AT      (  101): dlc[12] atchannel: writeline() written:10, errno:"Success"
D/RILC    (  101): [0064]> DATA_REGISTRATION_STATE 
D/RIL     (  101): lge-ril: runRequestFunction(DATA_REGISTRATION_STATE) s_InitMutex LOCKED. dlc index - 5, DLC - 5, DLC create tracker - 0x6113f
D/RILJ    (  693): [0065]> VOICE_REGISTRATION_STATE
D/RILJ    (  693): [0066]> QUERY_NETWORK_SELECTION_MODE
D/RILC    (  101): [0065]> VOICE_REGISTRATION_STATE 
D/RIL     (  101): lge-ril: runRequestFunction(VOICE_REGISTRATION_STATE) s_InitMutex LOCKED. dlc index - 5, DLC - 5, DLC create tracker - 0x6113f
D/RILC    (  101): [0066]> QUERY_NETWORK_SELECTION_MODE 
D/RIL     (  101): lge-ril: runRequestFunction(QUERY_NETWORK_SELECTION_MODE) s_InitMutex LOCKED. dlc index - 5, DLC - 5, DLC create tracker - 0x6113f
D/AT      (  101): dlc[5] atchannel: readline() count:52. Read string - "
D/AT      (  101): +XCOPS: 5,"0053004B00540065006C00650063006F006D"
D/AT      (  101): "
D/AT      (  101): AT[5]< +XCOPS: 5,"0053004B00540065006C00650063006F006D"
D/AT      (  101): dlc[5] atchannel: readline() count:6. Read string - "
D/AT      (  101): OK
D/AT      (  101): "
D/AT      (  101): AT[5]< OK
D/AT      (  101): dlc[5] atchannel: at_send_command_full_nolock() tid:20678472, waiting(5000 msec) for signal...DONE
D/AT      (  101): dlc[5] atchannel: at_send_command_full_nolock() end, err:0
D/AT      (  101): dlc[5] atchannel: at_send_command_full() s_commandmutex[5] UNLOCKED, tid:20678472, err - 0
D/RIL     (  101): unsolicitedLgeNetworkError(): networkError 0
D/RILC    (  101): [0051]< OPERATOR {SKTelecom,SKTelecom,45005}
D/RIL     (  101): dlc[5] lge-ril: requestInterface(OPERATOR) invoking *requestFunction(req:22, data: 0x00000000, len:0)...DONE
D/RIL     (  101): dlc[5] lge-ril: requestInterface(DATA_REGISTRATION_STATE) invoking *requestFunction(req:21, data:00000000, len:0)...
D/AT      (  101): AT[5]> AT+CGREG?
D/AT      (  101): dlc[5] atchannel: writeline() written:11, errno:"Success"
D/RILJ    (  693): [0051]< OPERATOR {SKTelecom, SKTelecom, 45005}
D/AT      (  101): dlc[12] atchannel: readline() count:9. Read string - "
D/AT      (  101): ERROR
D/AT      (  101): "
D/AT      (  101): AT[12]< ERROR
D/AT      (  101): dlc[12] atchannel: at_send_command_full_nolock() tid:20731384, waiting(6000 msec) for signal...DONE
D/AT      (  101): dlc[12] atchannel: at_send_command_full_nolock() end, err:0
D/AT      (  101): dlc[12] atchannel: at_send_command_full() s_commandmutex[12] UNLOCKED, tid:20731384, err - 0
D/RILC    (  101): rild: grabPartialWakeLock, s_wakeup_lock_flag - 1
D/RILC    (  101): [UNSL]< UNSOL_DATA_CALL_LIST_CHANGED }
D/RIL     (  101): dlc[12] lge-ril: requestInterface(DATA_CALL_LIST) invoking *requestFunction(req:57, data: 0x00000000, len:0)...DONE
D/RILJ    (  693): responseDataCallList ver=6 num=0
D/RILJ    (  693): [UNSL]< UNSOL_DATA_CALL_LIST_CHANGED []
D/GSM     (  693): [GsmDCT] handleMessage msg={ what=270340 when=0 obj=android.os.AsyncResult@4127e7f0 }
D/GSM     (  693): [GsmDCT] onDataStateChanged(ar): E
D/GSM     (  693): [GsmDCT] onDataStateChanged(ar): DataCallState size=0
D/GSM     (  693): [GsmDCT] Number of DataCallStates:0Unique count:0
D/GSM     (  693): [GsmDCT] findApnContextToClean(ar): E dcacs=[]
D/GSM     (  693): [GsmDCT] findApnContextToClean(ar): X list=[]
D/GSM     (  693): [GsmDCT] onDataStateChanged: Data Activity updated to NONE. isAnyDataCallActive = false isAnyDataCallDormant = false
D/GSM     (  693): [GsmDCT] onDataStateChange(ar): apnsToCleanup=[]
D/GSM     (  693): [GsmDCT] onDataStateChanged(ar): X
D/AT      (  101): dlc[5] atchannel: readline() count:34. Read string - "
D/AT      (  101): +CGREG: 2,1,"2261","4cd0a10",2
D/AT      (  101): "
D/AT      (  101): AT[5]< +CGREG: 2,1,"2261","4cd0a10",2
D/AT      (  101): dlc[5] atchannel: readline() count:6. Read string - "
D/AT      (  101): OK
D/AT      (  101): "
D/AT      (  101): AT[5]< OK
D/AT      (  101): dlc[5] atchannel: at_send_command_full_nolock() tid:20678472, waiting(6000 msec) for signal...DONE
D/AT      (  101): dlc[5] atchannel: at_send_command_full_nolock() end, err:0
D/AT      (  101): dlc[5] atchannel: at_send_command_full() s_commandmutex[5] UNLOCKED, tid:20678472, err - 0
D/RILC    (  101): [0052]< DATA_REGISTRATION_STATE {1,8801,80546320,3}
D/RIL     (  101): dlc[5] lge-ril: requestInterface(DATA_REGISTRATION_STATE) invoking *requestFunction(req:21, data: 0x00000000, len:0)...DONE
D/RIL     (  101): dlc[5] lge-ril: requestInterface(VOICE_REGISTRATION_STATE) invoking *requestFunction(req:20, data:00000000, len:0)...
D/AT      (  101): AT[5]> AT+CREG?
D/AT      (  101): dlc[5] atchannel: writeline() written:10, errno:"Success"
D/RILJ    (  693): [0052]< DATA_REGISTRATION_STATE {1, 8801, 80546320, 3}
D/AT      (  101): dlc[5] atchannel: readline() count:33. Read string - "
D/AT      (  101): +CREG: 2,1,"2261","4cd0a10",2
D/AT      (  101): "
D/AT      (  101): AT[5]< +CREG: 2,1,"2261","4cd0a10",2
D/AT      (  101): dlc[0] atchannel: readline() count:28. Read string - "
D/AT      (  101): +XLGEUNSOL: 425987, -1,0
D/AT      (  101): "
D/AT      (  101): dlc[5] atchannel: readline() count:6. Read string - "
D/AT      (  101): OK
D/AT      (  101): "
D/AT      (  101): AT[0]< +XLGEUNSOL: 425987, -1,0
D/AT      (  101): AT[5]< OK
D/RIL     (  101): LGEUnsol line received: response[0] '425987'
D/RIL     (  101): LGEUnsol line received: response[1] '-1'
D/RIL     (  101): LGEUnsol line received: response[2] '0'
D/RILC    (  101): rild: grabPartialWakeLock, s_wakeup_lock_flag - 1
D/RILC    (  101): responseLgeunsol
E/RILC    (  101): responseLgeunsol etc
D/RILC    (  101): [UNSL]< RIL_UNSOL_LGE_UNSOL {-1,0}
D/AT      (  101): dlc[5] atchannel: at_send_command_full_nolock() tid:20678472, waiting(6000 msec) for signal...DONE
D/AT      (  101): dlc[5] atchannel: at_send_command_full_nolock() end, err:0
D/AT      (  101): dlc[5] atchannel: at_send_command_full() s_commandmutex[5] UNLOCKED, tid:20678472, err - 0
D/RIL     (  101): unsolicitedLgeNetworkError(): networkError 0
D/RIL     (  101): requestVoiceRegistrationState(): err = 0, <n> = 2
D/RIL     (  101): requestVoiceRegistrationState(): err = 0, <stat> = 1
D/RIL     (  101): requestVoiceRegistrationState(): err = 0, <lac> = 2261
D/RIL     (  101): requestVoiceRegistrationState: err = 0, <ci> = 4cd0a10
D/RIL     (  101): requestVoiceRegistrationState(): err = 0, <AcT> = 2
D/RIL     (  101): requestVoiceRegistrationState(): RIL_RadioTechnology = 3
D/RILC    (  101): [0053]< VOICE_REGISTRATION_STATE {1,2261,4cd0a10,3}
D/RIL     (  101): dlc[5] lge-ril: requestInterface(VOICE_REGISTRATION_STATE) invoking *requestFunction(req:20, data: 0x00000000, len:0)...DONE
D/RIL     (  101): dlc[5] lge-ril: requestInterface(QUERY_NETWORK_SELECTION_MODE) invoking *requestFunction(req:45, data:00000000, len:0)...
D/AT      (  101): AT[5]> AT+COPS?
D/AT      (  101): dlc[5] atchannel: writeline() written:10, errno:"Success"
E/RILJ    (  693): Exception processing unsol response: 1080Exception:java.lang.RuntimeException: Unrecognized unsol response: 1080
D/RILJ    (  693): [0053]< VOICE_REGISTRATION_STATE {1, 2261, 4cd0a10, 3}
D/AT      (  101): dlc[5] atchannel: readline() count:39. Read string - "
D/AT      (  101): +COPS: 0,2,"00340035003000300035",2
D/AT      (  101): "
D/AT      (  101): AT[5]< +COPS: 0,2,"00340035003000300035",2
D/AT      (  101): dlc[5] atchannel: readline() count:6. Read string - "
D/AT      (  101): OK
D/AT      (  101): "
D/AT      (  101): AT[5]< OK
D/AT      (  101): dlc[5] atchannel: at_send_command_full_nolock() tid:20678472, waiting(180000 msec) for signal...DONE
D/AT      (  101): dlc[5] atchannel: at_send_command_full_nolock() end, err:0
D/AT      (  101): dlc[5] atchannel: at_send_command_full() s_commandmutex[5] UNLOCKED, tid:20678472, err - 0
D/RILC    (  101): [0054]< QUERY_NETWORK_SELECTION_MODE {0}
D/RIL     (  101): dlc[5] lge-ril: requestInterface(QUERY_NETWORK_SELECTION_MODE) invoking *requestFunction(req:45, data: 0x00000000, len:0)...DONE
D/RIL     (  101): dlc[5] lge-ril: requestInterface(OPERATOR) invoking *requestFunction(req:22, data:00000000, len:0)...
D/AT      (  101): AT[5]> AT+COPS=3,0;+COPS?;+COPS=3,1;+COPS?;+COPS=3,2;+COPS?
D/AT      (  101): dlc[5] atchannel: writeline() written:54, errno:"Success"
D/RILJ    (  693): [0054]< QUERY_NETWORK_SELECTION_MODE {0}
D/AT      (  101): dlc[5] atchannel: readline() count:55. Read string - "
D/AT      (  101): +COPS: 0,0,"0053004B00540065006C00650063006F006D",2
D/AT      (  101): "
D/AT      (  101): AT[5]< +COPS: 0,0,"0053004B00540065006C00650063006F006D",2
D/AT      (  101): dlc[5] atchannel: readline() count:55. Read string - "
D/AT      (  101): +COPS: 0,1,"0053004B00540065006C00650063006F006D",2
D/AT      (  101): "
D/AT      (  101): AT[5]< +COPS: 0,1,"0053004B00540065006C00650063006F006D",2
D/AT      (  101): dlc[5] atchannel: readline() count:45. Read string - "
D/AT      (  101): +COPS: 0,2,"00340035003000300035",2
D/AT      (  101): 
D/AT      (  101): OK
D/AT      (  101): "
D/AT      (  101): AT[5]< +COPS: 0,2,"00340035003000300035",2
D/AT      (  101): AT[5]< OK
D/AT      (  101): dlc[5] atchannel: at_send_command_full_nolock() tid:20678472, waiting(10000 msec) for signal...DONE
D/AT      (  101): dlc[5] atchannel: at_send_command_full_nolock() end, err:0
D/AT      (  101): dlc[5] atchannel: at_send_command_full() s_commandmutex[5] UNLOCKED, tid:20678472, err - 0
D/AT      (  101): AT[5]> AT+XCOPS=6
D/AT      (  101): dlc[5] atchannel: writeline() written:12, errno:"Success"
D/AT      (  101): dlc[5] atchannel: readline() count:52. Read string - "
D/AT      (  101): +XCOPS: 6,"0053004B00540065006C00650063006F006D"
D/AT      (  101): "
D/AT      (  101): AT[5]< +XCOPS: 6,"0053004B00540065006C00650063006F006D"
D/AT      (  101): dlc[5] atchannel: readline() count:6. Read string - "
D/AT      (  101): OK
D/AT      (  101): "
D/AT      (  101): AT[5]< OK
D/AT      (  101): dlc[5] atchannel: at_send_command_full_nolock() tid:20678472, waiting(5000 msec) for signal...DONE
D/AT      (  101): dlc[5] atchannel: at_send_command_full_nolock() end, err:0
D/AT      (  101): dlc[5] atchannel: at_send_command_full() s_commandmutex[5] UNLOCKED, tid:20678472, err - 0
D/RIL     (  101): unsolicitedLgeNetworkError(): networkError 0
D/AT      (  101): AT[5]> AT+XCOPS=5
D/AT      (  101): dlc[5] atchannel: writeline() written:12, errno:"Success"
D/AT      (  101): dlc[5] atchannel: readline() count:52. Read string - "
D/AT      (  101): +XCOPS: 5,"0053004B00540065006C00650063006F006D"
D/AT      (  101): "
D/AT      (  101): AT[5]< +XCOPS: 5,"0053004B00540065006C00650063006F006D"
D/AT      (  101): dlc[5] atchannel: readline() count:6. Read string - "
D/AT      (  101): OK
D/AT      (  101): "
D/AT      (  101): AT[5]< OK
D/AT      (  101): dlc[5] atchannel: at_send_command_full_nolock() tid:20678472, waiting(5000 msec) for signal...DONE
D/AT      (  101): dlc[5] atchannel: at_send_command_full_nolock() end, err:0
D/AT      (  101): dlc[5] atchannel: at_send_command_full() s_commandmutex[5] UNLOCKED, tid:20678472, err - 0
D/RIL     (  101): unsolicitedLgeNetworkError(): networkError 0
D/RILC    (  101): [0055]< OPERATOR {SKTelecom,SKTelecom,45005}
D/RIL     (  101): dlc[5] lge-ril: requestInterface(OPERATOR) invoking *requestFunction(req:22, data: 0x00000000, len:0)...DONE
D/RIL     (  101): dlc[5] lge-ril: requestInterface(DATA_REGISTRATION_STATE) invoking *requestFunction(req:21, data:00000000, len:0)...
D/AT      (  101): AT[5]> AT+CGREG?
D/AT      (  101): dlc[5] atchannel: writeline() written:11, errno:"Success"
D/RILJ    (  693): [0055]< OPERATOR {SKTelecom, SKTelecom, 45005}
D/AT      (  101): dlc[5] atchannel: readline() count:34. Read string - "
D/AT      (  101): +CGREG: 2,1,"2261","4cd0a10",2
D/AT      (  101): "
D/AT      (  101): AT[5]< +CGREG: 2,1,"2261","4cd0a10",2
D/AT      (  101): dlc[5] atchannel: readline() count:6. Read string - "
D/AT      (  101): OK
D/AT      (  101): "
D/AT      (  101): AT[5]< OK
D/AT      (  101): dlc[5] atchannel: at_send_command_full_nolock() tid:20678472, waiting(6000 msec) for signal...DONE
D/AT      (  101): dlc[5] atchannel: at_send_command_full_nolock() end, err:0
D/AT      (  101): dlc[5] atchannel: at_send_command_full() s_commandmutex[5] UNLOCKED, tid:20678472, err - 0
D/RILC    (  101): [0056]< DATA_REGISTRATION_STATE {1,8801,80546320,3}
D/RIL     (  101): dlc[5] lge-ril: requestInterface(DATA_REGISTRATION_STATE) invoking *requestFunction(req:21, data: 0x00000000, len:0)...DONE
D/RIL     (  101): dlc[5] lge-ril: requestInterface(VOICE_REGISTRATION_STATE) invoking *requestFunction(req:20, data:00000000, len:0)...
D/AT      (  101): AT[5]> AT+CREG?
D/AT      (  101): dlc[5] atchannel: writeline() written:10, errno:"Success"
D/RILJ    (  693): [0056]< DATA_REGISTRATION_STATE {1, 8801, 80546320, 3}
D/AT      (  101): dlc[5] atchannel: readline() count:33. Read string - "
D/AT      (  101): +CREG: 2,1,"2261","4cd0a10",2
D/AT      (  101): "
D/AT      (  101): AT[5]< +CREG: 2,1,"2261","4cd0a10",2
D/AT      (  101): dlc[5] atchannel: readline() count:6. Read string - "
D/AT      (  101): OK
D/AT      (  101): "
D/AT      (  101): AT[5]< OK
D/AT      (  101): dlc[5] atchannel: at_send_command_full_nolock() tid:20678472, waiting(6000 msec) for signal...DONE
D/AT      (  101): dlc[5] atchannel: at_send_command_full_nolock() end, err:0
D/AT      (  101): dlc[5] atchannel: at_send_command_full() s_commandmutex[5] UNLOCKED, tid:20678472, err - 0
D/RIL     (  101): unsolicitedLgeNetworkError(): networkError 0
D/RIL     (  101): requestVoiceRegistrationState(): err = 0, <n> = 2
D/RIL     (  101): requestVoiceRegistrationState(): err = 0, <stat> = 1
D/RIL     (  101): requestVoiceRegistrationState(): err = 0, <lac> = 2261
D/RIL     (  101): requestVoiceRegistrationState: err = 0, <ci> = 4cd0a10
D/RIL     (  101): requestVoiceRegistrationState(): err = 0, <AcT> = 2
D/RIL     (  101): requestVoiceRegistrationState(): RIL_RadioTechnology = 3
D/RILC    (  101): [0057]< VOICE_REGISTRATION_STATE {1,2261,4cd0a10,3}
D/RIL     (  101): dlc[5] lge-ril: requestInterface(VOICE_REGISTRATION_STATE) invoking *requestFunction(req:20, data: 0x00000000, len:0)...DONE
D/RIL     (  101): dlc[5] lge-ril: requestInterface(QUERY_NETWORK_SELECTION_MODE) invoking *requestFunction(req:45, data:00000000, len:0)...
D/AT      (  101): AT[5]> AT+COPS?
D/AT      (  101): dlc[5] atchannel: writeline() written:10, errno:"Success"
D/RILJ    (  693): [0057]< VOICE_REGISTRATION_STATE {1, 2261, 4cd0a10, 3}
D/AT      (  101): dlc[5] atchannel: readline() count:39. Read string - "
D/AT      (  101): +COPS: 0,2,"00340035003000300035",2
D/AT      (  101): "
D/AT      (  101): AT[5]< +COPS: 0,2,"00340035003000300035",2
D/AT      (  101): dlc[5] atchannel: readline() count:6. Read string - "
D/AT      (  101): OK
D/AT      (  101): "
D/AT      (  101): AT[5]< OK
D/AT      (  101): dlc[5] atchannel: at_send_command_full_nolock() tid:20678472, waiting(180000 msec) for signal...DONE
D/AT      (  101): dlc[5] atchannel: at_send_command_full_nolock() end, err:0
D/AT      (  101): dlc[5] atchannel: at_send_command_full() s_commandmutex[5] UNLOCKED, tid:20678472, err - 0
D/RILC    (  101): [0058]< QUERY_NETWORK_SELECTION_MODE {0}
D/RIL     (  101): dlc[5] lge-ril: requestInterface(QUERY_NETWORK_SELECTION_MODE) invoking *requestFunction(req:45, data: 0x00000000, len:0)...DONE
D/RIL     (  101): dlc[5] lge-ril: requestInterface(OPERATOR) invoking *requestFunction(req:22, data:00000000, len:0)...
D/AT      (  101): AT[5]> AT+COPS=3,0;+COPS?;+COPS=3,1;+COPS?;+COPS=3,2;+COPS?
D/AT      (  101): dlc[5] atchannel: writeline() written:54, errno:"Success"
D/RILJ    (  693): [0058]< QUERY_NETWORK_SELECTION_MODE {0}
D/AT      (  101): dlc[5] atchannel: readline() count:55. Read string - "
D/AT      (  101): +COPS: 0,0,"0053004B00540065006C00650063006F006D",2
D/AT      (  101): "
D/AT      (  101): AT[5]< +COPS: 0,0,"0053004B00540065006C00650063006F006D",2
D/AT      (  101): dlc[5] atchannel: readline() count:55. Read string - "
D/AT      (  101): +COPS: 0,1,"0053004B00540065006C00650063006F006D",2
D/AT      (  101): "
D/AT      (  101): AT[5]< +COPS: 0,1,"0053004B00540065006C00650063006F006D",2
D/AT      (  101): dlc[5] atchannel: readline() count:45. Read string - "
D/AT      (  101): +COPS: 0,2,"00340035003000300035",2
D/AT      (  101): 
D/AT      (  101): OK
D/AT      (  101): "
D/AT      (  101): AT[5]< +COPS: 0,2,"00340035003000300035",2
D/AT      (  101): AT[5]< OK
D/AT      (  101): dlc[5] atchannel: at_send_command_full_nolock() tid:20678472, waiting(10000 msec) for signal...DONE
D/AT      (  101): dlc[5] atchannel: at_send_command_full_nolock() end, err:0
D/AT      (  101): dlc[5] atchannel: at_send_command_full() s_commandmutex[5] UNLOCKED, tid:20678472, err - 0
D/AT      (  101): AT[5]> AT+XCOPS=6
D/AT      (  101): dlc[5] atchannel: writeline() written:12, errno:"Success"
D/AT      (  101): dlc[5] atchannel: readline() count:52. Read string - "
D/AT      (  101): +XCOPS: 6,"0053004B00540065006C00650063006F006D"
D/AT      (  101): "
D/AT      (  101): AT[5]< +XCOPS: 6,"0053004B00540065006C00650063006F006D"
D/AT      (  101): dlc[5] atchannel: readline() count:6. Read string - "
D/AT      (  101): OK
D/AT      (  101): "
D/AT      (  101): AT[5]< OK
D/AT      (  101): dlc[5] atchannel: at_send_command_full_nolock() tid:20678472, waiting(5000 msec) for signal...DONE
D/AT      (  101): dlc[5] atchannel: at_send_command_full_nolock() end, err:0
D/AT      (  101): dlc[5] atchannel: at_send_command_full() s_commandmutex[5] UNLOCKED, tid:20678472, err - 0
D/RIL     (  101): unsolicitedLgeNetworkError(): networkError 0
D/AT      (  101): AT[5]> AT+XCOPS=5
D/AT      (  101): dlc[5] atchannel: writeline() written:12, errno:"Success"
D/AT      (  101): dlc[5] atchannel: readline() count:52. Read string - "
D/AT      (  101): +XCOPS: 5,"0053004B00540065006C00650063006F006D"
D/AT      (  101): "
D/AT      (  101): AT[5]< +XCOPS: 5,"0053004B00540065006C00650063006F006D"
D/AT      (  101): dlc[5] atchannel: readline() count:6. Read string - "
D/AT      (  101): OK
D/AT      (  101): "
D/AT      (  101): AT[5]< OK
D/AT      (  101): dlc[5] atchannel: at_send_command_full_nolock() tid:20678472, waiting(5000 msec) for signal...DONE
D/AT      (  101): dlc[5] atchannel: at_send_command_full_nolock() end, err:0
D/AT      (  101): dlc[5] atchannel: at_send_command_full() s_commandmutex[5] UNLOCKED, tid:20678472, err - 0
D/RIL     (  101): unsolicitedLgeNetworkError(): networkError 0
D/RILC    (  101): [0059]< OPERATOR {SKTelecom,SKTelecom,45005}
D/RIL     (  101): dlc[5] lge-ril: requestInterface(OPERATOR) invoking *requestFunction(req:22, data: 0x00000000, len:0)...DONE
D/RIL     (  101): dlc[5] lge-ril: requestInterface(DATA_REGISTRATION_STATE) invoking *requestFunction(req:21, data:00000000, len:0)...
D/AT      (  101): AT[5]> AT+CGREG?
D/AT      (  101): dlc[5] atchannel: writeline() written:11, errno:"Success"
D/RILJ    (  693): [0059]< OPERATOR {SKTelecom, SKTelecom, 45005}
D/AT      (  101): dlc[5] atchannel: readline() count:34. Read string - "
D/AT      (  101): +CGREG: 2,1,"2261","4cd0a10",2
D/AT      (  101): "
D/AT      (  101): AT[5]< +CGREG: 2,1,"2261","4cd0a10",2
D/AT      (  101): dlc[5] atchannel: readline() count:6. Read string - "
D/AT      (  101): OK
D/AT      (  101): "
D/AT      (  101): AT[5]< OK
D/AT      (  101): dlc[5] atchannel: at_send_command_full_nolock() tid:20678472, waiting(6000 msec) for signal...DONE
D/AT      (  101): dlc[5] atchannel: at_send_command_full_nolock() end, err:0
D/AT      (  101): dlc[5] atchannel: at_send_command_full() s_commandmutex[5] UNLOCKED, tid:20678472, err - 0
D/RILC    (  101): [0060]< DATA_REGISTRATION_STATE {1,8801,80546320,3}
D/RIL     (  101): dlc[5] lge-ril: requestInterface(DATA_REGISTRATION_STATE) invoking *requestFunction(req:21, data: 0x00000000, len:0)...DONE
D/RIL     (  101): dlc[5] lge-ril: requestInterface(VOICE_REGISTRATION_STATE) invoking *requestFunction(req:20, data:00000000, len:0)...
D/AT      (  101): AT[5]> AT+CREG?
D/AT      (  101): dlc[5] atchannel: writeline() written:10, errno:"Success"
D/RILJ    (  693): [0060]< DATA_REGISTRATION_STATE {1, 8801, 80546320, 3}
D/AT      (  101): dlc[5] atchannel: readline() count:33. Read string - "
D/AT      (  101): +CREG: 2,1,"2261","4cd0a10",2
D/AT      (  101): "
D/AT      (  101): AT[5]< +CREG: 2,1,"2261","4cd0a10",2
D/AT      (  101): dlc[5] atchannel: readline() count:6. Read string - "
D/AT      (  101): OK
D/AT      (  101): "
D/AT      (  101): AT[5]< OK
D/AT      (  101): dlc[5] atchannel: at_send_command_full_nolock() tid:20678472, waiting(6000 msec) for signal...DONE
D/AT      (  101): dlc[5] atchannel: at_send_command_full_nolock() end, err:0
D/AT      (  101): dlc[5] atchannel: at_send_command_full() s_commandmutex[5] UNLOCKED, tid:20678472, err - 0
D/RIL     (  101): unsolicitedLgeNetworkError(): networkError 0
D/RIL     (  101): requestVoiceRegistrationState(): err = 0, <n> = 2
D/RIL     (  101): requestVoiceRegistrationState(): err = 0, <stat> = 1
D/RIL     (  101): requestVoiceRegistrationState(): err = 0, <lac> = 2261
D/RIL     (  101): requestVoiceRegistrationState: err = 0, <ci> = 4cd0a10
D/RIL     (  101): requestVoiceRegistrationState(): err = 0, <AcT> = 2
D/RIL     (  101): requestVoiceRegistrationState(): RIL_RadioTechnology = 3
D/RILC    (  101): [0061]< VOICE_REGISTRATION_STATE {1,2261,4cd0a10,3}
D/RIL     (  101): dlc[5] lge-ril: requestInterface(VOICE_REGISTRATION_STATE) invoking *requestFunction(req:20, data: 0x00000000, len:0)...DONE
D/RIL     (  101): dlc[5] lge-ril: requestInterface(QUERY_NETWORK_SELECTION_MODE) invoking *requestFunction(req:45, data:00000000, len:0)...
D/AT      (  101): AT[5]> AT+COPS?
D/AT      (  101): dlc[5] atchannel: writeline() written:10, errno:"Success"
D/RILJ    (  693): [0061]< VOICE_REGISTRATION_STATE {1, 2261, 4cd0a10, 3}
D/AT      (  101): dlc[5] atchannel: readline() count:39. Read string - "
D/AT      (  101): +COPS: 0,2,"00340035003000300035",2
D/AT      (  101): "
D/AT      (  101): AT[5]< +COPS: 0,2,"00340035003000300035",2
D/AT      (  101): dlc[5] atchannel: readline() count:6. Read string - "
D/AT      (  101): OK
D/AT      (  101): "
D/AT      (  101): AT[5]< OK
D/AT      (  101): dlc[5] atchannel: at_send_command_full_nolock() tid:20678472, waiting(180000 msec) for signal...DONE
D/AT      (  101): dlc[5] atchannel: at_send_command_full_nolock() end, err:0
D/AT      (  101): dlc[5] atchannel: at_send_command_full() s_commandmutex[5] UNLOCKED, tid:20678472, err - 0
D/RILC    (  101): [0062]< QUERY_NETWORK_SELECTION_MODE {0}
D/RIL     (  101): dlc[5] lge-ril: requestInterface(QUERY_NETWORK_SELECTION_MODE) invoking *requestFunction(req:45, data: 0x00000000, len:0)...DONE
D/RIL     (  101): dlc[5] lge-ril: requestInterface(OPERATOR) invoking *requestFunction(req:22, data:00000000, len:0)...
D/AT      (  101): AT[5]> AT+COPS=3,0;+COPS?;+COPS=3,1;+COPS?;+COPS=3,2;+COPS?
D/AT      (  101): dlc[5] atchannel: writeline() written:54, errno:"Success"
D/RILJ    (  693): [0062]< QUERY_NETWORK_SELECTION_MODE {0}
D/AT      (  101): dlc[5] atchannel: readline() count:55. Read string - "
D/AT      (  101): +COPS: 0,0,"0053004B00540065006C00650063006F006D",2
D/AT      (  101): "
D/AT      (  101): AT[5]< +COPS: 0,0,"0053004B00540065006C00650063006F006D",2
D/AT      (  101): dlc[5] atchannel: readline() count:55. Read string - "
D/AT      (  101): +COPS: 0,1,"0053004B00540065006C00650063006F006D",2
D/AT      (  101): "
D/AT      (  101): AT[5]< +COPS: 0,1,"0053004B00540065006C00650063006F006D",2
D/AT      (  101): dlc[5] atchannel: readline() count:45. Read string - "
D/AT      (  101): +COPS: 0,2,"00340035003000300035",2
D/AT      (  101): 
D/AT      (  101): OK
D/AT      (  101): "
D/AT      (  101): AT[5]< +COPS: 0,2,"00340035003000300035",2
D/AT      (  101): AT[5]< OK
D/AT      (  101): dlc[5] atchannel: at_send_command_full_nolock() tid:20678472, waiting(10000 msec) for signal...DONE
D/AT      (  101): dlc[5] atchannel: at_send_command_full_nolock() end, err:0
D/AT      (  101): dlc[5] atchannel: at_send_command_full() s_commandmutex[5] UNLOCKED, tid:20678472, err - 0
D/AT      (  101): AT[5]> AT+XCOPS=6
D/AT      (  101): dlc[5] atchannel: writeline() written:12, errno:"Success"
D/AT      (  101): dlc[5] atchannel: readline() count:52. Read string - "
D/AT      (  101): +XCOPS: 6,"0053004B00540065006C00650063006F006D"
D/AT      (  101): "
D/AT      (  101): AT[5]< +XCOPS: 6,"0053004B00540065006C00650063006F006D"
D/AT      (  101): dlc[5] atchannel: readline() count:6. Read string - "
D/AT      (  101): OK
D/AT      (  101): "
D/AT      (  101): AT[5]< OK
D/AT      (  101): dlc[5] atchannel: at_send_command_full_nolock() tid:20678472, waiting(5000 msec) for signal...DONE
D/AT      (  101): dlc[5] atchannel: at_send_command_full_nolock() end, err:0
D/AT      (  101): dlc[5] atchannel: at_send_command_full() s_commandmutex[5] UNLOCKED, tid:20678472, err - 0
D/RIL     (  101): unsolicitedLgeNetworkError(): networkError 0
D/AT      (  101): AT[5]> AT+XCOPS=5
D/AT      (  101): dlc[5] atchannel: writeline() written:12, errno:"Success"
D/AT      (  101): dlc[5] atchannel: readline() count:52. Read string - "
D/AT      (  101): +XCOPS: 5,"0053004B00540065006C00650063006F006D"
D/AT      (  101): "
D/AT      (  101): AT[5]< +XCOPS: 5,"0053004B00540065006C00650063006F006D"
D/AT      (  101): dlc[5] atchannel: readline() count:6. Read string - "
D/AT      (  101): OK
D/AT      (  101): "
D/AT      (  101): AT[5]< OK
D/AT      (  101): dlc[5] atchannel: at_send_command_full_nolock() tid:20678472, waiting(5000 msec) for signal...DONE
D/AT      (  101): dlc[5] atchannel: at_send_command_full_nolock() end, err:0
D/AT      (  101): dlc[5] atchannel: at_send_command_full() s_commandmutex[5] UNLOCKED, tid:20678472, err - 0
D/RIL     (  101): unsolicitedLgeNetworkError(): networkError 0
D/RILC    (  101): [0063]< OPERATOR {SKTelecom,SKTelecom,45005}
D/RIL     (  101): dlc[5] lge-ril: requestInterface(OPERATOR) invoking *requestFunction(req:22, data: 0x00000000, len:0)...DONE
D/RIL     (  101): dlc[5] lge-ril: requestInterface(DATA_REGISTRATION_STATE) invoking *requestFunction(req:21, data:00000000, len:0)...
D/AT      (  101): AT[5]> AT+CGREG?
D/AT      (  101): dlc[5] atchannel: writeline() written:11, errno:"Success"
D/RILJ    (  693): [0063]< OPERATOR {SKTelecom, SKTelecom, 45005}
D/AT      (  101): dlc[5] atchannel: readline() count:34. Read string - "
D/AT      (  101): +CGREG: 2,1,"2261","4cd0a10",2
D/AT      (  101): "
D/AT      (  101): AT[5]< +CGREG: 2,1,"2261","4cd0a10",2
D/AT      (  101): dlc[5] atchannel: readline() count:6. Read string - "
D/AT      (  101): OK
D/AT      (  101): "
D/AT      (  101): AT[5]< OK
D/AT      (  101): dlc[5] atchannel: at_send_command_full_nolock() tid:20678472, waiting(6000 msec) for signal...DONE
D/AT      (  101): dlc[5] atchannel: at_send_command_full_nolock() end, err:0
D/AT      (  101): dlc[5] atchannel: at_send_command_full() s_commandmutex[5] UNLOCKED, tid:20678472, err - 0
D/RILC    (  101): [0064]< DATA_REGISTRATION_STATE {1,8801,80546320,3}
D/RIL     (  101): dlc[5] lge-ril: requestInterface(DATA_REGISTRATION_STATE) invoking *requestFunction(req:21, data: 0x00000000, len:0)...DONE
D/RIL     (  101): dlc[5] lge-ril: requestInterface(VOICE_REGISTRATION_STATE) invoking *requestFunction(req:20, data:00000000, len:0)...
D/AT      (  101): AT[5]> AT+CREG?
D/AT      (  101): dlc[5] atchannel: writeline() written:10, errno:"Success"
D/RILJ    (  693): [0064]< DATA_REGISTRATION_STATE {1, 8801, 80546320, 3}
D/AT      (  101): dlc[5] atchannel: readline() count:33. Read string - "
D/AT      (  101): +CREG: 2,1,"2261","4cd0a10",2
D/AT      (  101): "
D/AT      (  101): AT[5]< +CREG: 2,1,"2261","4cd0a10",2
D/AT      (  101): dlc[5] atchannel: readline() count:6. Read string - "
D/AT      (  101): OK
D/AT      (  101): "
D/AT      (  101): AT[5]< OK
D/AT      (  101): dlc[5] atchannel: at_send_command_full_nolock() tid:20678472, waiting(6000 msec) for signal...DONE
D/AT      (  101): dlc[5] atchannel: at_send_command_full_nolock() end, err:0
D/AT      (  101): dlc[5] atchannel: at_send_command_full() s_commandmutex[5] UNLOCKED, tid:20678472, err - 0
D/RIL     (  101): unsolicitedLgeNetworkError(): networkError 0
D/RIL     (  101): requestVoiceRegistrationState(): err = 0, <n> = 2
D/RIL     (  101): requestVoiceRegistrationState(): err = 0, <stat> = 1
D/RIL     (  101): requestVoiceRegistrationState(): err = 0, <lac> = 2261
D/RIL     (  101): requestVoiceRegistrationState: err = 0, <ci> = 4cd0a10
D/RIL     (  101): requestVoiceRegistrationState(): err = 0, <AcT> = 2
D/RIL     (  101): requestVoiceRegistrationState(): RIL_RadioTechnology = 3
D/RILC    (  101): [0065]< VOICE_REGISTRATION_STATE {1,2261,4cd0a10,3}
D/RIL     (  101): dlc[5] lge-ril: requestInterface(VOICE_REGISTRATION_STATE) invoking *requestFunction(req:20, data: 0x00000000, len:0)...DONE
D/RIL     (  101): dlc[5] lge-ril: requestInterface(QUERY_NETWORK_SELECTION_MODE) invoking *requestFunction(req:45, data:00000000, len:0)...
D/AT      (  101): AT[5]> AT+COPS?
D/AT      (  101): dlc[5] atchannel: writeline() written:10, errno:"Success"
D/RILJ    (  693): [0065]< VOICE_REGISTRATION_STATE {1, 2261, 4cd0a10, 3}
D/AT      (  101): dlc[5] atchannel: readline() count:39. Read string - "
D/AT      (  101): +COPS: 0,2,"00340035003000300035",2
D/AT      (  101): "
D/AT      (  101): AT[5]< +COPS: 0,2,"00340035003000300035",2
D/AT      (  101): dlc[5] atchannel: readline() count:6. Read string - "
D/AT      (  101): OK
D/AT      (  101): "
D/AT      (  101): AT[5]< OK
D/AT      (  101): dlc[5] atchannel: at_send_command_full_nolock() tid:20678472, waiting(180000 msec) for signal...DONE
D/AT      (  101): dlc[5] atchannel: at_send_command_full_nolock() end, err:0
D/AT      (  101): dlc[5] atchannel: at_send_command_full() s_commandmutex[5] UNLOCKED, tid:20678472, err - 0
D/RILC    (  101): [0066]< QUERY_NETWORK_SELECTION_MODE {0}
D/RIL     (  101): dlc[5] lge-ril: requestInterface(QUERY_NETWORK_SELECTION_MODE) invoking *requestFunction(req:45, data: 0x00000000, len:0)...DONE
D/RILJ    (  693): [0066]< QUERY_NETWORK_SELECTION_MODE {0}
D/GSM     (  693): [GsmSST] Poll ServiceState done:  oldSS=[1 home null null null  Unknown CSS not supported -1 -1 RoamInd=-1 DefRoamInd=-1 EmergOnly=false] newSS=[0 home SKTelecom SKTelecom 45005  UMTS CSS not supported -1 -1 RoamInd=-1 DefRoamInd=-1 EmergOnly=false] oldGprs=1 newData=0 oldMaxDataCalls=1 mNewMaxDataCalls=1 oldReasonDataDenied=-1 mNewReasonDataDenied=-1 oldType=Unknown newType=UMTS
D/GSM     (  693): [GsmSST] RAT switched Unknown -> UMTS at cell 80546320
D/GSM     (  693): [GsmSST] pollStateDone: registering current mNitzUpdatedTime=true changing to false
D/GSM     (  693): [GsmSST] updateSpnDisplay: changed sending intent rule=2 showPlmn='true' plmn='SKTelecom' showSpn='false' spn='null'
D/GSM     (  693): [GsmSST] pollStateDone: no nitz but one TZ for iso-cc=kr with zone.getID=Asia/Seoul testOneUniqueOffsetPath=false
D/GSM     (  693): [GsmSST] setAndBroadcastNetworkSetTimeZone: setTimeZone=Asia/Seoul
D/GSM     (  693): [GsmSST] setAndBroadcastNetworkSetTimeZone: call alarm.setTimeZone and broadcast zoneId=Asia/Seoul
D/GSM     (  693): [GsmSST] shouldFixTimeZoneNow: retVal=true iccCard=com.android.internal.telephony.IccCard@410c2d10 iccCard.state=READY iccCardExist=true operatorNumeric=45005 mcc=450 prevOperatorNumeric= prevMcc=451 needToFixTimeZone=true ltod=11-02 04:34:48.196
D/GSM     (  693): [GsmSST] pollStateDone: fix time zone zoneName='Asia/Seoul' mZoneOffset=32400000 mZoneDst=false iso-cc='kr' iso-cc-idx=-13
D/GSM     (  693): [GsmSST] pollStateDone: using getTimeZone(off, dst, time, iso)
D/GSM     (  693): [GsmSST] pollStateDone: zone != null zone.getID=Asia/Seoul
D/GSM     (  693): [GsmSST] setAndBroadcastNetworkSetTimeZone: setTimeZone=Asia/Seoul
D/GSM     (  693): [GsmSST] setAndBroadcastNetworkSetTimeZone: call alarm.setTimeZone and broadcast zoneId=Asia/Seoul
D/GSM     (  693): [GsmDCT] get all active apn types
D/GSM     (  693): [GsmDCT] isDataPossible(default): possible=true isDataAllowed=true apnTypePossible=true apnContextisEnabled=true apnContextState()=IDLE
D/GSM     (  693): [GsmDCT] get active apn string for type:default
D/GSM     (  693): [GsmDCT] handleMessage msg={ what=270352 when=-4ms obj=android.os.AsyncResult@4128e678 }
D/GSM     (  693): [GsmDCT] onDataConnectionAttached
D/GSM     (  693): [GsmDCT] overall state is IDLE
D/GSM     (  693): [GsmDCT] notifyOffApnOfAvailability type:fota
D/GSM     (  693): [GsmDCT] isDataPossible(fota): possible=true isDataAllowed=true apnTypePossible=true apnContextisEnabled=false apnContextState()=IDLE
D/GSM     (  693): [GsmDCT] get active apn string for type:fota
D/GSM     (  693): [GsmDCT] notifyOffApnOfAvailability type:dun
D/GSM     (  693): [GsmDCT] isDataPossible(dun): possible=true isDataAllowed=true apnTypePossible=true apnContextisEnabled=false apnContextState()=IDLE
D/GSM     (  693): [GsmDCT] get active apn string for type:dun
D/GSM     (  693): [GsmDCT] notifyOffApnOfAvailability type:supl
D/GSM     (  693): [GsmDCT] isDataPossible(supl): possible=true isDataAllowed=true apnTypePossible=true apnContextisEnabled=false apnContextState()=IDLE
D/GSM     (  693): [GsmDCT] get active apn string for type:supl
D/GSM     (  693): [GsmDCT] notifyOffApnOfAvailability type:hipri
D/GSM     (  693): [GsmDCT] isDataPossible(hipri): possible=true isDataAllowed=true apnTypePossible=true apnContextisEnabled=false apnContextState()=IDLE
D/GSM     (  693): [GsmDCT] get active apn string for type:hipri
D/GSM     (  693): [GsmDCT] notifyOffApnOfAvailability type:ims
D/GSM     (  693): [GsmDCT] isDataPossible(ims): possible=true isDataAllowed=true apnTypePossible=true apnContextisEnabled=false apnContextState()=IDLE
D/GSM     (  693): [GsmDCT] get active apn string for type:ims
D/GSM     (  693): [GsmDCT] notifyOffApnsOfAvailability skipped apn due to isReady==false: {mApnType=default mState=IDLE mWaitingApns=null mWaitingApnsPermanentFailureCountDown=0 mApnSetting=null mDataConnectionAc=null mReason=simLoaded mRetryCount=0 mDataEnabled=true mDependencyMet=true}
D/GSM     (  693): [GsmDCT] notifyOffApnOfAvailability type:mms
D/GSM     (  693): [GsmDCT] isDataPossible(mms): possible=true isDataAllowed=true apnTypePossible=true apnContextisEnabled=false apnContextState()=IDLE
D/GSM     (  693): [GsmDCT] get active apn string for type:mms
D/GSM     (  693): [GsmDCT] notifyOffApnOfAvailability type:cbs
D/GSM     (  693): [GsmDCT] isDataPossible(cbs): possible=true isDataAllowed=true apnTypePossible=true apnContextisEnabled=false apnContextState()=IDLE
D/GSM     (  693): [GsmDCT] get active apn string for type:cbs
D/GSM     (  693): [ApnContext:fota] setRetryCount: 0
D/GSM     (  693): [ApnContext:dun] setRetryCount: 0
D/GSM     (  693): [ApnContext:supl] setRetryCount: 0
D/GSM     (  693): [ApnContext:hipri] setRetryCount: 0
D/GSM     (  693): [ApnContext:ims] setRetryCount: 0
D/GSM     (  693): [ApnContext:default] setRetryCount: 0
D/GSM     (  693): [ApnContext:mms] setRetryCount: 0
D/GSM     (  693): [ApnContext:cbs] setRetryCount: 0
D/GSM     (  693): [ApnContext:default] set reason as dataAttached,current state IDLE
D/GSM     (  693): [GsmDCT] trySetupData for type:default due to dataAttached
D/GSM     (  693): [GsmDCT] trySetupData with mIsPsRestricted=false
D/GSM     (  693): [GsmDCT] isEmergency: result=false
D/GSM     (  693): [GsmDCT] buildWaitingApns: Preferred APN:45005:45005:[ApnSettingV2] SKT3G, 1028, 45005, web.sktelecom.com, null, http://omms.nate.com:9082/oma_mms, smart.nate.com, 9093, null, -1, default | supl | mms, IP, IP, true, 0
D/GSM     (  693): [GsmDCT] buildWaitingApns: X added preferred apnList=[[ApnSettingV2] SKT3G, 1028, 45005, web.sktelecom.com, null, http://omms.nate.com:9082/oma_mms, smart.nate.com, 9093, null, -1, default | supl | mms, IP, IP, true, 0]
D/GSM     (  693): [GsmDCT] trySetupData: Create from mAllApns : [[ApnSettingV2] SKT3G, 1028, 45005, web.sktelecom.com, null, http://omms.nate.com:9082/oma_mms, smart.nate.com, 9093, null, -1, default | supl | mms, IP, IP, true, 0][[ApnSettingV2] SK Telecom (Roaming), 1029, 45005, roaming.sktelecom.com, null, vmms.nate.com, null, 8082, null, -1, default | supl | mms, IP, IP, true, 0]
D/GSM     (  693): [GsmDCT] Setup watingApns : [[ApnSettingV2] SKT3G, 1028, 45005, web.sktelecom.com, null, http://omms.nate.com:9082/oma_mms, smart.nate.com, 9093, null, -1, default | supl | mms, IP, IP, true, 0]
D/GSM     (  693): [GsmDCT] setupData: apnContext={mApnType=default mState=IDLE mWaitingApns=[[ApnSettingV2] SKT3G, 1028, 45005, web.sktelecom.com, null, http://omms.nate.com:9082/oma_mms, smart.nate.com, 9093, null, -1, default | supl | mms, IP, IP, true, 0] mWaitingApnsPermanentFailureCountDown=1 mApnSetting=null mDataConnectionAc=null mReason=dataAttached mRetryCount=0 mDataEnabled=true mDependencyMet=true}
D/GSM     (  693): [GsmDCT] checkForConnectionForApnContext: apnContext={mApnType=default mState=IDLE mWaitingApns=[[ApnSettingV2] SKT3G, 1028, 45005, web.sktelecom.com, null, http://omms.nate.com:9082/oma_mms, smart.nate.com, 9093, null, -1, default | supl | mms, IP, IP, true, 0] mWaitingApnsPermanentFailureCountDown=1 mApnSetting=null mDataConnectionAc=null mReason=dataAttached mRetryCount=0 mDataEnabled=true mDependencyMet=true} NO conn
D/GSM     (  693): [GsmDCT] findReadyDataConnection: apn string <[ApnSettingV2] SKT3G, 1028, 45005, web.sktelecom.com, null, http://omms.nate.com:9082/oma_mms, smart.nate.com, 9093, null, -1, default | supl | mms, IP, IP, true, 0> dcacs.size=0
D/GSM     (  693): [GsmDCT] setupData: No ready GsmDataConnection found!
D/GSM     (  693): [GsmDCT] findFreeDataConnection: NO free GsmDataConnection
D/GSM     (  693): [GsmDCT] createDataConnection E
D/GSM     (  693): [GsmDC-1] DataConnection constructor E
D/GSM     (  693): [GsmDC-1] DataConnection constructor X
D/GSM     (  693): [GsmDC-1] Made GsmDC-1
D/RILB    (  693): registerForRilConnected h=Handler (com.android.internal.util.StateMachine$SmHandler) {412a1310} w=262149
D/RILB    (  693): Notifying: ril connected mRilVersion=6
D/GSM     (  693): [GsmDC-1] clearSettings
D/GSM     (  693): [GsmDCT] createDataConnection() X id=0 dc={GsmDC-1: State=DcInactiveState apnSetting=null apnList= [] RefCount=0 cid=-1 create=-1 lastFail=-1 lastFailCause=NONE}
D/GSM     (  693): [GsmDC-1] DcDefaultState: msg.what=EVENT_RIL_CONNECTED mRilVersion=6
D/GSM     (  693): [GsmDCT] setupData: init dc and apnContext refCount=0
D/GSM     (  693): [GsmDCT] configureRetry: forDefault=true retryCount=0 dc={GsmDC-1: State=DcInactiveState apnSetting=null apnList= [] RefCount=0 cid=-1 create=-1 lastFail=-1 lastFailCause=NONE}
D/GSM     (  693): [RM] resetRetryCount: 0
D/GSM     (  693): [GsmDC-1] setRetryCount: 0
D/GSM     (  693): [RM] setRetryCount: 0
D/GSM     (  693): [ApnContext:default] setDataConnectionAc: old dcac=null new dcac=GsmDC-1
D/GSM     (  693): [ApnContext:default] setDataConnection: old dc=null new dc={GsmDC-1: State=DcInactiveState apnSetting=null apnList= [{mApnType=default mState=IDLE mWaitingApns=[[ApnSettingV2] SKT3G, 1028, 45005, web.sktelecom.com, null, http://omms.nate.com:9082/oma_mms, smart.nate.com, 9093, null, -1, default | supl | mms, IP, IP, true, 0] mWaitingApnsPermanentFailureCountDown=1 mApnSetting=null mDataConnectionAc=GsmDC-1 mReason=dataAttached mRetryCount=0 mDataEnabled=true mDependencyMet=true}] RefCount=0 cid=-1 create=-1 lastFail=-1 lastFailCause=NONE} this={mApnType=default mState=IDLE mWaitingApns=[[ApnSettingV2] SKT3G, 1028, 45005, web.sktelecom.com, null, http://omms.nate.com:9082/oma_mms, smart.nate.com, 9093, null, -1, default | supl | mms, IP, IP, true, 0] mWaitingApnsPermanentFailureCountDown=1 mApnSetting=null mDataConnectionAc=GsmDC-1 mReason=dataAttached mRetryCount=0 mDataEnabled=true mDependencyMet=true}
D/GSM     (  693): [ApnContext:default] setState: INITING, previous state:IDLE
D/GSM     (  693): [GsmDCT] isDataPossible(default): possible=true isDataAllowed=true apnTypePossible=true apnContextisEnabled=true apnContextState()=INITING
D/GSM     (  693): [GsmDCT] get active apn string for type:default
D/GSM     (  693): [GsmDCT] setupData: initing!
D/GSM     (  693): [GsmDCT] notifyOffApnOfAvailability type:fota
D/GSM     (  693): [GsmDCT] isDataPossible(fota): possible=true isDataAllowed=true apnTypePossible=true apnContextisEnabled=false apnContextState()=IDLE
D/GSM     (  693): [GsmDCT] get active apn string for type:fota
D/GSM     (  693): [GsmDC-1] DcInactiveState msg.what=EVENT_CONNECT.RefCount = 0
D/GSM     (  693): [GsmDC-1] Connecting to carrier: 'SKT3G' APN: 'web.sktelecom.com' proxy: 'null' port: 'null
D/RILJ    (  693): [0067]> SETUP_DATA_CALL 5 0 web.sktelecom.com null null 0 IP
D/GSM     (  693): [GsmDCT] notifyOffApnOfAvailability type:dun
D/GSM     (  693): [GsmDCT] isDataPossible(dun): possible=true isDataAllowed=true apnTypePossible=true apnContextisEnabled=false apnContextState()=IDLE
