D/AT      (  101): dlc[2] atchannel: at_send_command_full() s_commandmutex[2] UNLOCKED, tid:20730040, err - 0
D/RILC    (  101): [0028]< SIM_IO {sw1=0x90,sw2=0x0,62228202412183026F38A503C001008A01058B066F06010800008002000F810200218800}
D/RIL     (  101): dlc[2] lge-ril: requestInterface(SIM_IO) invoking *requestFunction(req:28, data: 0x013c56f0, len:36)...DONE
D/RIL     (  101): dlc[2] lge-ril: requestInterface(SIM_IO) invoking *requestFunction(req:28, data:013c57a8, len:36)...
D/RIL     (  101): #####requestSIM_IO: cmd2 is:
D/AT      (  101): AT[2]> AT+CRSM=192,28438,0,0,15,"","3F007F20"
D/AT      (  101): dlc[2] atchannel: writeline() written:40, errno:"Success"
D/RILJ    (  693): [0028]< SIM_IO IccIoResponse sw1:0x90 sw2:0x0
D/GSM     (  693): [SIMRecords] onRecordLoaded 4 requested: true
D/AT      (  101): dlc[2] atchannel: readline() count:18. Read string - "
D/AT      (  101): +CRSM: 106,130
D/AT      (  101): "
D/AT      (  101): AT[2]< +CRSM: 106,130
D/AT      (  101): dlc[2] atchannel: readline() count:6. Read string - "
D/AT      (  101): OK
D/AT      (  101): "
D/AT      (  101): AT[2]< OK
D/AT      (  101): dlc[2] atchannel: at_send_command_full_nolock() tid:20730040, waiting(80000 msec) for signal...DONE
D/AT      (  101): dlc[2] atchannel: at_send_command_full_nolock() end, err:0
D/AT      (  101): dlc[2] atchannel: at_send_command_full() s_commandmutex[2] UNLOCKED, tid:20730040, err - 0
D/RILC    (  101): [0029]< SIM_IO {sw1=0x6A,sw2=0x82,}
D/RIL     (  101): dlc[2] lge-ril: requestInterface(SIM_IO) invoking *requestFunction(req:28, data: 0x013c57a8, len:36)...DONE
D/RIL     (  101): dlc[2] lge-ril: requestInterface(SIM_IO) invoking *requestFunction(req:28, data:013c5810, len:36)...
D/RIL     (  101): #####requestSIM_IO: cmd2 is:
D/AT      (  101): AT[2]> AT+CRSM=192,28437,0,0,15,"","3F007F20"
D/AT      (  101): dlc[2] atchannel: writeline() written:40, errno:"Success"
D/RILJ    (  693): [0029]< SIM_IO IccIoResponse sw1:0x6a sw2:0x82
D/GSM     (  693): [SIMRecords] onRecordLoaded 3 requested: true
D/AT      (  101): dlc[2] atchannel: readline() count:18. Read string - "
D/AT      (  101): +CRSM: 106,130
D/AT      (  101): "
D/AT      (  101): AT[2]< +CRSM: 106,130
D/AT      (  101): dlc[2] atchannel: readline() count:6. Read string - "
D/AT      (  101): OK
D/AT      (  101): "
D/AT      (  101): AT[2]< OK
D/AT      (  101): dlc[2] atchannel: at_send_command_full_nolock() tid:20730040, waiting(80000 msec) for signal...DONE
D/AT      (  101): dlc[2] atchannel: at_send_command_full_nolock() end, err:0
D/AT      (  101): dlc[2] atchannel: at_send_command_full() s_commandmutex[2] UNLOCKED, tid:20730040, err - 0
D/RILC    (  101): [0030]< SIM_IO {sw1=0x6A,sw2=0x82,}
D/RIL     (  101): dlc[2] lge-ril: requestInterface(SIM_IO) invoking *requestFunction(req:28, data: 0x013c5810, len:36)...DONE
D/RIL     (  101): dlc[2] lge-ril: requestInterface(QUERY_FACILITY_LOCK) invoking *requestFunction(req:42, data:013c57d0, len:16)...
D/RIL     (  101): requestQueryFacilityLock()
D/AT      (  101): AT[2]> AT+CLCK="SC",2,"",7
D/AT      (  101): dlc[2] atchannel: writeline() written:21, errno:"Success"
D/RILJ    (  693): [0030]< SIM_IO IccIoResponse sw1:0x6a sw2:0x82
E/GSM     (  693): [SIMRecords] Exception in fetching EF_CSP data com.android.internal.telephony.IccException: sw1:106 sw2:130
D/GSM     (  693): [SIMRecords] onRecordLoaded 2 requested: true
D/AT      (  101): dlc[2] atchannel: readline() count:12. Read string - "
D/AT      (  101): +CLCK: 0
D/AT      (  101): "
D/AT      (  101): AT[2]< +CLCK: 0
D/AT      (  101): dlc[2] atchannel: readline() count:6. Read string - "
D/AT      (  101): OK
D/AT      (  101): "
D/AT      (  101): AT[2]< OK
D/AT      (  101): dlc[2] atchannel: at_send_command_full_nolock() tid:20730040, waiting(40000 msec) for signal...DONE
D/AT      (  101): dlc[2] atchannel: at_send_command_full_nolock() end, err:0
D/AT      (  101): dlc[2] atchannel: at_send_command_full() s_commandmutex[2] UNLOCKED, tid:20730040, err - 0
D/RIL     (  101): requestQueryFacilityLock() response=0
D/RILC    (  101): [0031]< QUERY_FACILITY_LOCK {0}
D/RIL     (  101): dlc[2] lge-ril: requestInterface(QUERY_FACILITY_LOCK) invoking *requestFunction(req:42, data: 0x013c57d0, len:16)...DONE
D/RIL     (  101): dlc[2] lge-ril: requestInterface(QUERY_FACILITY_LOCK) invoking *requestFunction(req:42, data:013c5890, len:16)...
D/RIL     (  101): requestQueryFacilityLock()
D/AT      (  101): AT[2]> AT+CLCK="FD",2,"",7
D/AT      (  101): dlc[2] atchannel: writeline() written:21, errno:"Success"
D/RILJ    (  693): [0031]< QUERY_FACILITY_LOCK {0}
D/GSM     (  693): [IccCard] Query facility lock : false
D/AT      (  101): dlc[2] atchannel: readline() count:12. Read string - "
D/AT      (  101): +CLCK: 0
D/AT      (  101): "
D/AT      (  101): AT[2]< +CLCK: 0
D/AT      (  101): dlc[2] atchannel: readline() count:6. Read string - "
D/AT      (  101): OK
D/AT      (  101): "
D/AT      (  101): AT[2]< OK
D/AT      (  101): dlc[2] atchannel: at_send_command_full_nolock() tid:20730040, waiting(40000 msec) for signal...DONE
D/AT      (  101): dlc[2] atchannel: at_send_command_full_nolock() end, err:0
D/AT      (  101): dlc[2] atchannel: at_send_command_full() s_commandmutex[2] UNLOCKED, tid:20730040, err - 0
D/RIL     (  101): requestQueryFacilityLock() response=0
D/RILC    (  101): [0032]< QUERY_FACILITY_LOCK {0}
D/RIL     (  101): dlc[2] lge-ril: requestInterface(QUERY_FACILITY_LOCK) invoking *requestFunction(req:42, data: 0x013c5890, len:16)...DONE
D/RIL     (  101): dlc[2] lge-ril: requestInterface(SIM_IO) invoking *requestFunction(req:28, data:013c50f8, len:36)...
D/RIL     (  101): #####requestSIM_IO: cmd2 is:
D/AT      (  101): AT[2]> AT+CRSM=192,28439,0,0,15,"","3F007F20"
D/AT      (  101): dlc[2] atchannel: writeline() written:40, errno:"Success"
D/RILJ    (  693): [0032]< QUERY_FACILITY_LOCK {0}
D/GSM     (  693): [IccCard] Query facility lock : false
D/RILC    (  101): rild: releaseWakeLock, s_wakeup_lock_flag - 1
D/RILC    (  101): rild: wakelock released
D/AT      (  101): dlc[2] atchannel: readline() count:18. Read string - "
D/AT      (  101): +CRSM: 106,130
D/AT      (  101): "
D/AT      (  101): AT[2]< +CRSM: 106,130
D/AT      (  101): dlc[2] atchannel: readline() count:6. Read string - "
D/AT      (  101): OK
D/AT      (  101): "
D/AT      (  101): AT[2]< OK
D/AT      (  101): dlc[2] atchannel: at_send_command_full_nolock() tid:20730040, waiting(80000 msec) for signal...DONE
D/AT      (  101): dlc[2] atchannel: at_send_command_full_nolock() end, err:0
D/AT      (  101): dlc[2] atchannel: at_send_command_full() s_commandmutex[2] UNLOCKED, tid:20730040, err - 0
D/RILC    (  101): [0040]< SIM_IO {sw1=0x6A,sw2=0x82,}
D/RIL     (  101): dlc[2] lge-ril: requestInterface(SIM_IO) invoking *requestFunction(req:28, data: 0x013c50f8, len:36)...DONE
D/RIL     (  101): dlc[2] lge-ril: requestInterface(SIM_IO) invoking *requestFunction(req:28, data:013b8100, len:36)...
D/RIL     (  101): #####requestSIM_IO: cmd2 is:
D/AT      (  101): AT[2]> AT+CRSM=192,28436,0,0,15,"","3F007F20"
D/AT      (  101): dlc[2] atchannel: writeline() written:40, errno:"Success"
D/RILJ    (  693): [0040]< SIM_IO IccIoResponse sw1:0x6a sw2:0x82
D/GSM     (  693): [SIMRecords] Invalid or missing EF[MAILBOX]
D/GSM     (  693): [SIMRecords] onRecordLoaded 1 requested: true
D/AT      (  101): dlc[2] atchannel: readline() count:18. Read string - "
D/AT      (  101): +CRSM: 106,130
D/AT      (  101): "
D/AT      (  101): AT[2]< +CRSM: 106,130
D/AT      (  101): dlc[2] atchannel: readline() count:6. Read string - "
D/AT      (  101): OK
D/AT      (  101): "
D/AT      (  101): AT[2]< OK
D/AT      (  101): dlc[2] atchannel: at_send_command_full_nolock() tid:20730040, waiting(80000 msec) for signal...DONE
D/AT      (  101): dlc[2] atchannel: at_send_command_full_nolock() end, err:0
D/AT      (  101): dlc[2] atchannel: at_send_command_full() s_commandmutex[2] UNLOCKED, tid:20730040, err - 0
D/RILC    (  101): [0041]< SIM_IO {sw1=0x6A,sw2=0x82,}
D/RIL     (  101): dlc[2] lge-ril: requestInterface(SIM_IO) invoking *requestFunction(req:28, data: 0x013b8100, len:36)...DONE
D/RILJ    (  693): [0041]< SIM_IO IccIoResponse sw1:0x6a sw2:0x82
D/RILJ    (  693): [0042]> iccIO: SIM_IO 0xc0 0x6f18  path: 3F007F20,0,0,15 aid: A0000000871002FFFFFFFF89040300FF
D/GSM     (  693): [SIMRecords] onRecordLoaded 1 requested: true
D/RILC    (  101): [0042]> SIM_IO (cmd=0xC0,efid=0x6F18,path=3F007F20,0,0,15,(null),pin2=(null),aid=A0000000871002FFFFFFFF89040300FF)
D/RIL     (  101): lge-ril: runRequestFunction(SIM_IO) s_InitMutex LOCKED. dlc index - 2, DLC - 2, DLC create tracker - 0x4013f
D/RIL     (  101): dlc[2] lge-ril: requestInterface(SIM_IO) invoking *requestFunction(req:28, data:013b80e8, len:36)...
D/RIL     (  101): #####requestSIM_IO: cmd2 is:
D/AT      (  101): AT[2]> AT+CRSM=192,28440,0,0,15,"","3F007F20"
D/AT      (  101): dlc[2] atchannel: writeline() written:40, errno:"Success"
D/AT      (  101): dlc[18] atchannel: readline() count:18. Read string - "
D/AT      (  101): +CME ERROR: 30
D/AT      (  101): "
D/AT      (  101): AT[18]< +CME ERROR: 30
D/AT      (  101): dlc[18] atchannel: at_send_command_full_nolock() tid:20732144, waiting(180000 msec) for signal...DONE
D/AT      (  101): dlc[18] atchannel: at_send_command_full_nolock() end, err:0
D/AT      (  101): dlc[18] atchannel: at_send_command_full() s_commandmutex[18] UNLOCKED, tid:20732144, err - 0
D/RIL     (  101): unsolicitedLgeNetworkError(): networkError 30
D/RILC    (  101): rild: grabPartialWakeLock, s_wakeup_lock_flag - 0
D/RILC    (  101): rild: wakelock acquired
D/RILC    (  101): [UNSL]< RIL_UNSOL_LGE_NETWORK_REGISTRATION_ERROR {30}
D/RILC    (  101): [0034]< SET_NETWORK_SELECTION_AUTOMATIC fails by E_GENERIC_FAILURE
D/RIL     (  101): dlc[18] lge-ril: requestInterface(SET_NETWORK_SELECTION_AUTOMATIC) invoking *requestFunction(req:46, data: 0x00000000, len:0)...DONE
E/RILJ    (  693): Exception processing unsol response: 1046Exception:java.lang.RuntimeException: Unrecognized unsol response: 1046
D/RILJ    (  693): [0034]< SET_NETWORK_SELECTION_AUTOMATIC error: com.android.internal.telephony.CommandException: GENERIC_FAILURE
D/AT      (  101): dlc[5] atchannel: readline() count:12. Read string - "
D/AT      (  101): +CREG: 0
D/AT      (  101): "
D/AT      (  101): AT[5]< +CREG: 0
D/RILC    (  101): rild: grabPartialWakeLock, s_wakeup_lock_flag - 1
D/RILC    (  101): [UNSL]< UNSOL_RESPONSE_VOICE_NETWORK_STATE_CHANGED 
D/RILJ    (  693): [UNSL]< UNSOL_RESPONSE_VOICE_NETWORK_STATE_CHANGED
D/RILJ    (  693): [0043]> OPERATOR
D/RILJ    (  693): [0044]> DATA_REGISTRATION_STATE
D/RILC    (  101): [0043]> OPERATOR 
D/RIL     (  101): lge-ril: runRequestFunction(OPERATOR) s_InitMutex LOCKED. dlc index - 5, DLC - 5, DLC create tracker - 0x4013f
D/RILJ    (  693): [0045]> VOICE_REGISTRATION_STATE
D/RILC    (  101): [0044]> DATA_REGISTRATION_STATE 
D/RIL     (  101): lge-ril: runRequestFunction(DATA_REGISTRATION_STATE) s_InitMutex LOCKED. dlc index - 5, DLC - 5, DLC create tracker - 0x4013f
D/RILJ    (  693): [0046]> QUERY_NETWORK_SELECTION_MODE
D/RILC    (  101): [0045]> VOICE_REGISTRATION_STATE 
D/RIL     (  101): lge-ril: runRequestFunction(VOICE_REGISTRATION_STATE) s_InitMutex LOCKED. dlc index - 5, DLC - 5, DLC create tracker - 0x4013f
D/RILC    (  101): [0046]> QUERY_NETWORK_SELECTION_MODE 
D/RIL     (  101): lge-ril: runRequestFunction(QUERY_NETWORK_SELECTION_MODE) s_InitMutex LOCKED. dlc index - 5, DLC - 5, DLC create tracker - 0x4013f
D/AT      (  101): dlc[2] atchannel: readline() count:18. Read string - "
D/AT      (  101): +CRSM: 106,130
D/AT      (  101): "
D/AT      (  101): AT[2]< +CRSM: 106,130
D/AT      (  101): dlc[2] atchannel: readline() count:6. Read string - "
D/AT      (  101): OK
D/AT      (  101): "
D/AT      (  101): AT[2]< OK
D/AT      (  101): dlc[2] atchannel: at_send_command_full_nolock() tid:20730040, waiting(80000 msec) for signal...DONE
D/AT      (  101): dlc[2] atchannel: at_send_command_full_nolock() end, err:0
D/AT      (  101): dlc[2] atchannel: at_send_command_full() s_commandmutex[2] UNLOCKED, tid:20730040, err - 0
D/RILC    (  101): [0042]< SIM_IO {sw1=0x6A,sw2=0x82,}
D/RIL     (  101): dlc[2] lge-ril: requestInterface(SIM_IO) invoking *requestFunction(req:28, data: 0x013b80e8, len:36)...DONE
D/RILJ    (  693): [0042]< SIM_IO IccIoResponse sw1:0x6a sw2:0x82
D/GSM     (  693): [SIMRecords] No SPN loaded in either CHPS or 3GPP
D/GSM     (  693): [SIMRecords] onRecordLoaded 0 requested: true
D/GSM     (  693): [SIMRecords] SIMRecords: onAllRecordsLoaded set 'gsm.sim.operator.numeric' to operator='45005'
D/AT      (  101): dlc[5] atchannel: readline() count:18. Read string - "
D/AT      (  101): +CREG: 0
D/AT      (  101): 
D/AT      (  101): OK
D/AT      (  101): "
D/AT      (  101): AT[5]< +CREG: 0
D/RILC    (  101): rild: grabPartialWakeLock, s_wakeup_lock_flag - 1
D/RILC    (  101): [UNSL]< UNSOL_RESPONSE_VOICE_NETWORK_STATE_CHANGED 
D/AT      (  101): AT[5]< OK
D/AT      (  101): dlc[5] atchannel: at_send_command_full_nolock() tid:20678472, waiting(180000 msec) for signal...DONE
D/AT      (  101): dlc[5] atchannel: at_send_command_full_nolock() end, err:0
D/AT      (  101): dlc[5] atchannel: at_send_command_full() s_commandmutex[5] UNLOCKED, tid:20678472, err - 0
D/RIL     (  101): unsolicitedLgeNetworkError(): networkError -2
D/RILC    (  101): rild: grabPartialWakeLock, s_wakeup_lock_flag - 1
D/RILC    (  101): [UNSL]< RIL_UNSOL_LGE_NETWORK_REGISTRATION_ERROR {-2}
D/AT      (  101): AT[5]> AT+XRAT=1,2
D/AT      (  101): dlc[5] atchannel: writeline() written:13, errno:"Success"
D/RILJ    (  693): [UNSL]< UNSOL_RESPONSE_VOICE_NETWORK_STATE_CHANGED
E/RILJ    (  693): Exception processing unsol response: 1046Exception:java.lang.RuntimeException: Unrecognized unsol response: 1046
D/GSM     (  693): [IccCard] Broadcasting intent ACTION_SIM_STATE_CHANGED LOADED reason null
D/RILJ    (  693): [0047]> OPERATOR
D/RILJ    (  693): [0048]> DATA_REGISTRATION_STATE
D/RILC    (  101): [0047]> OPERATOR 
D/RIL     (  101): lge-ril: runRequestFunction(OPERATOR) s_InitMutex LOCKED. dlc index - 5, DLC - 5, DLC create tracker - 0x4013f
D/RILJ    (  693): [0049]> VOICE_REGISTRATION_STATE
D/RILJ    (  693): [0050]> QUERY_NETWORK_SELECTION_MODE
D/GSM     (  693): [GsmDCT] handleMessage msg={ what=270338 when=-5ms obj=android.os.AsyncResult@411a6228 }
D/RILC    (  101): [0048]> DATA_REGISTRATION_STATE 
D/RIL     (  101): lge-ril: runRequestFunction(DATA_REGISTRATION_STATE) s_InitMutex LOCKED. dlc index - 5, DLC - 5, DLC create tracker - 0x4013f
D/RILC    (  101): [0049]> VOICE_REGISTRATION_STATE 
D/RIL     (  101): lge-ril: runRequestFunction(VOICE_REGISTRATION_STATE) s_InitMutex LOCKED. dlc index - 5, DLC - 5, DLC create tracker - 0x4013f
D/RILC    (  101): [0050]> QUERY_NETWORK_SELECTION_MODE 
D/RIL     (  101): lge-ril: runRequestFunction(QUERY_NETWORK_SELECTION_MODE) s_InitMutex LOCKED. dlc index - 5, DLC - 5, DLC create tracker - 0x4013f
D/GSM     (  693): [GsmDCT] onRecordsLoaded: createAllApnList
D/GSM     (  693): [GsmDCT] createAllApnList: selection=numeric = '45005' and carrier_enabled = 1
D/AT      (  101): dlc[5] atchannel: readline() count:6. Read string - "
D/AT      (  101): OK
D/AT      (  101): "
D/AT      (  101): AT[5]< OK
D/AT      (  101): dlc[5] atchannel: at_send_command_full_nolock() tid:20678472, waiting(60000 msec) for signal...DONE
D/AT      (  101): dlc[5] atchannel: at_send_command_full_nolock() end, err:0
D/AT      (  101): dlc[5] atchannel: at_send_command_full() s_commandmutex[5] UNLOCKED, tid:20678472, err - 0
D/RIL     (  101): lge-ril: runRequestFunction(RIL_REQUEST_LGE_INTERNAL_NETWORK_REGISTRATION) s_InitMutex LOCKED. dlc index - 17, DLC - 17, DLC create tracker - 0x4013f
D/RILC    (  101): [0033]< SET_PREFERRED_NETWORK_TYPE
D/RIL     (  101): dlc[17] lge-ril: requestInterface(RIL_REQUEST_LGE_INTERNAL_NETWORK_REGISTRATION) invoking *requestFunction(req:291, data:013c5310, len:16)...
D/RIL     (  101): requestLgeInternalNetworkSelection START... prevRR: 73
D/RIL     (  101): requestLgeInternalNetworkSelection... automatic selection
D/AT      (  101): AT[17]> AT+COPS=0
D/RIL     (  101): requestSetPreferredNetworkType() -- END
D/RIL     (  101): dlc[5] lge-ril: requestInterface(SET_PREFERRED_NETWORK_TYPE) invoking *requestFunction(req:73, data: 0x013c55e8, len:4)...DONE
D/RIL     (  101): dlc[5] lge-ril: requestInterface(OPERATOR) invoking *requestFunction(req:22, data:00000000, len:0)...
D/AT      (  101): AT[5]> AT+COPS=3,0;+COPS?;+COPS=3,1;+COPS?;+COPS=3,2;+COPS?
D/AT      (  101): dlc[17] atchannel: writeline() written:11, errno:"Success"
D/AT      (  101): dlc[5] atchannel: writeline() written:54, errno:"Success"
D/RILJ    (  693): [0033]< REQUEST_SET_PREFERRED_NETWORK_TYPE 
D/AT      (  101): dlc[5] atchannel: readline() count:12. Read string - "
D/AT      (  101): +COPS: 2
D/AT      (  101): "
D/AT      (  101): AT[5]< +COPS: 2
D/AT      (  101): dlc[5] atchannel: readline() count:12. Read string - "
D/AT      (  101): +COPS: 2
D/AT      (  101): "
D/AT      (  101): AT[5]< +COPS: 2
D/AT      (  101): dlc[5] atchannel: readline() count:12. Read string - "
D/AT      (  101): +COPS: 2
D/AT      (  101): "
D/AT      (  101): AT[5]< +COPS: 2
D/AT      (  101): dlc[5] atchannel: readline() count:6. Read string - "
D/AT      (  101): OK
D/AT      (  101): "
D/AT      (  101): AT[5]< OK
D/AT      (  101): dlc[5] atchannel: at_send_command_full_nolock() tid:20678472, waiting(10000 msec) for signal...DONE
D/AT      (  101): dlc[5] atchannel: at_send_command_full_nolock() end, err:0
D/AT      (  101): dlc[5] atchannel: at_send_command_full() s_commandmutex[5] UNLOCKED, tid:20678472, err - 0
D/AT      (  101): AT[5]> AT+XCOPS=6
D/AT      (  101): dlc[5] atchannel: writeline() written:12, errno:"Success"
D/AT      (  101): dlc[5] atchannel: readline() count:18. Read string - "
D/AT      (  101): +CME ERROR: 30
D/AT      (  101): "
D/AT      (  101): AT[5]< +CME ERROR: 30
D/AT      (  101): dlc[5] atchannel: at_send_command_full_nolock() tid:20678472, waiting(5000 msec) for signal...DONE
D/AT      (  101): dlc[5] atchannel: at_send_command_full_nolock() end, err:0
D/AT      (  101): dlc[5] atchannel: at_send_command_full() s_commandmutex[5] UNLOCKED, tid:20678472, err - 0
D/RIL     (  101): unsolicitedLgeNetworkError(): networkError 30
D/RILC    (  101): rild: grabPartialWakeLock, s_wakeup_lock_flag - 1
D/RILC    (  101): [UNSL]< RIL_UNSOL_LGE_NETWORK_REGISTRATION_ERROR {30}
D/RIL     (  101): getMostAdaptedNetworkName... p_response is NULL
D/AT      (  101): AT[5]> AT+XCOPS=5
D/AT      (  101): dlc[5] atchannel: writeline() written:12, errno:"Success"
E/RILJ    (  693): Exception processing unsol response: 1046Exception:java.lang.RuntimeException: Unrecognized unsol response: 1046
D/AT      (  101): dlc[5] atchannel: readline() count:18. Read string - "
D/AT      (  101): +CME ERROR: 30
D/AT      (  101): "
D/AT      (  101): AT[5]< +CME ERROR: 30
D/AT      (  101): dlc[5] atchannel: at_send_command_full_nolock() tid:20678472, waiting(5000 msec) for signal...DONE
D/AT      (  101): dlc[5] atchannel: at_send_command_full_nolock() end, err:0
D/AT      (  101): dlc[5] atchannel: at_send_command_full() s_commandmutex[5] UNLOCKED, tid:20678472, err - 0
D/RIL     (  101): unsolicitedLgeNetworkError(): networkError 30
D/RILC    (  101): rild: grabPartialWakeLock, s_wakeup_lock_flag - 1
D/RILC    (  101): [UNSL]< RIL_UNSOL_LGE_NETWORK_REGISTRATION_ERROR {30}
D/RIL     (  101): getMostAdaptedNetworkName... p_response is NULL
D/RILC    (  101): [0035]< OPERATOR {(null),(null),(null)}
D/RIL     (  101): dlc[5] lge-ril: requestInterface(OPERATOR) invoking *requestFunction(req:22, data: 0x00000000, len:0)...DONE
D/RIL     (  101): dlc[5] lge-ril: requestInterface(DATA_REGISTRATION_STATE) invoking *requestFunction(req:21, data:00000000, len:0)...
D/AT      (  101): AT[5]> AT+CGREG?
D/AT      (  101): dlc[5] atchannel: writeline() written:11, errno:"Success"
E/RILJ    (  693): Exception processing unsol response: 1046Exception:java.lang.RuntimeException: Unrecognized unsol response: 1046
D/RILJ    (  693): [0035]< OPERATOR {null, null, null}
D/AT      (  101): dlc[5] atchannel: readline() count:15. Read string - "
D/AT      (  101): +CGREG: 2,0
D/AT      (  101): "
D/AT      (  101): AT[5]< +CGREG: 2,0
D/AT      (  101): dlc[5] atchannel: readline() count:6. Read string - "
D/AT      (  101): OK
D/AT      (  101): "
D/AT      (  101): AT[5]< OK
D/AT      (  101): dlc[5] atchannel: at_send_command_full_nolock() tid:20678472, waiting(6000 msec) for signal...DONE
D/AT      (  101): dlc[5] atchannel: at_send_command_full_nolock() end, err:0
D/AT      (  101): dlc[5] atchannel: at_send_command_full() s_commandmutex[5] UNLOCKED, tid:20678472, err - 0
D/RILC    (  101): [0036]< DATA_REGISTRATION_STATE {0,-1,-1}
D/RIL     (  101): dlc[5] lge-ril: requestInterface(DATA_REGISTRATION_STATE) invoking *requestFunction(req:21, data: 0x00000000, len:0)...DONE
D/RIL     (  101): dlc[5] lge-ril: requestInterface(VOICE_REGISTRATION_STATE) invoking *requestFunction(req:20, data:00000000, len:0)...
D/AT      (  101): AT[5]> AT+CREG?
D/AT      (  101): dlc[5] atchannel: writeline() written:10, errno:"Success"
D/RILJ    (  693): [0036]< DATA_REGISTRATION_STATE {0, -1, -1}
D/AT      (  101): dlc[5] atchannel: readline() count:24. Read string - "
D/AT      (  101): +CREG: 2,0,"","",255
D/AT      (  101): "
D/AT      (  101): AT[5]< +CREG: 2,0,"","",255
D/AT      (  101): dlc[5] atchannel: readline() count:6. Read string - "
D/AT      (  101): OK
D/AT      (  101): "
D/AT      (  101): AT[5]< OK
D/AT      (  101): dlc[5] atchannel: at_send_command_full_nolock() tid:20678472, waiting(6000 msec) for signal...DONE
D/AT      (  101): dlc[5] atchannel: at_send_command_full_nolock() end, err:0
D/AT      (  101): dlc[5] atchannel: at_send_command_full() s_commandmutex[5] UNLOCKED, tid:20678472, err - 0
D/RIL     (  101): unsolicitedLgeNetworkError(): networkError 0
D/RIL     (  101): requestVoiceRegistrationState(): err = 0, <n> = 2
D/RIL     (  101): requestVoiceRegistrationState(): err = 0, <stat> = 0
D/RIL     (  101): requestVoiceRegistrationState(): err = 0, <lac> = 
D/RIL     (  101): requestVoiceRegistrationState: err = 0, <ci> = 
D/RIL     (  101): requestVoiceRegistrationState(): err = 0, <AcT> = 255
D/RIL     (  101): requestVoiceRegistrationState(): RIL_RadioTechnology = 0
D/RILC    (  101): [0037]< VOICE_REGISTRATION_STATE {0,,,0}
D/RIL     (  101): dlc[5] lge-ril: requestInterface(VOICE_REGISTRATION_STATE) invoking *requestFunction(req:20, data: 0x00000000, len:0)...DONE
D/RIL     (  101): dlc[5] lge-ril: requestInterface(QUERY_NETWORK_SELECTION_MODE) invoking *requestFunction(req:45, data:00000000, len:0)...
D/AT      (  101): AT[5]> AT+COPS?
D/AT      (  101): dlc[5] atchannel: writeline() written:10, errno:"Success"
D/RILJ    (  693): [0037]< VOICE_REGISTRATION_STATE {0, , , 0}
D/AT      (  101): dlc[5] atchannel: readline() count:12. Read string - "
D/AT      (  101): +COPS: 2
D/AT      (  101): "
D/AT      (  101): AT[5]< +COPS: 2
D/AT      (  101): dlc[5] atchannel: readline() count:6. Read string - "
D/AT      (  101): OK
D/AT      (  101): "
D/AT      (  101): AT[5]< OK
D/AT      (  101): dlc[5] atchannel: at_send_command_full_nolock() tid:20678472, waiting(180000 msec) for signal...DONE
D/AT      (  101): dlc[5] atchannel: at_send_command_full_nolock() end, err:0
D/AT      (  101): dlc[5] atchannel: at_send_command_full() s_commandmutex[5] UNLOCKED, tid:20678472, err - 0
D/RILC    (  101): [0038]< QUERY_NETWORK_SELECTION_MODE {2}
D/RIL     (  101): dlc[5] lge-ril: requestInterface(QUERY_NETWORK_SELECTION_MODE) invoking *requestFunction(req:45, data: 0x00000000, len:0)...DONE
D/RIL     (  101): dlc[5] lge-ril: requestInterface(OPERATOR) invoking *requestFunction(req:22, data:00000000, len:0)...
D/AT      (  101): AT[5]> AT+COPS=3,0;+COPS?;+COPS=3,1;+COPS?;+COPS=3,2;+COPS?
D/AT      (  101): dlc[5] atchannel: writeline() written:54, errno:"Success"
D/RILJ    (  693): [0038]< QUERY_NETWORK_SELECTION_MODE {2}
D/AT      (  101): dlc[5] atchannel: readline() count:12. Read string - "
D/AT      (  101): +COPS: 2
D/AT      (  101): "
D/AT      (  101): AT[5]< +COPS: 2
D/AT      (  101): dlc[5] atchannel: readline() count:12. Read string - "
D/AT      (  101): +COPS: 2
D/AT      (  101): "
D/AT      (  101): AT[5]< +COPS: 2
D/AT      (  101): dlc[5] atchannel: readline() count:18. Read string - "
D/AT      (  101): +COPS: 2
D/AT      (  101): 
D/AT      (  101): OK
D/AT      (  101): "
D/AT      (  101): AT[5]< +COPS: 2
D/AT      (  101): AT[5]< OK
D/AT      (  101): dlc[5] atchannel: at_send_command_full_nolock() tid:20678472, waiting(10000 msec) for signal...DONE
D/AT      (  101): dlc[5] atchannel: at_send_command_full_nolock() end, err:0
D/AT      (  101): dlc[5] atchannel: at_send_command_full() s_commandmutex[5] UNLOCKED, tid:20678472, err - 0
D/AT      (  101): AT[5]> AT+XCOPS=6
D/AT      (  101): dlc[5] atchannel: writeline() written:12, errno:"Success"
D/AT      (  101): dlc[5] atchannel: readline() count:18. Read string - "
D/AT      (  101): +CME ERROR: 30
D/AT      (  101): "
D/AT      (  101): AT[5]< +CME ERROR: 30
D/AT      (  101): dlc[5] atchannel: at_send_command_full_nolock() tid:20678472, waiting(5000 msec) for signal...DONE
D/AT      (  101): dlc[5] atchannel: at_send_command_full_nolock() end, err:0
D/AT      (  101): dlc[5] atchannel: at_send_command_full() s_commandmutex[5] UNLOCKED, tid:20678472, err - 0
D/RIL     (  101): unsolicitedLgeNetworkError(): networkError 30
D/RILC    (  101): rild: grabPartialWakeLock, s_wakeup_lock_flag - 1
D/RILC    (  101): [UNSL]< RIL_UNSOL_LGE_NETWORK_REGISTRATION_ERROR {30}
D/RIL     (  101): getMostAdaptedNetworkName... p_response is NULL
D/AT      (  101): AT[5]> AT+XCOPS=5
D/AT      (  101): dlc[5] atchannel: writeline() written:12, errno:"Success"
E/RILJ    (  693): Exception processing unsol response: 1046Exception:java.lang.RuntimeException: Unrecognized unsol response: 1046
D/AT      (  101): dlc[5] atchannel: readline() count:18. Read string - "
D/AT      (  101): +CME ERROR: 30
D/AT      (  101): "
D/AT      (  101): AT[5]< +CME ERROR: 30
D/AT      (  101): dlc[5] atchannel: at_send_command_full_nolock() tid:20678472, waiting(5000 msec) for signal...DONE
D/AT      (  101): dlc[5] atchannel: at_send_command_full_nolock() end, err:0
D/AT      (  101): dlc[5] atchannel: at_send_command_full() s_commandmutex[5] UNLOCKED, tid:20678472, err - 0
D/RIL     (  101): unsolicitedLgeNetworkError(): networkError 30
D/RILC    (  101): rild: grabPartialWakeLock, s_wakeup_lock_flag - 1
D/RILC    (  101): [UNSL]< RIL_UNSOL_LGE_NETWORK_REGISTRATION_ERROR {30}
D/RIL     (  101): getMostAdaptedNetworkName... p_response is NULL
D/RILC    (  101): [0043]< OPERATOR {(null),(null),(null)}
D/RIL     (  101): dlc[5] lge-ril: requestInterface(OPERATOR) invoking *requestFunction(req:22, data: 0x00000000, len:0)...DONE
D/RIL     (  101): dlc[5] lge-ril: requestInterface(DATA_REGISTRATION_STATE) invoking *requestFunction(req:21, data:00000000, len:0)...
D/AT      (  101): AT[5]> AT+CGREG?
D/AT      (  101): dlc[5] atchannel: writeline() written:11, errno:"Success"
E/RILJ    (  693): Exception processing unsol response: 1046Exception:java.lang.RuntimeException: Unrecognized unsol response: 1046
D/RILJ    (  693): [0043]< OPERATOR {null, null, null}
D/AT      (  101): dlc[5] atchannel: readline() count:15. Read string - "
D/AT      (  101): +CGREG: 2,0
D/AT      (  101): "
D/AT      (  101): AT[5]< +CGREG: 2,0
D/AT      (  101): dlc[5] atchannel: readline() count:6. Read string - "
D/AT      (  101): OK
D/AT      (  101): "
D/AT      (  101): AT[5]< OK
D/AT      (  101): dlc[5] atchannel: at_send_command_full_nolock() tid:20678472, waiting(6000 msec) for signal...DONE
D/AT      (  101): dlc[5] atchannel: at_send_command_full_nolock() end, err:0
D/AT      (  101): dlc[5] atchannel: at_send_command_full() s_commandmutex[5] UNLOCKED, tid:20678472, err - 0
D/RILC    (  101): [0044]< DATA_REGISTRATION_STATE {0,-1,-1}
D/RIL     (  101): dlc[5] lge-ril: requestInterface(DATA_REGISTRATION_STATE) invoking *requestFunction(req:21, data: 0x00000000, len:0)...DONE
D/RIL     (  101): dlc[5] lge-ril: requestInterface(VOICE_REGISTRATION_STATE) invoking *requestFunction(req:20, data:00000000, len:0)...
D/AT      (  101): AT[5]> AT+CREG?
D/AT      (  101): dlc[5] atchannel: writeline() written:10, errno:"Success"
D/RILJ    (  693): [0044]< DATA_REGISTRATION_STATE {0, -1, -1}
D/AT      (  101): dlc[5] atchannel: readline() count:24. Read string - "
D/AT      (  101): +CREG: 2,0,"","",255
D/AT      (  101): "
D/AT      (  101): AT[5]< +CREG: 2,0,"","",255
D/AT      (  101): dlc[5] atchannel: readline() count:6. Read string - "
D/AT      (  101): OK
D/AT      (  101): "
D/AT      (  101): AT[5]< OK
D/AT      (  101): dlc[5] atchannel: at_send_command_full_nolock() tid:20678472, waiting(6000 msec) for signal...DONE
D/AT      (  101): dlc[5] atchannel: at_send_command_full_nolock() end, err:0
D/AT      (  101): dlc[5] atchannel: at_send_command_full() s_commandmutex[5] UNLOCKED, tid:20678472, err - 0
D/RIL     (  101): unsolicitedLgeNetworkError(): networkError 0
D/RIL     (  101): requestVoiceRegistrationState(): err = 0, <n> = 2
D/RIL     (  101): requestVoiceRegistrationState(): err = 0, <stat> = 0
D/RIL     (  101): requestVoiceRegistrationState(): err = 0, <lac> = 
D/RIL     (  101): requestVoiceRegistrationState: err = 0, <ci> = 
D/RIL     (  101): requestVoiceRegistrationState(): err = 0, <AcT> = 255
D/RIL     (  101): requestVoiceRegistrationState(): RIL_RadioTechnology = 0
D/RILC    (  101): [0045]< VOICE_REGISTRATION_STATE {0,,,0}
D/RIL     (  101): dlc[5] lge-ril: requestInterface(VOICE_REGISTRATION_STATE) invoking *requestFunction(req:20, data: 0x00000000, len:0)...DONE
D/RIL     (  101): dlc[5] lge-ril: requestInterface(QUERY_NETWORK_SELECTION_MODE) invoking *requestFunction(req:45, data:00000000, len:0)...
D/AT      (  101): AT[5]> AT+COPS?
D/AT      (  101): dlc[5] atchannel: writeline() written:10, errno:"Success"
D/RILJ    (  693): [0045]< VOICE_REGISTRATION_STATE {0, , , 0}
D/AT      (  101): dlc[5] atchannel: readline() count:12. Read string - "
D/AT      (  101): +COPS: 2
D/AT      (  101): "
D/AT      (  101): AT[5]< +COPS: 2
D/AT      (  101): dlc[5] atchannel: readline() count:6. Read string - "
D/AT      (  101): OK
D/AT      (  101): "
D/AT      (  101): AT[5]< OK
D/AT      (  101): dlc[5] atchannel: at_send_command_full_nolock() tid:20678472, waiting(180000 msec) for signal...DONE
D/AT      (  101): dlc[5] atchannel: at_send_command_full_nolock() end, err:0
D/AT      (  101): dlc[5] atchannel: at_send_command_full() s_commandmutex[5] UNLOCKED, tid:20678472, err - 0
D/RILC    (  101): [0046]< QUERY_NETWORK_SELECTION_MODE {2}
D/RIL     (  101): dlc[5] lge-ril: requestInterface(QUERY_NETWORK_SELECTION_MODE) invoking *requestFunction(req:45, data: 0x00000000, len:0)...DONE
D/RIL     (  101): dlc[5] lge-ril: requestInterface(OPERATOR) invoking *requestFunction(req:22, data:00000000, len:0)...
D/AT      (  101): AT[5]> AT+COPS=3,0;+COPS?;+COPS=3,1;+COPS?;+COPS=3,2;+COPS?
D/AT      (  101): dlc[5] atchannel: writeline() written:54, errno:"Success"
D/RILJ    (  693): [0046]< QUERY_NETWORK_SELECTION_MODE {2}
D/AT      (  101): dlc[5] atchannel: readline() count:12. Read string - "
D/AT      (  101): +COPS: 2
D/AT      (  101): "
D/AT      (  101): AT[5]< +COPS: 2
D/AT      (  101): dlc[5] atchannel: readline() count:12. Read string - "
D/AT      (  101): +COPS: 2
D/AT      (  101): "
D/AT      (  101): AT[5]< +COPS: 2
D/AT      (  101): dlc[5] atchannel: readline() count:18. Read string - "
D/AT      (  101): +COPS: 2
D/AT      (  101): 
D/AT      (  101): OK
D/AT      (  101): "
D/AT      (  101): AT[5]< +COPS: 2
D/AT      (  101): AT[5]< OK
D/AT      (  101): dlc[5] atchannel: at_send_command_full_nolock() tid:20678472, waiting(10000 msec) for signal...DONE
D/AT      (  101): dlc[5] atchannel: at_send_command_full_nolock() end, err:0
D/AT      (  101): dlc[5] atchannel: at_send_command_full() s_commandmutex[5] UNLOCKED, tid:20678472, err - 0
D/AT      (  101): AT[5]> AT+XCOPS=6
D/AT      (  101): dlc[5] atchannel: writeline() written:12, errno:"Success"
D/AT      (  101): dlc[5] atchannel: readline() count:18. Read string - "
D/AT      (  101): +CME ERROR: 30
D/AT      (  101): "
D/AT      (  101): AT[5]< +CME ERROR: 30
D/AT      (  101): dlc[5] atchannel: at_send_command_full_nolock() tid:20678472, waiting(5000 msec) for signal...DONE
D/AT      (  101): dlc[5] atchannel: at_send_command_full_nolock() end, err:0
D/AT      (  101): dlc[5] atchannel: at_send_command_full() s_commandmutex[5] UNLOCKED, tid:20678472, err - 0
D/RIL     (  101): unsolicitedLgeNetworkError(): networkError 30
D/RILC    (  101): rild: grabPartialWakeLock, s_wakeup_lock_flag - 1
D/RILC    (  101): [UNSL]< RIL_UNSOL_LGE_NETWORK_REGISTRATION_ERROR {30}
D/RIL     (  101): getMostAdaptedNetworkName... p_response is NULL
D/AT      (  101): AT[5]> AT+XCOPS=5
D/AT      (  101): dlc[5] atchannel: writeline() written:12, errno:"Success"
E/RILJ    (  693): Exception processing unsol response: 1046Exception:java.lang.RuntimeException: Unrecognized unsol response: 1046
D/AT      (  101): dlc[5] atchannel: readline() count:18. Read string - "
D/AT      (  101): +CME ERROR: 30
D/AT      (  101): "
D/AT      (  101): AT[5]< +CME ERROR: 30
D/AT      (  101): dlc[5] atchannel: at_send_command_full_nolock() tid:20678472, waiting(5000 msec) for signal...DONE
D/AT      (  101): dlc[5] atchannel: at_send_command_full_nolock() end, err:0
D/AT      (  101): dlc[5] atchannel: at_send_command_full() s_commandmutex[5] UNLOCKED, tid:20678472, err - 0
D/RIL     (  101): unsolicitedLgeNetworkError(): networkError 30
D/RILC    (  101): rild: grabPartialWakeLock, s_wakeup_lock_flag - 1
D/RILC    (  101): [UNSL]< RIL_UNSOL_LGE_NETWORK_REGISTRATION_ERROR {30}
D/RIL     (  101): getMostAdaptedNetworkName... p_response is NULL
D/RILC    (  101): [0047]< OPERATOR {(null),(null),(null)}
D/RIL     (  101): dlc[5] lge-ril: requestInterface(OPERATOR) invoking *requestFunction(req:22, data: 0x00000000, len:0)...DONE
D/RIL     (  101): dlc[5] lge-ril: requestInterface(DATA_REGISTRATION_STATE) invoking *requestFunction(req:21, data:00000000, len:0)...
D/AT      (  101): AT[5]> AT+CGREG?
D/AT      (  101): dlc[5] atchannel: writeline() written:11, errno:"Success"
E/RILJ    (  693): Exception processing unsol response: 1046Exception:java.lang.RuntimeException: Unrecognized unsol response: 1046
D/RILJ    (  693): [0047]< OPERATOR {null, null, null}
D/AT      (  101): dlc[5] atchannel: readline() count:15. Read string - "
D/AT      (  101): +CGREG: 2,0
D/AT      (  101): "
D/AT      (  101): AT[5]< +CGREG: 2,0
D/AT      (  101): dlc[5] atchannel: readline() count:6. Read string - "
D/AT      (  101): OK
D/AT      (  101): "
D/AT      (  101): AT[5]< OK
D/AT      (  101): dlc[5] atchannel: at_send_command_full_nolock() tid:20678472, waiting(6000 msec) for signal...DONE
D/AT      (  101): dlc[5] atchannel: at_send_command_full_nolock() end, err:0
D/AT      (  101): dlc[5] atchannel: at_send_command_full() s_commandmutex[5] UNLOCKED, tid:20678472, err - 0
D/RILC    (  101): [0048]< DATA_REGISTRATION_STATE {0,-1,-1}
D/RIL     (  101): dlc[5] lge-ril: requestInterface(DATA_REGISTRATION_STATE) invoking *requestFunction(req:21, data: 0x00000000, len:0)...DONE
D/RIL     (  101): dlc[5] lge-ril: requestInterface(VOICE_REGISTRATION_STATE) invoking *requestFunction(req:20, data:00000000, len:0)...
D/AT      (  101): AT[5]> AT+CREG?
D/AT      (  101): dlc[5] atchannel: writeline() written:10, errno:"Success"
D/RILJ    (  693): [0048]< DATA_REGISTRATION_STATE {0, -1, -1}
D/AT      (  101): dlc[5] atchannel: readline() count:24. Read string - "
D/AT      (  101): +CREG: 2,0,"","",255
D/AT      (  101): "
D/AT      (  101): AT[5]< +CREG: 2,0,"","",255
D/AT      (  101): dlc[5] atchannel: readline() count:6. Read string - "
D/AT      (  101): OK
D/AT      (  101): "
D/AT      (  101): AT[5]< OK
D/AT      (  101): dlc[5] atchannel: at_send_command_full_nolock() tid:20678472, waiting(6000 msec) for signal...DONE
D/AT      (  101): dlc[5] atchannel: at_send_command_full_nolock() end, err:0
D/AT      (  101): dlc[5] atchannel: at_send_command_full() s_commandmutex[5] UNLOCKED, tid:20678472, err - 0
D/RIL     (  101): unsolicitedLgeNetworkError(): networkError 0
D/RIL     (  101): requestVoiceRegistrationState(): err = 0, <n> = 2
D/RIL     (  101): requestVoiceRegistrationState(): err = 0, <stat> = 0
D/RIL     (  101): requestVoiceRegistrationState(): err = 0, <lac> = 
D/RIL     (  101): requestVoiceRegistrationState: err = 0, <ci> = 
D/RIL     (  101): requestVoiceRegistrationState(): err = 0, <AcT> = 255
D/RIL     (  101): requestVoiceRegistrationState(): RIL_RadioTechnology = 0
D/RILC    (  101): [0049]< VOICE_REGISTRATION_STATE {0,,,0}
D/RIL     (  101): dlc[5] lge-ril: requestInterface(VOICE_REGISTRATION_STATE) invoking *requestFunction(req:20, data: 0x00000000, len:0)...DONE
D/RIL     (  101): dlc[5] lge-ril: requestInterface(QUERY_NETWORK_SELECTION_MODE) invoking *requestFunction(req:45, data:00000000, len:0)...
D/AT      (  101): AT[5]> AT+COPS?
D/AT      (  101): dlc[5] atchannel: writeline() written:10, errno:"Success"
D/RILJ    (  693): [0049]< VOICE_REGISTRATION_STATE {0, , , 0}
D/AT      (  101): dlc[5] atchannel: readline() count:12. Read string - "
D/AT      (  101): +COPS: 2
D/AT      (  101): "
D/AT      (  101): AT[5]< +COPS: 2
D/AT      (  101): dlc[5] atchannel: readline() count:6. Read string - "
D/AT      (  101): OK
D/AT      (  101): "
D/AT      (  101): AT[5]< OK
D/AT      (  101): dlc[5] atchannel: at_send_command_full_nolock() tid:20678472, waiting(180000 msec) for signal...DONE
D/AT      (  101): dlc[5] atchannel: at_send_command_full_nolock() end, err:0
D/AT      (  101): dlc[5] atchannel: at_send_command_full() s_commandmutex[5] UNLOCKED, tid:20678472, err - 0
D/RILC    (  101): [0050]< QUERY_NETWORK_SELECTION_MODE {2}
D/RIL     (  101): dlc[5] lge-ril: requestInterface(QUERY_NETWORK_SELECTION_MODE) invoking *requestFunction(req:45, data: 0x00000000, len:0)...DONE
D/RILJ    (  693): [0050]< QUERY_NETWORK_SELECTION_MODE {2}
D/GSM     (  693): [GsmDCT] createApnList: X result=[[ApnSettingV2] SKT3G, 1028, 45005, web.sktelecom.com, null, http://omms.nate.com:9082/oma_mms, smart.nate.com, 9093, null, -1, default | supl | mms, IP, IP, true, 0, [ApnSettingV2] SK Telecom (Roaming), 1029, 45005, roaming.sktelecom.com, null, vmms.nate.com, null, 8082, null, -1, default | supl | mms, IP, IP, true, 0]
D/GSM     (  693): [GsmDCT] getPreferredApn: X found apnSetting[ApnSettingV2] SKT3G, 1028, 45005, web.sktelecom.com, null, http://omms.nate.com:9082/oma_mms, smart.nate.com, 9093, null, -1, default | supl | mms, IP, IP, true, 0
D/GSM     (  693): [GsmDCT] createAllApnList: mPreferredApn=[ApnSettingV2] SKT3G, 1028, 45005, web.sktelecom.com, null, http://omms.nate.com:9082/oma_mms, smart.nate.com, 9093, null, -1, default | supl | mms, IP, IP, true, 0
D/GSM     (  693): [GsmDCT] createAllApnList: X mAllApns=[[ApnSettingV2] SKT3G, 1028, 45005, web.sktelecom.com, null, http://omms.nate.com:9082/oma_mms, smart.nate.com, 9093, null, -1, default | supl | mms, IP, IP, true, 0, [ApnSettingV2] SK Telecom (Roaming), 1029, 45005, roaming.sktelecom.com, null, vmms.nate.com, null, 8082, null, -1, default | supl | mms, IP, IP, true, 0]
D/GSM     (  693): [GsmDCT] onRecordsLoaded: notifying data availability
D/GSM     (  693): [GsmDCT] notifyOffApnOfAvailability type:fota
D/GSM     (  693): [GsmDCT] isDataAllowed: not allowed due to - gprs= 1
D/GSM     (  693): [GsmDCT] isDataPossible(fota): possible=false isDataAllowed=false apnTypePossible=true apnContextisEnabled=false apnContextState()=IDLE
D/GSM     (  693): [GsmDCT] get active apn string for type:fota
D/GSM     (  693): [GsmDCT] notifyOffApnOfAvailability type:dun
D/GSM     (  693): [GsmDCT] isDataAllowed: not allowed due to - gprs= 1
D/GSM     (  693): [GsmDCT] isDataPossible(dun): possible=false isDataAllowed=false apnTypePossible=true apnContextisEnabled=false apnContextState()=IDLE
D/GSM     (  693): [GsmDCT] get active apn string for type:dun
D/GSM     (  693): [GsmDCT] notifyOffApnOfAvailability type:supl
D/GSM     (  693): [GsmDCT] isDataAllowed: not allowed due to - gprs= 1
D/GSM     (  693): [GsmDCT] isDataPossible(supl): possible=false isDataAllowed=false apnTypePossible=true apnContextisEnabled=false apnContextState()=IDLE
D/GSM     (  693): [GsmDCT] get active apn string for type:supl
D/GSM     (  693): [GsmDCT] notifyOffApnOfAvailability type:hipri
D/GSM     (  693): [GsmDCT] isDataAllowed: not allowed due to - gprs= 1
D/GSM     (  693): [GsmDCT] isDataPossible(hipri): possible=false isDataAllowed=false apnTypePossible=true apnContextisEnabled=false apnContextState()=IDLE
D/GSM     (  693): [GsmDCT] get active apn string for type:hipri
D/GSM     (  693): [GsmDCT] notifyOffApnOfAvailability type:ims
D/GSM     (  693): [GsmDCT] isDataAllowed: not allowed due to - gprs= 1
D/GSM     (  693): [GsmDCT] isDataPossible(ims): possible=false isDataAllowed=false apnTypePossible=true apnContextisEnabled=false apnContextState()=IDLE
D/GSM     (  693): [GsmDCT] get active apn string for type:ims
D/GSM     (  693): [GsmDCT] notifyOffApnsOfAvailability skipped apn due to isReady==false: {mApnType=default mState=IDLE mWaitingApns=null mWaitingApnsPermanentFailureCountDown=0 mApnSetting=null mDataConnectionAc=null mReason=roamingOff mRetryCount=0 mDataEnabled=true mDependencyMet=true}
D/GSM     (  693): [GsmDCT] notifyOffApnOfAvailability type:mms
D/GSM     (  693): [GsmDCT] isDataAllowed: not allowed due to - gprs= 1
D/GSM     (  693): [GsmDCT] isDataPossible(mms): possible=false isDataAllowed=false apnTypePossible=true apnContextisEnabled=false apnContextState()=IDLE
D/GSM     (  693): [GsmDCT] get active apn string for type:mms
D/GSM     (  693): [GsmDCT] notifyOffApnOfAvailability type:cbs
D/GSM     (  693): [GsmDCT] isDataAllowed: not allowed due to - gprs= 1
D/GSM     (  693): [GsmDCT] isDataPossible(cbs): possible=false isDataAllowed=false apnTypePossible=true apnContextisEnabled=false apnContextState()=IDLE
D/GSM     (  693): [GsmDCT] get active apn string for type:cbs
D/GSM     (  693): [ApnContext:fota] setRetryCount: 0
D/GSM     (  693): [ApnContext:dun] setRetryCount: 0
D/GSM     (  693): [ApnContext:supl] setRetryCount: 0
D/GSM     (  693): [ApnContext:hipri] setRetryCount: 0
D/GSM     (  693): [ApnContext:ims] setRetryCount: 0
D/GSM     (  693): [ApnContext:default] setRetryCount: 0
D/GSM     (  693): [ApnContext:mms] setRetryCount: 0
D/GSM     (  693): [ApnContext:cbs] setRetryCount: 0
D/GSM     (  693): [ApnContext:default] set reason as simLoaded,current state IDLE
D/GSM     (  693): [GsmDCT] trySetupData for type:default due to simLoaded
D/GSM     (  693): [GsmDCT] trySetupData with mIsPsRestricted=false
D/GSM     (  693): [GsmDCT] isDataAllowed: not allowed due to - gprs= 1
D/GSM     (  693): [GsmDCT] notifyOffApnOfAvailability type:fota
D/GSM     (  693): [GsmDCT] isDataAllowed: not allowed due to - gprs= 1
D/GSM     (  693): [GsmDCT] isDataPossible(fota): possible=false isDataAllowed=false apnTypePossible=true apnContextisEnabled=false apnContextState()=IDLE
D/GSM     (  693): [GsmDCT] get active apn string for type:fota
D/GSM     (  693): [GsmDCT] notifyOffApnOfAvailability type:dun
D/GSM     (  693): [GsmDCT] isDataAllowed: not allowed due to - gprs= 1
D/GSM     (  693): [GsmDCT] isDataPossible(dun): possible=false isDataAllowed=false apnTypePossible=true apnContextisEnabled=false apnContextState()=IDLE
D/GSM     (  693): [GsmDCT] get active apn string for type:dun
D/GSM     (  693): [GsmDCT] notifyOffApnOfAvailability type:supl
D/GSM     (  693): [GsmDCT] isDataAllowed: not allowed due to - gprs= 1
D/GSM     (  693): [GsmDCT] isDataPossible(supl): possible=false isDataAllowed=false apnTypePossible=true apnContextisEnabled=false apnContextState()=IDLE
D/GSM     (  693): [GsmDCT] get active apn string for type:supl
D/GSM     (  693): [GsmDCT] notifyOffApnOfAvailability type:hipri
D/GSM     (  693): [GsmDCT] isDataAllowed: not allowed due to - gprs= 1
D/GSM     (  693): [GsmDCT] isDataPossible(hipri): possible=false isDataAllowed=false apnTypePossible=true apnContextisEnabled=false apnContextState()=IDLE
D/GSM     (  693): [GsmDCT] get active apn string for type:hipri
D/GSM     (  693): [GsmDCT] notifyOffApnOfAvailability type:ims
D/GSM     (  693): [GsmDCT] isDataAllowed: not allowed due to - gprs= 1
D/GSM     (  693): [GsmDCT] isDataPossible(ims): possible=false isDataAllowed=false apnTypePossible=true apnContextisEnabled=false apnContextState()=IDLE
D/GSM     (  693): [GsmDCT] get active apn string for type:ims
D/GSM     (  693): [GsmDCT] notifyOffApnsOfAvailability skipped apn due to isReady==false: {mApnType=default mState=IDLE mWaitingApns=null mWaitingApnsPermanentFailureCountDown=0 mApnSetting=null mDataConnectionAc=null mReason=simLoaded mRetryCount=0 mDataEnabled=true mDependencyMet=true}
D/GSM     (  693): [GsmDCT] notifyOffApnOfAvailability type:mms
D/GSM     (  693): [GsmDCT] isDataAllowed: not allowed due to - gprs= 1
D/GSM     (  693): [GsmDCT] isDataPossible(mms): possible=false isDataAllowed=false apnTypePossible=true apnContextisEnabled=false apnContextState()=IDLE
D/GSM     (  693): [GsmDCT] get active apn string for type:mms
D/GSM     (  693): [GsmDCT] notifyOffApnOfAvailability type:cbs
D/GSM     (  693): [GsmDCT] isDataAllowed: not allowed due to - gprs= 1
D/GSM     (  693): [GsmDCT] isDataPossible(cbs): possible=false isDataAllowed=false apnTypePossible=true apnContextisEnabled=false apnContextState()=IDLE
D/GSM     (  693): [GsmDCT] get active apn string for type:cbs
D/GSM     (  693): [GsmSST] Poll ServiceState done:  oldSS=[1 home null null null  Unknown CSS not supported -1 -1 RoamInd=-1 DefRoamInd=-1 EmergOnly=false] newSS=[1 home null null null  Unknown CSS not supported -1 -1 RoamInd=-1 DefRoamInd=-1 EmergOnly=false] oldGprs=1 newData=1 oldMaxDataCalls=1 mNewMaxDataCalls=1 oldReasonDataDenied=-1 mNewReasonDataDenied=-1 oldType=Unknown newType=Unknown
D/GSM     (  693): [GsmDCT] onReceive: action=android.net.wifi.STATE_CHANGE
D/RILC    (  101): rild: releaseWakeLock, s_wakeup_lock_flag - 1
D/RILC    (  101): rild: wakelock released
D/AT      (  101): dlc[0] atchannel: readline() count:29. Read string - "
D/AT      (  101): +XLGEUNSOL: 425988, 45005
D/AT      (  101): "
D/AT      (  101): AT[0]< +XLGEUNSOL: 425988, 45005
D/RIL     (  101): LGEUnsol line received: response[0] '425988'
D/RIL     (  101): LGEUnsol line received: response[1] '45005'
D/RILC    (  101): rild: grabPartialWakeLock, s_wakeup_lock_flag - 0
D/RILC    (  101): rild: wakelock acquired
D/RILC    (  101): responseLgeunsol
E/RILC    (  101): responseLgeunsol etc
D/RILC    (  101): [UNSL]< RIL_UNSOL_LGE_UNSOL {45005}
E/RILJ    (  693): Exception processing unsol response: 1080Exception:java.lang.RuntimeException: Unrecognized unsol response: 1080
D/AT      (  101): dlc[0] atchannel: readline() count:18. Read string - "
D/AT      (  101): +XPSSIGCONN: 1
D/AT      (  101): "
D/AT      (  101): AT[0]< +XPSSIGCONN: 1
D/RIL     (  101): unsolicitedPsSignalingStatus with param: +XPSSIGCONN: 1
D/RILC    (  101): rild: grabPartialWakeLock, s_wakeup_lock_flag - 1
D/RILC    (  101): [UNSL]< RIL_UNSOL_LGE_RESPONSE_PS_SIGNALING_STATUS {1}
E/RILJ    (  693): Exception processing unsol response: 1057Exception:java.lang.RuntimeException: Unrecognized unsol response: 1057
D/AT      (  101): dlc[0] atchannel: readline() count:35. Read string - "
D/AT      (  101): +CTZV: +36,"12/11/1,19:34:48,0"
D/AT      (  101): "
D/AT      (  101): AT[0]< +CTZV: +36,"12/11/1,19:34:48,0"
D/RIL     (  101): unsolicitedTimeZoneReportingCTZV response = 12/11/1,19:34:48+36,0
D/RILC    (  101): rild: grabPartialWakeLock, s_wakeup_lock_flag - 1
D/RILC    (  101): [UNSL]< UNSOL_NITZ_TIME_RECEIVED {12/11/1,19:34:48+36,0}
D/RILJ    (  693): [UNSL]< UNSOL_NITZ_TIME_RECEIVED 12/11/1,19:34:48+36,0
D/GSM     (  693): [GsmSST] NITZ: 12/11/1,19:34:48+36,0,79749 start=79750 delay=1
D/AT      (  101): dlc[0] atchannel: readline() count:58. Read string - "
D/AT      (  101): +XNITZINFO: "GMT+9","12/11/1,19:34:48,0"
D/AT      (  101): 
D/AT      (  101): +CTZDST: 0
D/AT      (  101): "
D/AT      (  101): AT[0]< +XNITZINFO: "GMT+9","12/11/1,19:34:48,0"
D/AT      (  101): AT[0]< +CTZDST: 0
D/GSM     (  693): [GsmSST] NITZ: Setting time of day to Fri Nov 02 04:34:48 GMT+09:00 2012 NITZ receive delay(ms): 7 gained(ms): -263 from 12/11/1,19:34:48+36,0
D/AT      (  101): dlc[5] atchannel: readline() count:31. Read string - "
D/AT      (  101): +CREG: 1,"2261","4cd0a10",2
D/AT      (  101): "
D/AT      (  101): AT[5]< +CREG: 1,"2261","4cd0a10",2
D/RILC    (  101): rild: grabPartialWakeLock, s_wakeup_lock_flag - 1
D/RILC    (  101): [UNSL]< UNSOL_RESPONSE_VOICE_NETWORK_STATE_CHANGED 
I/GSM     (  693): NITZ: after Setting time of day
D/AT      (  101): dlc[0] atchannel: readline() count:21. Read string - "
D/AT      (  101): +CGEV: NW CLASS A
D/AT      (  101): "
D/AT      (  101): AT[0]< +CGEV: NW CLASS A
D/RIL     (  101): lge-ril: onDataCallListChanged START
D/AT      (  101): dlc[17] atchannel: readline() count:6. Read string - "
D/AT      (  101): OK
D/AT      (  101): "
D/RIL     (  101): lge-ril: runRequestFunction(DATA_CALL_LIST) s_InitMutex LOCKED. dlc index - 12, DLC - 12, DLC create tracker - 0x6013f
D/AT      (  101): AT[17]< OK
