D/RILJ    (  693): [0000]< RADIO_POWER 
D/RILJ    (  693): [0001]< REQUEST_SET_PREFERRED_NETWORK_TYPE error: com.android.internal.telephony.CommandException: RADIO_NOT_AVAILABLE
D/RILJ    (  693): [0002]< RIL_REQUEST_CDMA_SET_SUBSCRIPTION_SOURCE error: com.android.internal.telephony.CommandException: RADIO_NOT_AVAILABLE
D/RILJ    (  693): [0003]< SCREEN_STATE error: com.android.internal.telephony.CommandException: RADIO_NOT_AVAILABLE
D/PHONE   (  693): mDoesRilSendMultipleCallRing=true
D/PHONE   (  693): mCallRingDelay=3000
D/RILJ    (  693): setPhoneType=1 old value=0
D/RIL_UiccController(  693): Creating UiccController
D/RIL_UiccController(  693): New phone is GSMPhone
D/GSM     (  693): [IccCard] [IccCard] Creating card type 3gpp
D/RILB    (  693): getLteOnCdmaMode=0 curVal=-1 product_type='' lteOnCdmaProductType=''
W/GSM     (  693): Can't open /system/etc/voicemail-conf.xml
D/GSM     (  693): [SIMRecords] SIMRecords: onRadioOffOrNotAvailable set 'gsm.sim.operator.numeric' to operator=null
D/SMS     (  693): SMSDispatcher: ctor mSmsCapable=true format=3gpp mSmsReceiveDisabled=false mSmsSendDisabled=false
D/GSM     (  693): [GsmDCT] DCT.constructor
D/GSM     (  693): [GsmDCT] GsmDCT.constructor
D/GSM     (  693): [ApnContext:default] set mDependencyMet as false current state is true
D/GSM     (  693): [ApnContext:default] set enabled as true, current state is false
D/GSM     (  693): [GsmDCT] applyNewState(default, true(true), true(false))
D/GSM     (  693): [ApnContext:default] set reason as dependencyMet,current state IDLE
D/GSM     (  693): [ApnContext:default] set enabled as true, current state is true
D/GSM     (  693): [ApnContext:default] set mDependencyMet as true current state is false
D/GSM     (  693): [GsmDCT] trySetupData for type:default due to dependencyMet
D/GSM     (  693): [GsmDCT] trySetupData with mIsPsRestricted=false
D/GSM     (  693): [GsmDCT] isDataAllowed: not allowed due to - gprs= 1 - SIM not loaded
D/GSM     (  693): [GsmDCT] notifyOffApnsOfAvailability skipped apn due to isReady==false: {mApnType=default mState=IDLE mWaitingApns=null mWaitingApnsPermanentFailureCountDown=0 mApnSetting=null mDataConnectionAc=null mReason=dependencyMet mRetryCount=0 mDataEnabled=true mDependencyMet=true}
D/GSM     (  693): [ApnContext:mms] set mDependencyMet as false current state is true
D/GSM     (  693): [GsmDCT] applyNewState(mms, false(false), true(false))
D/GSM     (  693): [ApnContext:mms] set enabled as false, current state is false
D/GSM     (  693): [ApnContext:mms] set mDependencyMet as true current state is false
D/GSM     (  693): [ApnContext:supl] set mDependencyMet as false current state is true
D/GSM     (  693): [GsmDCT] applyNewState(supl, false(false), true(false))
D/GSM     (  693): [ApnContext:supl] set enabled as false, current state is false
D/GSM     (  693): [ApnContext:supl] set mDependencyMet as true current state is false
D/GSM     (  693): [ApnContext:dun] set mDependencyMet as false current state is true
D/GSM     (  693): [GsmDCT] applyNewState(dun, false(false), true(false))
D/GSM     (  693): [ApnContext:dun] set enabled as false, current state is false
D/GSM     (  693): [ApnContext:dun] set mDependencyMet as true current state is false
D/GSM     (  693): [ApnContext:hipri] set mDependencyMet as false current state is true
D/GSM     (  693): [GsmDCT] applyNewState(hipri, false(false), true(false))
D/GSM     (  693): [ApnContext:hipri] set enabled as false, current state is false
D/GSM     (  693): [ApnContext:hipri] set mDependencyMet as true current state is false
D/GSM     (  693): [ApnContext:fota] set mDependencyMet as false current state is true
D/GSM     (  693): [GsmDCT] applyNewState(fota, false(false), true(false))
D/GSM     (  693): [ApnContext:fota] set enabled as false, current state is false
D/GSM     (  693): [ApnContext:fota] set mDependencyMet as true current state is false
D/GSM     (  693): [ApnContext:ims] set mDependencyMet as false current state is true
D/GSM     (  693): [GsmDCT] applyNewState(ims, false(false), true(false))
D/GSM     (  693): [ApnContext:ims] set enabled as false, current state is false
D/GSM     (  693): [ApnContext:ims] set mDependencyMet as true current state is false
D/GSM     (  693): [ApnContext:cbs] set mDependencyMet as false current state is true
D/GSM     (  693): [GsmDCT] applyNewState(cbs, false(false), true(false))
D/GSM     (  693): [ApnContext:cbs] set enabled as false, current state is false
D/GSM     (  693): [ApnContext:cbs] set mDependencyMet as true current state is false
D/RILB    (  693): registerForRilConnected h=Handler (com.android.internal.telephony.PhoneProxy) {410bbff0} w=4
D/RILB    (  693): Notifying: ril connected mRilVersion=6
D/GSM     (  693): [SIMRecords] SIMRecords: onRadioOffOrNotAvailable set 'gsm.sim.operator.numeric' to operator=null
D/GSM     (  693): [IccCard] Broadcasting intent ACTION_SIM_STATE_CHANGED NOT_READY reason null
D/RILJ    (  693): [0004]> RADIO_POWER on
D/RILC    (  101): [0004]> RADIO_POWER (1)
D/RIL     (  101): lge-ril: runRequestFunction(RADIO_POWER) s_InitMutex LOCKED. dlc index - 1, DLC - 1, DLC create tracker - 0x22
D/RIL     (  101): dlc[1] lge-ril: requestInterface(RADIO_POWER) invoking *requestFunction(req:23, data:013c5038, len:4)...
D/AT      (  101): AT[1]> AT+CFUN=1
D/AT      (  101): dlc[1] atchannel: writeline() written:11, errno:"Success"
D/GSM     (  693): [GsmSST] Poll ServiceState done:  oldSS=[1 home null null null  Unknown CSS not supported 0 0 RoamInd=0 DefRoamInd=0 EmergOnly=false] newSS=[3 home null null null  Unknown CSS not supported -1 -1 RoamInd=-1 DefRoamInd=-1 EmergOnly=false] oldGprs=1 newData=1 oldMaxDataCalls=1 mNewMaxDataCalls=1 oldReasonDataDenied=-1 mNewReasonDataDenied=-1 oldType=Unknown newType=Unknown
D/GSM     (  693): [GsmSST] updateSpnDisplay: changed sending intent rule=2 showPlmn='false' plmn='null' showSpn='false' spn='null'
D/GSM     (  693): [GsmSST] operatorNumeric is null
D/AT      (  101): dlc[1] atchannel: readline() count:6. Read string - "
D/AT      (  101): OK
D/AT      (  101): "
D/AT      (  101): AT[1]< OK
D/AT      (  101): dlc[1] atchannel: at_send_command_full_nolock() tid:20678160, waiting(40000 msec) for signal...DONE
D/AT      (  101): dlc[1] atchannel: at_send_command_full_nolock() end, err:0
D/AT      (  101): dlc[1] atchannel: at_send_command_full() s_commandmutex[1] UNLOCKED, tid:20678160, err - 0
D/RILC    (  101): rild: grabPartialWakeLock, s_wakeup_lock_flag - 1
D/RILC    (  101): [UNSL]< UNSOL_RESPONSE_RADIO_STATE_CHANGED  {RADIO_SIM_NOT_READY}
D/RIL     (  101): lge-ril: runRequestFunction(RIL_REQUEST_LGE_INTERNAL_ON_RADIO_POWER_ON) s_InitMutex LOCKED. dlc index - 1, DLC - 1, DLC create tracker - 0x22
D/RILC    (  101): [0004]< RADIO_POWER
D/RIL     (  101): dlc[1] lge-ril: requestInterface(RADIO_POWER) invoking *requestFunction(req:23, data: 0x013c5038, len:4)...DONE
D/RIL     (  101): dlc[1] lge-ril: requestInterface(RIL_REQUEST_LGE_INTERNAL_ON_RADIO_POWER_ON) invoking *requestFunction(req:231, data:00000000, len:0)...
D/RIL     (  101): lge-ril: runRequestFunction(RIL_REQUEST_LGE_INTERNAL_POLL_SIM_STATE) s_InitMutex LOCKED. dlc index - 2, DLC - 2, DLC create tracker - 0x22
D/RIL     (  101): dlc[1] lge-ril: requestInterface(RIL_REQUEST_LGE_INTERNAL_ON_RADIO_POWER_ON) invoking *requestFunction(req:231, data: 0x00000000, len:0)...DONE
D/RIL     (  101): dlc[2] lge-ril: requestInterface(RIL_REQUEST_LGE_INTERNAL_POLL_SIM_STATE) invoking *requestFunction(req:232, data:00000000, len:0)...
D/RIL     (  101): lge-ril: LgepollSIMState start; thread = 20730040
D/AT      (  101): AT[2]> AT+CPIN?
D/RILJ    (  693): [UNSL]< UNSOL_RESPONSE_RADIO_STATE_CHANGED RADIO_ON
D/AT      (  101): dlc[2] atchannel: writeline() written:10, errno:"Success"
D/RILB    (  693): Notifying: Radio On
D/RILJ    (  693): [0004]< RADIO_POWER 
D/GSM     (  693): [GsmDCT] onReceive: action=android.net.wifi.WIFI_STATE_CHANGED
D/GSM     (  693): [GsmDCT] handleMessage msg={ what=270337 when=-220ms obj=android.os.AsyncResult@410db958 }
D/GSM     (  693): [GsmDCT] onRadioAvailable
D/GSM     (  693): [GsmDCT] overall state is IDLE
D/GSM     (  693): [GsmDCT] handleMessage msg={ what=270342 when=-220ms obj=android.os.AsyncResult@410dba00 }
D/GSM     (  693): [ApnContext:fota] setRetryCount: 0
D/GSM     (  693): [ApnContext:dun] setRetryCount: 0
D/GSM     (  693): [ApnContext:supl] setRetryCount: 0
D/GSM     (  693): [ApnContext:hipri] setRetryCount: 0
D/GSM     (  693): [ApnContext:ims] setRetryCount: 0
D/GSM     (  693): [ApnContext:default] setRetryCount: 0
D/GSM     (  693): [ApnContext:mms] setRetryCount: 0
D/GSM     (  693): [ApnContext:cbs] setRetryCount: 0
D/GSM     (  693): [GsmDCT] onRadioOffOrNotAvailable: is off and clean up all connections
D/GSM     (  693): [GsmDCT] cleanUpAllConnections: tearDown=false reason=radioTurnedOff
D/GSM     (  693): [ApnContext:fota] set reason as radioTurnedOff,current state IDLE
D/GSM     (  693): [GsmDCT] cleanUpConnection: E tearDown=false reason=radioTurnedOff apnContext={mApnType=fota mState=IDLE mWaitingApns=null mWaitingApnsPermanentFailureCountDown=0 mApnSetting=null mDataConnectionAc=null mReason=radioTurnedOff mRetryCount=0 mDataEnabled=false mDependencyMet=true}
D/GSM     (  693): [ApnContext:fota] setState: IDLE, previous state:IDLE
D/GSM     (  693): [GsmDCT] isDataAllowed: not allowed due to - gprs= 1 - SIM not loaded
D/GSM     (  693): [GsmDCT] isDataPossible(fota): possible=false isDataAllowed=false apnTypePossible=true apnContextisEnabled=false apnContextState()=IDLE
D/GSM     (  693): [GsmDCT] get active apn string for type:fota
D/GSM     (  693): [ApnContext:fota] setDataConnection: old dc=null new dc=null this={mApnType=fota mState=IDLE mWaitingApns=null mWaitingApnsPermanentFailureCountDown=0 mApnSetting=null mDataConnectionAc=null mReason=radioTurnedOff mRetryCount=0 mDataEnabled=false mDependencyMet=true}
D/GSM     (  693): [ApnContext:fota] setDataConnectionAc: old dcac=null new dcac=null
D/GSM     (  693): [GsmDCT] cleanUpConnection: X tearDown=false reason=radioTurnedOff apnContext={mApnType=fota mState=IDLE mWaitingApns=null mWaitingApnsPermanentFailureCountDown=0 mApnSetting=null mDataConnectionAc=null mReason=radioTurnedOff mRetryCount=0 mDataEnabled=false mDependencyMet=true} dc=null
D/GSM     (  693): [ApnContext:dun] set reason as radioTurnedOff,current state IDLE
D/GSM     (  693): [GsmDCT] cleanUpConnection: E tearDown=false reason=radioTurnedOff apnContext={mApnType=dun mState=IDLE mWaitingApns=null mWaitingApnsPermanentFailureCountDown=0 mApnSetting=null mDataConnectionAc=null mReason=radioTurnedOff mRetryCount=0 mDataEnabled=false mDependencyMet=true}
D/GSM     (  693): [ApnContext:dun] setState: IDLE, previous state:IDLE
D/GSM     (  693): [GsmDCT] isDataAllowed: not allowed due to - gprs= 1 - SIM not loaded
D/GSM     (  693): [GsmDCT] isDataPossible(dun): possible=false isDataAllowed=false apnTypePossible=true apnContextisEnabled=false apnContextState()=IDLE
D/GSM     (  693): [GsmDCT] get active apn string for type:dun
D/AT      (  101): dlc[2] atchannel: readline() count:16. Read string - "
D/AT      (  101): +CPIN: READY
D/AT      (  101): "
D/AT      (  101): AT[2]< +CPIN: READY
D/AT      (  101): dlc[2] atchannel: readline() count:6. Read string - "
D/AT      (  101): OK
D/AT      (  101): "
D/AT      (  101): AT[2]< OK
D/AT      (  101): dlc[2] atchannel: at_send_command_full_nolock() tid:20730040, waiting(80000 msec) for signal...DONE
D/AT      (  101): dlc[2] atchannel: at_send_command_full_nolock() end, err:0
D/AT      (  101): dlc[2] atchannel: at_send_command_full() s_commandmutex[2] UNLOCKED, tid:20730040, err - 0
D/RIL     (  101): lge-ril: pollSIMState; getSIMStatus() = SIM_READY
D/RILC    (  101): rild: grabPartialWakeLock, s_wakeup_lock_flag - 1
D/RILC    (  101): [UNSL]< UNSOL_RESPONSE_RADIO_STATE_CHANGED  {RADIO_SIM_READY}
D/RIL     (  101): lge-ril: ON SIM_READY Start
D/RIL     (  101): lge-ril: initializeDlcCallback start
D/RIL     (  101): lge-ril: DLC[0] - Device - /dev/pts1
D/RIL     (  101): lge-ril: Initialization of DLC[0]. START, mainLoopContext - 0
D/RIL     (  101): lge-ril: sendInitCmdForAllDLC starts for DLC [0]. no of cmds - 5
D/RIL     (  101): lge-ril: send_cmd_counter - [0] cmdSuccessTracker : Ox60fff
D/RIL     (  101): lge-ril: Command already send to modem
D/RIL     (  101): lge-ril: send_cmd_counter - [1] cmdSuccessTracker : Ox60fff
D/RIL     (  101): lge-ril: Command already send to modem
D/RIL     (  101): lge-ril: send_cmd_counter - [2] cmdSuccessTracker : Ox60fff
D/RIL     (  101): lge-ril: Command already send to modem
D/RIL     (  101): lge-ril: send_cmd_counter - [3] cmdSuccessTracker : Ox60fff
D/RIL     (  101): lge-ril: Command already send to modem
D/RILJ    (  693): [UNSL]< UNSOL_RESPONSE_RADIO_STATE_CHANGED RADIO_ON
D/RIL     (  101): lge-ril: send_cmd_counter - [4] cmdSuccessTracker : Ox60fff
D/RIL     (  101): lge-ril: Command already send to modem
D/RIL     (  101): lge-ril: sendInitCmdForAllDLC ends for DLC [0]. atInitCmptFlag - 1, echo - 0x0
D/RIL     (  101): lge-ril:DLC- [0]. AT init successfully for basic commands in sendInitCmdForAllDLC method
D/RIL     (  101): lge-ril: sendInitCommand starts for DLC[0]
D/AT      (  101): AT[0]> AT+XCGEDPAGE=1,13
D/AT      (  101): dlc[0] atchannel: writeline() written:19, errno:"Success"
D/GSM     (  693): [ApnContext:dun] setDataConnection: old dc=null new dc=null this={mApnType=dun mState=IDLE mWaitingApns=null mWaitingApnsPermanentFailureCountDown=0 mApnSetting=null mDataConnectionAc=null mReason=radioTurnedOff mRetryCount=0 mDataEnabled=false mDependencyMet=true}
D/GSM     (  693): [ApnContext:dun] setDataConnectionAc: old dcac=null new dcac=null
D/GSM     (  693): [GsmDCT] cleanUpConnection: X tearDown=false reason=radioTurnedOff apnContext={mApnType=dun mState=IDLE mWaitingApns=null mWaitingApnsPermanentFailureCountDown=0 mApnSetting=null mDataConnectionAc=null mReason=radioTurnedOff mRetryCount=0 mDataEnabled=false mDependencyMet=true} dc=null
D/GSM     (  693): [ApnContext:supl] set reason as radioTurnedOff,current state IDLE
D/GSM     (  693): [GsmDCT] cleanUpConnection: E tearDown=false reason=radioTurnedOff apnContext={mApnType=supl mState=IDLE mWaitingApns=null mWaitingApnsPermanentFailureCountDown=0 mApnSetting=null mDataConnectionAc=null mReason=radioTurnedOff mRetryCount=0 mDataEnabled=false mDependencyMet=true}
D/GSM     (  693): [ApnContext:supl] setState: IDLE, previous state:IDLE
D/GSM     (  693): [GsmDCT] isDataAllowed: not allowed due to - gprs= 1 - SIM not loaded
D/GSM     (  693): [GsmDCT] isDataPossible(supl): possible=false isDataAllowed=false apnTypePossible=true apnContextisEnabled=false apnContextState()=IDLE
D/GSM     (  693): [GsmDCT] get active apn string for type:supl
D/AT      (  101): dlc[0] atchannel: readline() count:17. Read string - "
D/AT      (  101): +CME ERROR: 4
D/AT      (  101): "
D/AT      (  101): AT[0]< +CME ERROR: 4
D/AT      (  101): dlc[0] atchannel: at_send_command_full_nolock() tid:20730040, waiting(5000 msec) for signal...DONE
D/AT      (  101): dlc[0] atchannel: at_send_command_full_nolock() end, err:0
D/AT      (  101): dlc[0] atchannel: at_send_command_full() s_commandmutex[0] UNLOCKED, tid:20730040, err - 0
E/RIL     (  101): lge-ril: command fails
D/AT      (  101): AT[0]> AT+XMTPSPAGEIND=0
D/AT      (  101): dlc[0] atchannel: writeline() written:19, errno:"Success"
D/AT      (  101): dlc[0] atchannel: readline() count:19. Read string - "
D/AT      (  101): +CME ERROR: 100
D/AT      (  101): "
D/AT      (  101): AT[0]< +CME ERROR: 100
D/AT      (  101): dlc[0] atchannel: at_send_command_full_nolock() tid:20730040, waiting(5000 msec) for signal...DONE
D/AT      (  101): dlc[0] atchannel: at_send_command_full_nolock() end, err:0
D/AT      (  101): dlc[0] atchannel: at_send_command_full() s_commandmutex[0] UNLOCKED, tid:20730040, err - 0
E/RIL     (  101): lge-ril: command fails
D/RIL     (  101): lge-ril: sendInitCommand ends for DLC[0]. atInitCmptFlag - [0]
D/RIL     (  101): lge-ril: Initialization of DLC 0 END
D/RIL     (  101): lge-ril: DLC[1] - Device - /dev/pts2
D/RIL     (  101): lge-ril: Initialization of DLC[1]. START, mainLoopContext - 0
D/RIL     (  101): lge-ril:DLC- [1] doesn't require further initialization. ril_channel - 0. At channel cmpt flag - 1
D/RIL     (  101): lge-ril: Initialization of DLC 1 END
D/RIL     (  101): lge-ril: DLC[2] - Device - /dev/pts3
D/RIL     (  101): lge-ril: Initialization of DLC[2]. START, mainLoopContext - 0
D/RIL     (  101): lge-ril:DLC- [2] doesn't require further initialization. ril_channel - 0. At channel cmpt flag - 1
D/RIL     (  101): lge-ril: Initialization of DLC 2 END
D/RIL     (  101): lge-ril: DLC[3] - Device - /dev/pts4
D/RIL     (  101): lge-ril: Initialization of DLC[3]. START, mainLoopContext - 0
D/RIL     (  101): lge-ril:DLC- [3] doesn't require further initialization. ril_channel - 0. At channel cmpt flag - 1
D/RIL     (  101): lge-ril: Initialization of DLC 3 END
D/RIL     (  101): lge-ril: DLC[4] - Device - /dev/pts5
D/RIL     (  101): lge-ril: Initialization of DLC[4]. START, mainLoopContext - 0
D/RIL     (  101): lge-ril:DLC- [4] doesn't require further initialization. ril_channel - 0. At channel cmpt flag - 1
D/RIL     (  101): lge-ril: Initialization of DLC 4 END
D/RIL     (  101): lge-ril: DLC[5] - Device - /dev/pts6
D/RIL     (  101): lge-ril: Initialization of DLC[5]. START, mainLoopContext - 0
D/RIL     (  101): lge-ril:DLC- [5] doesn't require further initialization. ril_channel - 0. At channel cmpt flag - 1
D/RIL     (  101): lge-ril: Initialization of DLC 5 END
D/RIL     (  101): lge-ril: DLC[6] - Device - /dev/pts7
D/RIL     (  101): lge-ril: Initialization of DLC[6]. START, mainLoopContext - 0
D/RIL     (  101): lge-ril:DLC- [6] doesn't require further initialization. ril_channel - 0. At channel cmpt flag - 1
D/RIL     (  101): lge-ril: Initialization of DLC 6 END
D/RIL     (  101): lge-ril: DLC[7] - Device - /dev/pts14
D/RIL     (  101): lge-ril: Initialization of DLC[7]. START, mainLoopContext - 0
D/RIL     (  101): lge-ril:DLC- [7] doesn't require further initialization. ril_channel - 0. At channel cmpt flag - 1
D/RIL     (  101): lge-ril: Initialization of DLC 7 END
D/RIL     (  101): lge-ril: DLC[8] - Device - /dev/pts8
D/RIL     (  101): lge-ril: Initialization of DLC[8]. START, mainLoopContext - 0
D/RIL     (  101): lge-ril:DLC- [8] doesn't require further initialization. ril_channel - 0. At channel cmpt flag - 1
D/RIL     (  101): lge-ril: Initialization of DLC 8 END
D/RIL     (  101): lge-ril: DLC[9] - Device - /dev/pts11
D/RIL     (  101): lge-ril: Initialization of DLC[9]. START, mainLoopContext - 0
D/RIL     (  101): lge-ril:DLC- [9] doesn't require further initialization. ril_channel - 0. At channel cmpt flag - 1
D/RIL     (  101): lge-ril: Initialization of DLC 9 END
D/RIL     (  101): lge-ril: DLC[10] - Device - /dev/pts13
D/RIL     (  101): lge-ril: Initialization of DLC[10]. START, mainLoopContext - 0
D/RIL     (  101): lge-ril:DLC- [10] doesn't require further initialization. ril_channel - 0. At channel cmpt flag - 1
D/RIL     (  101): lge-ril: Initialization of DLC 10 END
D/RIL     (  101): lge-ril: DLC[11] - Device - /dev/pts28
D/RIL     (  101): lge-ril: Initialization of DLC[11]. START, mainLoopContext - 0
D/RIL     (  101): lge-ril:DLC- [11] doesn't require further initialization. ril_channel - 0. At channel cmpt flag - 1
D/RIL     (  101): lge-ril: Initialization of DLC 11 END
D/RIL     (  101): lge-ril: DLC[12] - Device - /dev/pts20
D/RIL     (  101): lge-ril: Initialization of DLC[12]. START, mainLoopContext - 0
D/RIL     (  101): lge-ril:DLC- [12] doesn't require further initialization. ril_channel - 0. At channel cmpt flag - 1
D/RIL     (  101): lge-ril: Initialization of DLC 12 END
D/RIL     (  101): lge-ril: DLC[13] - Device - /dev/pts21
D/RIL     (  101): lge-ril: DLC[14] - Device - /dev/pts23
D/RIL     (  101): lge-ril: DLC[15] - Device - /dev/pts25
D/RIL     (  101): lge-ril: DLC[16] - Device - /dev/pts27
D/RIL     (  101): lge-ril: DLC[17] - Device - /dev/pts15
D/RIL     (  101): lge-ril: Initialization of DLC[17]. START, mainLoopContext - 0
D/RIL     (  101): lge-ril:DLC- [17] doesn't require further initialization. ril_channel - 0. At channel cmpt flag - 1
D/RIL     (  101): lge-ril: Initialization of DLC 17 END
D/RIL     (  101): lge-ril: DLC[18] - Device - /dev/pts9
D/RIL     (  101): lge-ril: Initialization of DLC[18]. START, mainLoopContext - 0
D/RIL     (  101): lge-ril:DLC- [18] doesn't require further initialization. ril_channel - 0. At channel cmpt flag - 1
D/RIL     (  101): lge-ril: Initialization of DLC 18 END
D/RIL     (  101): lge-ril: initializeDlcCallback end
D/RIL     (  101): lge-ril: ON SIM_READY End
D/RIL     (  101): lge-ril: runRequestFunction(RIL_REQUEST_LGE_INTERNAL_ON_SIM_READY) s_InitMutex LOCKED. dlc index - 2, DLC - 2, DLC create tracker - 0x26
D/RIL     (  101): lge-ril: pollSIMState end; thread = 20730040
D/RIL     (  101): dlc[2] lge-ril: requestInterface(RIL_REQUEST_LGE_INTERNAL_POLL_SIM_STATE) invoking *requestFunction(req:232, data: 0x00000000, len:0)...DONE
D/RIL     (  101): dlc[2] lge-ril: requestInterface(RIL_REQUEST_LGE_INTERNAL_ON_SIM_READY) invoking *requestFunction(req:233, data:00000000, len:0)...
D/AT      (  101): AT[2]> AT+CSMS=1
D/AT      (  101): dlc[2] atchannel: writeline() written:11, errno:"Success"
D/GSM     (  693): [ApnContext:supl] setDataConnection: old dc=null new dc=null this={mApnType=supl mState=IDLE mWaitingApns=null mWaitingApnsPermanentFailureCountDown=0 mApnSetting=null mDataConnectionAc=null mReason=radioTurnedOff mRetryCount=0 mDataEnabled=false mDependencyMet=true}
D/GSM     (  693): [ApnContext:supl] setDataConnectionAc: old dcac=null new dcac=null
D/GSM     (  693): [GsmDCT] cleanUpConnection: X tearDown=false reason=radioTurnedOff apnContext={mApnType=supl mState=IDLE mWaitingApns=null mWaitingApnsPermanentFailureCountDown=0 mApnSetting=null mDataConnectionAc=null mReason=radioTurnedOff mRetryCount=0 mDataEnabled=false mDependencyMet=true} dc=null
D/GSM     (  693): [ApnContext:hipri] set reason as radioTurnedOff,current state IDLE
D/GSM     (  693): [GsmDCT] cleanUpConnection: E tearDown=false reason=radioTurnedOff apnContext={mApnType=hipri mState=IDLE mWaitingApns=null mWaitingApnsPermanentFailureCountDown=0 mApnSetting=null mDataConnectionAc=null mReason=radioTurnedOff mRetryCount=0 mDataEnabled=false mDependencyMet=true}
D/GSM     (  693): [ApnContext:hipri] setState: IDLE, previous state:IDLE
D/GSM     (  693): [GsmDCT] isDataAllowed: not allowed due to - gprs= 1 - SIM not loaded
D/GSM     (  693): [GsmDCT] isDataPossible(hipri): possible=false isDataAllowed=false apnTypePossible=true apnContextisEnabled=false apnContextState()=IDLE
D/GSM     (  693): [GsmDCT] get active apn string for type:hipri
D/AT      (  101): dlc[2] atchannel: readline() count:16. Read string - "
D/AT      (  101): +CSMS: 1,1,1
D/AT      (  101): "
D/AT      (  101): AT[2]< +CSMS: 1,1,1
D/GSM     (  693): [ApnContext:hipri] setDataConnection: old dc=null new dc=null this={mApnType=hipri mState=IDLE mWaitingApns=null mWaitingApnsPermanentFailureCountDown=0 mApnSetting=null mDataConnectionAc=null mReason=radioTurnedOff mRetryCount=0 mDataEnabled=false mDependencyMet=true}
D/GSM     (  693): [ApnContext:hipri] setDataConnectionAc: old dcac=null new dcac=null
D/GSM     (  693): [GsmDCT] cleanUpConnection: X tearDown=false reason=radioTurnedOff apnContext={mApnType=hipri mState=IDLE mWaitingApns=null mWaitingApnsPermanentFailureCountDown=0 mApnSetting=null mDataConnectionAc=null mReason=radioTurnedOff mRetryCount=0 mDataEnabled=false mDependencyMet=true} dc=null
D/GSM     (  693): [ApnContext:ims] set reason as radioTurnedOff,current state IDLE
D/GSM     (  693): [GsmDCT] cleanUpConnection: E tearDown=false reason=radioTurnedOff apnContext={mApnType=ims mState=IDLE mWaitingApns=null mWaitingApnsPermanentFailureCountDown=0 mApnSetting=null mDataConnectionAc=null mReason=radioTurnedOff mRetryCount=0 mDataEnabled=false mDependencyMet=true}
D/GSM     (  693): [ApnContext:ims] setState: IDLE, previous state:IDLE
D/GSM     (  693): [GsmDCT] isDataAllowed: not allowed due to - gprs= 1 - SIM not loaded
D/GSM     (  693): [GsmDCT] isDataPossible(ims): possible=false isDataAllowed=false apnTypePossible=true apnContextisEnabled=false apnContextState()=IDLE
D/GSM     (  693): [GsmDCT] get active apn string for type:ims
D/AT      (  101): dlc[2] atchannel: readline() count:6. Read string - "
D/AT      (  101): OK
D/AT      (  101): "
D/AT      (  101): AT[2]< OK
D/AT      (  101): dlc[2] atchannel: at_send_command_full_nolock() tid:20730040, waiting(5000 msec) for signal...DONE
D/AT      (  101): dlc[2] atchannel: at_send_command_full_nolock() end, err:0
D/AT      (  101): dlc[2] atchannel: at_send_command_full() s_commandmutex[2] UNLOCKED, tid:20730040, err - 0
D/RIL     (  101): dlc[2] lge-ril: requestInterface(RIL_REQUEST_LGE_INTERNAL_ON_SIM_READY) invoking *requestFunction(req:233, data: 0x00000000, len:0)...DONE
D/GSM     (  693): [ApnContext:ims] setDataConnection: old dc=null new dc=null this={mApnType=ims mState=IDLE mWaitingApns=null mWaitingApnsPermanentFailureCountDown=0 mApnSetting=null mDataConnectionAc=null mReason=radioTurnedOff mRetryCount=0 mDataEnabled=false mDependencyMet=true}
D/GSM     (  693): [ApnContext:ims] setDataConnectionAc: old dcac=null new dcac=null
D/GSM     (  693): [GsmDCT] cleanUpConnection: X tearDown=false reason=radioTurnedOff apnContext={mApnType=ims mState=IDLE mWaitingApns=null mWaitingApnsPermanentFailureCountDown=0 mApnSetting=null mDataConnectionAc=null mReason=radioTurnedOff mRetryCount=0 mDataEnabled=false mDependencyMet=true} dc=null
D/GSM     (  693): [ApnContext:default] set reason as radioTurnedOff,current state IDLE
D/GSM     (  693): [GsmDCT] cleanUpConnection: E tearDown=false reason=radioTurnedOff apnContext={mApnType=default mState=IDLE mWaitingApns=null mWaitingApnsPermanentFailureCountDown=0 mApnSetting=null mDataConnectionAc=null mReason=radioTurnedOff mRetryCount=0 mDataEnabled=true mDependencyMet=true}
D/GSM     (  693): [ApnContext:default] setState: IDLE, previous state:IDLE
D/GSM     (  693): [GsmDCT] isDataAllowed: not allowed due to - gprs= 1 - SIM not loaded
D/GSM     (  693): [GsmDCT] isDataPossible(default): possible=false isDataAllowed=false apnTypePossible=true apnContextisEnabled=true apnContextState()=IDLE
D/GSM     (  693): [GsmDCT] get active apn string for type:default
D/GSM     (  693): [ApnContext:default] setDataConnection: old dc=null new dc=null this={mApnType=default mState=IDLE mWaitingApns=null mWaitingApnsPermanentFailureCountDown=0 mApnSetting=null mDataConnectionAc=null mReason=radioTurnedOff mRetryCount=0 mDataEnabled=true mDependencyMet=true}
D/GSM     (  693): [ApnContext:default] setDataConnectionAc: old dcac=null new dcac=null
D/GSM     (  693): [GsmDCT] cleanUpConnection: X tearDown=false reason=radioTurnedOff apnContext={mApnType=default mState=IDLE mWaitingApns=null mWaitingApnsPermanentFailureCountDown=0 mApnSetting=null mDataConnectionAc=null mReason=radioTurnedOff mRetryCount=0 mDataEnabled=true mDependencyMet=true} dc=null
D/GSM     (  693): [ApnContext:mms] set reason as radioTurnedOff,current state IDLE
D/GSM     (  693): [GsmDCT] cleanUpConnection: E tearDown=false reason=radioTurnedOff apnContext={mApnType=mms mState=IDLE mWaitingApns=null mWaitingApnsPermanentFailureCountDown=0 mApnSetting=null mDataConnectionAc=null mReason=radioTurnedOff mRetryCount=0 mDataEnabled=false mDependencyMet=true}
D/GSM     (  693): [ApnContext:mms] setState: IDLE, previous state:IDLE
D/GSM     (  693): [GsmDCT] isDataAllowed: not allowed due to - gprs= 1 - SIM not loaded
D/GSM     (  693): [GsmDCT] isDataPossible(mms): possible=false isDataAllowed=false apnTypePossible=true apnContextisEnabled=false apnContextState()=IDLE
D/GSM     (  693): [GsmDCT] get active apn string for type:mms
D/GSM     (  693): [ApnContext:mms] setDataConnection: old dc=null new dc=null this={mApnType=mms mState=IDLE mWaitingApns=null mWaitingApnsPermanentFailureCountDown=0 mApnSetting=null mDataConnectionAc=null mReason=radioTurnedOff mRetryCount=0 mDataEnabled=false mDependencyMet=true}
D/GSM     (  693): [ApnContext:mms] setDataConnectionAc: old dcac=null new dcac=null
D/GSM     (  693): [GsmDCT] cleanUpConnection: X tearDown=false reason=radioTurnedOff apnContext={mApnType=mms mState=IDLE mWaitingApns=null mWaitingApnsPermanentFailureCountDown=0 mApnSetting=null mDataConnectionAc=null mReason=radioTurnedOff mRetryCount=0 mDataEnabled=false mDependencyMet=true} dc=null
D/GSM     (  693): [ApnContext:cbs] set reason as radioTurnedOff,current state IDLE
D/GSM     (  693): [GsmDCT] cleanUpConnection: E tearDown=false reason=radioTurnedOff apnContext={mApnType=cbs mState=IDLE mWaitingApns=null mWaitingApnsPermanentFailureCountDown=0 mApnSetting=null mDataConnectionAc=null mReason=radioTurnedOff mRetryCount=0 mDataEnabled=false mDependencyMet=true}
D/GSM     (  693): [ApnContext:cbs] setState: IDLE, previous state:IDLE
D/GSM     (  693): [GsmDCT] isDataAllowed: not allowed due to - gprs= 1 - SIM not loaded
D/GSM     (  693): [GsmDCT] isDataPossible(cbs): possible=false isDataAllowed=false apnTypePossible=true apnContextisEnabled=false apnContextState()=IDLE
D/GSM     (  693): [GsmDCT] get active apn string for type:cbs
D/GSM     (  693): [ApnContext:cbs] setDataConnection: old dc=null new dc=null this={mApnType=cbs mState=IDLE mWaitingApns=null mWaitingApnsPermanentFailureCountDown=0 mApnSetting=null mDataConnectionAc=null mReason=radioTurnedOff mRetryCount=0 mDataEnabled=false mDependencyMet=true}
D/GSM     (  693): [ApnContext:cbs] setDataConnectionAc: old dcac=null new dcac=null
D/GSM     (  693): [GsmDCT] cleanUpConnection: X tearDown=false reason=radioTurnedOff apnContext={mApnType=cbs mState=IDLE mWaitingApns=null mWaitingApnsPermanentFailureCountDown=0 mApnSetting=null mDataConnectionAc=null mReason=radioTurnedOff mRetryCount=0 mDataEnabled=false mDependencyMet=true} dc=null
D/GSM     (  693): [GsmDCT] stopNetStatPoll
D/GSM     (  693): [GsmDCT] notifyOffApnOfAvailability type:fota
D/GSM     (  693): [GsmDCT] isDataAllowed: not allowed due to - gprs= 1 - SIM not loaded
D/GSM     (  693): [GsmDCT] isDataPossible(fota): possible=false isDataAllowed=false apnTypePossible=true apnContextisEnabled=false apnContextState()=IDLE
D/GSM     (  693): [GsmDCT] get active apn string for type:fota
D/GSM     (  693): [GsmDCT] notifyOffApnOfAvailability type:dun
D/GSM     (  693): [GsmDCT] isDataAllowed: not allowed due to - gprs= 1 - SIM not loaded
D/GSM     (  693): [GsmDCT] isDataPossible(dun): possible=false isDataAllowed=false apnTypePossible=true apnContextisEnabled=false apnContextState()=IDLE
D/GSM     (  693): [GsmDCT] get active apn string for type:dun
D/GSM     (  693): [GsmDCT] notifyOffApnOfAvailability type:supl
D/GSM     (  693): [GsmDCT] isDataAllowed: not allowed due to - gprs= 1 - SIM not loaded
D/GSM     (  693): [GsmDCT] isDataPossible(supl): possible=false isDataAllowed=false apnTypePossible=true apnContextisEnabled=false apnContextState()=IDLE
D/GSM     (  693): [GsmDCT] get active apn string for type:supl
D/GSM     (  693): [GsmDCT] notifyOffApnOfAvailability type:hipri
D/GSM     (  693): [GsmDCT] isDataAllowed: not allowed due to - gprs= 1 - SIM not loaded
D/GSM     (  693): [GsmDCT] isDataPossible(hipri): possible=false isDataAllowed=false apnTypePossible=true apnContextisEnabled=false apnContextState()=IDLE
D/GSM     (  693): [GsmDCT] get active apn string for type:hipri
D/GSM     (  693): [GsmDCT] notifyOffApnOfAvailability type:ims
D/GSM     (  693): [GsmDCT] isDataAllowed: not allowed due to - gprs= 1 - SIM not loaded
D/GSM     (  693): [GsmDCT] isDataPossible(ims): possible=false isDataAllowed=false apnTypePossible=true apnContextisEnabled=false apnContextState()=IDLE
D/GSM     (  693): [GsmDCT] get active apn string for type:ims
D/GSM     (  693): [GsmDCT] notifyOffApnsOfAvailability skipped apn due to isReady==false: {mApnType=default mState=IDLE mWaitingApns=null mWaitingApnsPermanentFailureCountDown=0 mApnSetting=null mDataConnectionAc=null mReason=radioTurnedOff mRetryCount=0 mDataEnabled=true mDependencyMet=true}
D/GSM     (  693): [GsmDCT] notifyOffApnOfAvailability type:mms
D/GSM     (  693): [GsmDCT] isDataAllowed: not allowed due to - gprs= 1 - SIM not loaded
D/GSM     (  693): [GsmDCT] isDataPossible(mms): possible=false isDataAllowed=false apnTypePossible=true apnContextisEnabled=false apnContextState()=IDLE
D/GSM     (  693): [GsmDCT] get active apn string for type:mms
D/GSM     (  693): [GsmDCT] notifyOffApnOfAvailability type:cbs
D/GSM     (  693): [GsmDCT] isDataAllowed: not allowed due to - gprs= 1 - SIM not loaded
D/GSM     (  693): [GsmDCT] isDataPossible(cbs): possible=false isDataAllowed=false apnTypePossible=true apnContextisEnabled=false apnContextState()=IDLE
D/GSM     (  693): [GsmDCT] get active apn string for type:cbs
D/GSM     (  693): [GsmDCT] handleMessage msg={ what=270345 when=-314ms obj=android.os.AsyncResult@410dbd58 }
D/GSM     (  693): [GsmDCT] onDataConnectionDetached: stop polling and notify detached
D/GSM     (  693): [GsmDCT] stopNetStatPoll
D/GSM     (  693): [GsmDCT] notifyDataConnection: reason=dataDetached
D/GSM     (  693): [GsmDCT] notifyDataConnection: type:default
D/GSM     (  693): [GsmDCT] isDataAllowed: not allowed due to - gprs= 1 - SIM not loaded
D/GSM     (  693): [GsmDCT] isDataPossible(default): possible=false isDataAllowed=false apnTypePossible=true apnContextisEnabled=true apnContextState()=IDLE
D/GSM     (  693): [GsmDCT] get active apn string for type:default
D/GSM     (  693): [GsmDCT] notifyOffApnOfAvailability type:fota
D/GSM     (  693): [GsmDCT] isDataAllowed: not allowed due to - gprs= 1 - SIM not loaded
D/GSM     (  693): [GsmDCT] isDataPossible(fota): possible=false isDataAllowed=false apnTypePossible=true apnContextisEnabled=false apnContextState()=IDLE
D/GSM     (  693): [GsmDCT] get active apn string for type:fota
D/GSM     (  693): [GsmDCT] notifyOffApnOfAvailability type:dun
D/GSM     (  693): [GsmDCT] isDataAllowed: not allowed due to - gprs= 1 - SIM not loaded
D/GSM     (  693): [GsmDCT] isDataPossible(dun): possible=false isDataAllowed=false apnTypePossible=true apnContextisEnabled=false apnContextState()=IDLE
D/GSM     (  693): [GsmDCT] get active apn string for type:dun
D/GSM     (  693): [GsmDCT] notifyOffApnOfAvailability type:supl
D/GSM     (  693): [GsmDCT] isDataAllowed: not allowed due to - gprs= 1 - SIM not loaded
D/GSM     (  693): [GsmDCT] isDataPossible(supl): possible=false isDataAllowed=false apnTypePossible=true apnContextisEnabled=false apnContextState()=IDLE
D/GSM     (  693): [GsmDCT] get active apn string for type:supl
D/GSM     (  693): [GsmDCT] notifyOffApnOfAvailability type:hipri
D/GSM     (  693): [GsmDCT] isDataAllowed: not allowed due to - gprs= 1 - SIM not loaded
D/GSM     (  693): [GsmDCT] isDataPossible(hipri): possible=false isDataAllowed=false apnTypePossible=true apnContextisEnabled=false apnContextState()=IDLE
D/GSM     (  693): [GsmDCT] get active apn string for type:hipri
D/GSM     (  693): [GsmDCT] notifyOffApnOfAvailability type:ims
D/GSM     (  693): [GsmDCT] isDataAllowed: not allowed due to - gprs= 1 - SIM not loaded
D/GSM     (  693): [GsmDCT] isDataPossible(ims): possible=false isDataAllowed=false apnTypePossible=true apnContextisEnabled=false apnContextState()=IDLE
D/GSM     (  693): [GsmDCT] get active apn string for type:ims
D/GSM     (  693): [GsmDCT] notifyOffApnsOfAvailability skipped apn due to isReady==false: {mApnType=default mState=IDLE mWaitingApns=null mWaitingApnsPermanentFailureCountDown=0 mApnSetting=null mDataConnectionAc=null mReason=radioTurnedOff mRetryCount=0 mDataEnabled=true mDependencyMet=true}
D/GSM     (  693): [GsmDCT] notifyOffApnOfAvailability type:mms
D/GSM     (  693): [GsmDCT] isDataAllowed: not allowed due to - gprs= 1 - SIM not loaded
D/GSM     (  693): [GsmDCT] isDataPossible(mms): possible=false isDataAllowed=false apnTypePossible=true apnContextisEnabled=false apnContextState()=IDLE
D/GSM     (  693): [GsmDCT] get active apn string for type:mms
D/GSM     (  693): [GsmDCT] notifyOffApnOfAvailability type:cbs
D/GSM     (  693): [GsmDCT] isDataAllowed: not allowed due to - gprs= 1 - SIM not loaded
D/GSM     (  693): [GsmDCT] isDataPossible(cbs): possible=false isDataAllowed=false apnTypePossible=true apnContextisEnabled=false apnContextState()=IDLE
D/GSM     (  693): [GsmDCT] get active apn string for type:cbs
D/GSM     (  693): [GsmDCT] handleMessage msg={ what=270348 when=-354ms obj=android.os.AsyncResult@410dbeb0 }
D/GSM     (  693): [ApnContext:fota] setRetryCount: 0
D/GSM     (  693): [ApnContext:dun] setRetryCount: 0
D/GSM     (  693): [ApnContext:supl] setRetryCount: 0
D/GSM     (  693): [ApnContext:hipri] setRetryCount: 0
D/GSM     (  693): [ApnContext:ims] setRetryCount: 0
D/GSM     (  693): [ApnContext:default] setRetryCount: 0
D/GSM     (  693): [ApnContext:mms] setRetryCount: 0
D/GSM     (  693): [ApnContext:cbs] setRetryCount: 0
D/GSM     (  693): [GsmDCT] onRoamingOff
D/GSM     (  693): [GsmDCT] notifyOffApnOfAvailability type:fota
D/GSM     (  693): [GsmDCT] isDataAllowed: not allowed due to - gprs= 1 - SIM not loaded
D/GSM     (  693): [GsmDCT] isDataPossible(fota): possible=false isDataAllowed=false apnTypePossible=true apnContextisEnabled=false apnContextState()=IDLE
D/GSM     (  693): [GsmDCT] get active apn string for type:fota
D/GSM     (  693): [GsmDCT] notifyOffApnOfAvailability type:dun
D/GSM     (  693): [GsmDCT] isDataAllowed: not allowed due to - gprs= 1 - SIM not loaded
D/GSM     (  693): [GsmDCT] isDataPossible(dun): possible=false isDataAllowed=false apnTypePossible=true apnContextisEnabled=false apnContextState()=IDLE
D/GSM     (  693): [GsmDCT] get active apn string for type:dun
D/GSM     (  693): [GsmDCT] notifyOffApnOfAvailability type:supl
D/GSM     (  693): [GsmDCT] isDataAllowed: not allowed due to - gprs= 1 - SIM not loaded
D/GSM     (  693): [GsmDCT] isDataPossible(supl): possible=false isDataAllowed=false apnTypePossible=true apnContextisEnabled=false apnContextState()=IDLE
D/GSM     (  693): [GsmDCT] get active apn string for type:supl
D/GSM     (  693): [GsmDCT] notifyOffApnOfAvailability type:hipri
D/GSM     (  693): [GsmDCT] isDataAllowed: not allowed due to - gprs= 1 - SIM not loaded
D/GSM     (  693): [GsmDCT] isDataPossible(hipri): possible=false isDataAllowed=false apnTypePossible=true apnContextisEnabled=false apnContextState()=IDLE
D/GSM     (  693): [GsmDCT] get active apn string for type:hipri
D/GSM     (  693): [GsmDCT] notifyOffApnOfAvailability type:ims
D/GSM     (  693): [GsmDCT] isDataAllowed: not allowed due to - gprs= 1 - SIM not loaded
D/GSM     (  693): [GsmDCT] isDataPossible(ims): possible=false isDataAllowed=false apnTypePossible=true apnContextisEnabled=false apnContextState()=IDLE
D/GSM     (  693): [GsmDCT] get active apn string for type:ims
D/GSM     (  693): [GsmDCT] notifyOffApnsOfAvailability skipped apn due to isReady==false: {mApnType=default mState=IDLE mWaitingApns=null mWaitingApnsPermanentFailureCountDown=0 mApnSetting=null mDataConnectionAc=null mReason=radioTurnedOff mRetryCount=0 mDataEnabled=true mDependencyMet=true}
D/GSM     (  693): [GsmDCT] notifyOffApnOfAvailability type:mms
D/GSM     (  693): [GsmDCT] isDataAllowed: not allowed due to - gprs= 1 - SIM not loaded
D/GSM     (  693): [GsmDCT] isDataPossible(mms): possible=false isDataAllowed=false apnTypePossible=true apnContextisEnabled=false apnContextState()=IDLE
D/GSM     (  693): [GsmDCT] get active apn string for type:mms
D/GSM     (  693): [GsmDCT] notifyOffApnOfAvailability type:cbs
D/GSM     (  693): [GsmDCT] isDataAllowed: not allowed due to - gprs= 1 - SIM not loaded
D/GSM     (  693): [GsmDCT] isDataPossible(cbs): possible=false isDataAllowed=false apnTypePossible=true apnContextisEnabled=false apnContextState()=IDLE
D/GSM     (  693): [GsmDCT] get active apn string for type:cbs
D/GSM     (  693): [ApnContext:fota] setRetryCount: 0
D/GSM     (  693): [ApnContext:dun] setRetryCount: 0
D/GSM     (  693): [ApnContext:supl] setRetryCount: 0
D/GSM     (  693): [ApnContext:hipri] setRetryCount: 0
D/GSM     (  693): [ApnContext:ims] setRetryCount: 0
D/GSM     (  693): [ApnContext:default] setRetryCount: 0
D/GSM     (  693): [ApnContext:mms] setRetryCount: 0
D/GSM     (  693): [ApnContext:cbs] setRetryCount: 0
D/GSM     (  693): [ApnContext:default] set reason as roamingOff,current state IDLE
D/GSM     (  693): [GsmDCT] trySetupData for type:default due to roamingOff
D/GSM     (  693): [GsmDCT] trySetupData with mIsPsRestricted=false
D/GSM     (  693): [GsmDCT] isDataAllowed: not allowed due to - gprs= 1 - SIM not loaded
D/GSM     (  693): [GsmDCT] notifyOffApnOfAvailability type:fota
D/GSM     (  693): [GsmDCT] isDataAllowed: not allowed due to - gprs= 1 - SIM not loaded
D/GSM     (  693): [GsmDCT] isDataPossible(fota): possible=false isDataAllowed=false apnTypePossible=true apnContextisEnabled=false apnContextState()=IDLE
D/GSM     (  693): [GsmDCT] get active apn string for type:fota
D/GSM     (  693): [GsmDCT] notifyOffApnOfAvailability type:dun
D/GSM     (  693): [GsmDCT] isDataAllowed: not allowed due to - gprs= 1 - SIM not loaded
D/GSM     (  693): [GsmDCT] isDataPossible(dun): possible=false isDataAllowed=false apnTypePossible=true apnContextisEnabled=false apnContextState()=IDLE
D/GSM     (  693): [GsmDCT] get active apn string for type:dun
D/GSM     (  693): [GsmDCT] notifyOffApnOfAvailability type:supl
D/GSM     (  693): [GsmDCT] isDataAllowed: not allowed due to - gprs= 1 - SIM not loaded
D/GSM     (  693): [GsmDCT] isDataPossible(supl): possible=false isDataAllowed=false apnTypePossible=true apnContextisEnabled=false apnContextState()=IDLE
D/GSM     (  693): [GsmDCT] get active apn string for type:supl
D/GSM     (  693): [GsmDCT] notifyOffApnOfAvailability type:hipri
D/GSM     (  693): [GsmDCT] isDataAllowed: not allowed due to - gprs= 1 - SIM not loaded
D/GSM     (  693): [GsmDCT] isDataPossible(hipri): possible=false isDataAllowed=false apnTypePossible=true apnContextisEnabled=false apnContextState()=IDLE
D/GSM     (  693): [GsmDCT] get active apn string for type:hipri
D/GSM     (  693): [GsmDCT] notifyOffApnOfAvailability type:ims
D/GSM     (  693): [GsmDCT] isDataAllowed: not allowed due to - gprs= 1 - SIM not loaded
D/GSM     (  693): [GsmDCT] isDataPossible(ims): possible=false isDataAllowed=false apnTypePossible=true apnContextisEnabled=false apnContextState()=IDLE
D/GSM     (  693): [GsmDCT] get active apn string for type:ims
D/GSM     (  693): [GsmDCT] notifyOffApnsOfAvailability skipped apn due to isReady==false: {mApnType=default mState=IDLE mWaitingApns=null mWaitingApnsPermanentFailureCountDown=0 mApnSetting=null mDataConnectionAc=null mReason=roamingOff mRetryCount=0 mDataEnabled=true mDependencyMet=true}
D/GSM     (  693): [GsmDCT] notifyOffApnOfAvailability type:mms
D/GSM     (  693): [GsmDCT] isDataAllowed: not allowed due to - gprs= 1 - SIM not loaded
D/GSM     (  693): [GsmDCT] isDataPossible(mms): possible=false isDataAllowed=false apnTypePossible=true apnContextisEnabled=false apnContextState()=IDLE
D/GSM     (  693): [GsmDCT] get active apn string for type:mms
D/GSM     (  693): [GsmDCT] notifyOffApnOfAvailability type:cbs
D/GSM     (  693): [GsmDCT] isDataAllowed: not allowed due to - gprs= 1 - SIM not loaded
D/GSM     (  693): [GsmDCT] isDataPossible(cbs): possible=false isDataAllowed=false apnTypePossible=true apnContextisEnabled=false apnContextState()=IDLE
D/GSM     (  693): [GsmDCT] get active apn string for type:cbs
D/RILJ    (  693): [0005]> BASEBAND_VERSION
D/RILC    (  101): [0005]> BASEBAND_VERSION 
D/RIL     (  101): lge-ril: runRequestFunction(BASEBAND_VERSION) s_InitMutex LOCKED. dlc index - 1, DLC - 1, DLC create tracker - 0x26
D/RILJ    (  693): [0006]> GET_IMEI
D/RIL     (  101): dlc[1] lge-ril: requestInterface(BASEBAND_VERSION) invoking *requestFunction(req:51, data:00000000, len:0)...
D/AT      (  101): AT[1]> AT+CGMR
D/AT      (  101): dlc[1] atchannel: writeline() written:9, errno:"Success"
D/RILC    (  101): [0006]> GET_IMEI 
D/RIL     (  101): lge-ril: runRequestFunction(GET_IMEI) s_InitMutex LOCKED. dlc index - 1, DLC - 1, DLC create tracker - 0x26
D/RILJ    (  693): [0007]> GET_IMEISV
D/RILC    (  101): [0007]> GET_IMEISV 
D/RIL     (  101): lge-ril: runRequestFunction(GET_IMEISV) s_InitMutex LOCKED. dlc index - 1, DLC - 1, DLC create tracker - 0x26
D/AT      (  101): dlc[1] atchannel: readline() count:21. Read string - "
D/AT      (  101):  1035.23_20110115
D/AT      (  101): "
D/AT      (  101): AT[1]<  1035.23_20110115
D/AT      (  101): dlc[1] atchannel: readline() count:6. Read string - "
D/AT      (  101): OK
D/AT      (  101): "
D/AT      (  101): AT[1]< OK
D/AT      (  101): dlc[1] atchannel: at_send_command_full_nolock() tid:20678160, waiting(5000 msec) for signal...DONE
D/AT      (  101): dlc[1] atchannel: at_send_command_full_nolock() end, err:0
D/AT      (  101): dlc[1] atchannel: at_send_command_full() s_commandmutex[1] UNLOCKED, tid:20678160, err - 0
D/RIL     (  101): remove_prefix() -- src = " 1035.23_20110115", prefix = " "
D/RIL     (  101): remove_prefix() -- result = 1, src= "1035.23_20110115"
D/RILC    (  101): [0005]< BASEBAND_VERSION {1035.23_20110115}
D/RIL     (  101): dlc[1] lge-ril: requestInterface(BASEBAND_VERSION) invoking *requestFunction(req:51, data: 0x00000000, len:0)...DONE
D/RIL     (  101): dlc[1] lge-ril: requestInterface(GET_IMEI) invoking *requestFunction(req:38, data:00000000, len:0)...
D/AT      (  101): AT[1]> AT+CGSN
D/AT      (  101): dlc[1] atchannel: writeline() written:9, errno:"Success"
D/RILJ    (  693): [0005]< BASEBAND_VERSION 1035.23_20110115
D/AT      (  101): dlc[1] atchannel: readline() count:19. Read string - "
D/AT      (  101): 358698041317024
D/AT      (  101): "
D/AT      (  101): AT[1]< 358698041317024
D/AT      (  101): dlc[1] atchannel: readline() count:6. Read string - "
D/AT      (  101): OK
D/AT      (  101): "
D/AT      (  101): AT[1]< OK
D/AT      (  101): dlc[1] atchannel: at_send_command_full_nolock() tid:20678160, waiting(5000 msec) for signal...DONE
D/AT      (  101): dlc[1] atchannel: at_send_command_full_nolock() end, err:0
D/AT      (  101): dlc[1] atchannel: at_send_command_full() s_commandmutex[1] UNLOCKED, tid:20678160, err - 0
D/RILC    (  101): [0006]< GET_IMEI {358698041317024}
D/RIL     (  101): dlc[1] lge-ril: requestInterface(GET_IMEI) invoking *requestFunction(req:38, data: 0x00000000, len:0)...DONE
D/RIL     (  101): dlc[1] lge-ril: requestInterface(GET_IMEISV) invoking *requestFunction(req:39, data:00000000, len:0)...
D/RILC    (  101): [0007]< GET_IMEISV {}
D/RIL     (  101): dlc[1] lge-ril: requestInterface(GET_IMEISV) invoking *requestFunction(req:39, data: 0x00000000, len:0)...DONE
D/RILJ    (  693): [0006]< GET_IMEI 
D/RILJ    (  693): [0007]< GET_IMEISV 
D/RILJ    (  693): [0008]> OPERATOR
D/RILJ    (  693): [0009]> DATA_REGISTRATION_STATE
D/RILC    (  101): [0008]> OPERATOR 
D/RIL     (  101): lge-ril: runRequestFunction(OPERATOR) s_InitMutex LOCKED. dlc index - 5, DLC - 5, DLC create tracker - 0x26
D/RIL     (  101): dlc[5] lge-ril: requestInterface(OPERATOR) invoking *requestFunction(req:22, data:00000000, len:0)...
D/AT      (  101): AT[5]> AT+COPS=3,0;+COPS?;+COPS=3,1;+COPS?;+COPS=3,2;+COPS?
D/AT      (  101): dlc[5] atchannel: writeline() written:54, errno:"Success"
D/RILJ    (  693): [0010]> VOICE_REGISTRATION_STATE
D/RILJ    (  693): [0011]> QUERY_NETWORK_SELECTION_MODE
D/RILJ    (  693): [0012]> RIL_REQUEST_CDMA_GET_SUBSCRIPTION_SOURCE
D/RILJ    (  693): [0013]> GET_SIM_STATUS
D/RILJ    (  693): [0014]> GET_CURRENT_CALLS
D/RILJ    (  693): [0015]> RIL_REQUEST_VOICE_RADIO_TECH
D/AT      (  101): dlc[0] atchannel: readline() count:40. Read string - "
D/AT      (  101): +XLGEUNSOL: 425989, 2012!07!06!11!58
D/AT      (  101): "
D/AT      (  101): AT[0]< +XLGEUNSOL: 425989, 2012!07!06!11!58
D/RIL     (  101): LGEUnsol line received: response[0] '425989'
D/RIL     (  101): LGEUnsol line received: response[1] '2012!07!06!11!58'
D/RILC    (  101): rild: grabPartialWakeLock, s_wakeup_lock_flag - 1
D/RILC    (  101): responseLgeunsol
E/RILC    (  101): responseLgeunsol etc
D/RILC    (  101): [UNSL]< RIL_UNSOL_LGE_UNSOL {2012!07!06!11!58}
D/RILC    (  101): [0009]> DATA_REGISTRATION_STATE 
D/RIL     (  101): lge-ril: runRequestFunction(DATA_REGISTRATION_STATE) s_InitMutex LOCKED. dlc index - 5, DLC - 5, DLC create tracker - 0x26
D/RILC    (  101): [0010]> VOICE_REGISTRATION_STATE 
D/RIL     (  101): lge-ril: runRequestFunction(VOICE_REGISTRATION_STATE) s_InitMutex LOCKED. dlc index - 5, DLC - 5, DLC create tracker - 0x26
D/RILC    (  101): [0011]> QUERY_NETWORK_SELECTION_MODE 
D/RIL     (  101): lge-ril: runRequestFunction(QUERY_NETWORK_SELECTION_MODE) s_InitMutex LOCKED. dlc index - 5, DLC - 5, DLC create tracker - 0x26
D/RILC    (  101): [0012]> CDMA_GET_SUBSCRIPTION_SOURCE 
D/RIL     (  101): lge-ril: runRequestFunction(CDMA_GET_SUBSCRIPTION_SOURCE) s_InitMutex LOCKED. dlc index - 0, DLC - 0, DLC create tracker - 0x26
E/RILJ    (  693): Exception processing unsol response: 1080Exception:java.lang.RuntimeException: Unrecognized unsol response: 1080
E/RIL     (  101): dlc[0]: lge-ril: CDMA_GET_SUBSCRIPTION_SOURCE; ERROR: request function not defined
D/RILC    (  101): [0013]> GET_SIM_STATUS 
D/AT      (  101): dlc[5] atchannel: readline() count:12. Read string - "
D/AT      (  101): +COPS: 2
D/AT      (  101): "
D/RIL     (  101): lge-ril: runRequestFunction(GET_SIM_STATUS) s_InitMutex LOCKED. dlc index - 2, DLC - 2, DLC create tracker - 0x27
D/AT      (  101): AT[5]< +COPS: 2
D/RILC    (  101): [0014]> GET_CURRENT_CALLS 
