D/GSM     (  693): [GsmDCT] get active apn string for type:dun
D/GSM     (  693): [GsmDCT] notifyOffApnOfAvailability type:supl
D/RILC    (  101): [0067]> SETUP_DATA_CALL (5,0,web.sktelecom.com,(null),(null),0,IP)
D/RIL     (  101): lge-ril: runRequestFunction(SETUP_DATA_CALL) s_InitMutex LOCKED. dlc index - 12, DLC - 12, DLC create tracker - 0x6113f
D/RIL     (  101): dlc[12] lge-ril: requestInterface(SETUP_DATA_CALL) invoking *requestFunction(req:27, data:013b80e8, len:28)...
D/RIL     (  101): requestSetupDataCall() START
D/RIL     (  101): lge-ril: getAvailableCid(1)
D/RIL     (  101): # cId: 1, fd: 12, dlc: 12
D/RIL     (  101): activate: Using control channel #/dev/pts20.
D/RIL     (  101): requestSetupDataCall: PDP protocol - "IP"
D/AT      (  101): AT[12]> AT+CGACT?
D/AT      (  101): dlc[12] atchannel: writeline() written:11, errno:"Success"
D/GSM     (  693): [GsmDCT] isDataPossible(supl): possible=true isDataAllowed=true apnTypePossible=true apnContextisEnabled=false apnContextState()=IDLE
D/GSM     (  693): [GsmDCT] get active apn string for type:supl
D/GSM     (  693): [GsmDCT] notifyOffApnOfAvailability type:hipri
D/GSM     (  693): [GsmDCT] isDataPossible(hipri): possible=true isDataAllowed=true apnTypePossible=true apnContextisEnabled=false apnContextState()=IDLE
D/GSM     (  693): [GsmDCT] get active apn string for type:hipri
D/GSM     (  693): [GsmDCT] notifyOffApnOfAvailability type:ims
D/GSM     (  693): [GsmDCT] isDataPossible(ims): possible=true isDataAllowed=true apnTypePossible=true apnContextisEnabled=false apnContextState()=IDLE
D/GSM     (  693): [GsmDCT] get active apn string for type:ims
D/GSM     (  693): [GsmDCT] notifyOffApnsOfAvailability skipped apn due to isReady==false: {mApnType=default mState=INITING mWaitingApns=[[ApnSettingV2] SKT3G, 1028, 45005, web.sktelecom.com, null, http://omms.nate.com:9082/oma_mms, smart.nate.com, 9093, null, -1, default | supl | mms, IP, IP, true, 0] mWaitingApnsPermanentFailureCountDown=1 mApnSetting=[ApnSettingV2] SKT3G, 1028, 45005, web.sktelecom.com, null, http://omms.nate.com:9082/oma_mms, smart.nate.com, 9093, null, -1, default | supl | mms, IP, IP, true, 0 mDataConnectionAc=GsmDC-1 mReason=dataAttached mRetryCount=0 mDataEnabled=true mDependencyMet=true}
D/GSM     (  693): [GsmDCT] notifyOffApnOfAvailability type:mms
D/GSM     (  693): [GsmDCT] isDataPossible(mms): possible=true isDataAllowed=true apnTypePossible=true apnContextisEnabled=false apnContextState()=IDLE
D/GSM     (  693): [GsmDCT] get active apn string for type:mms
D/GSM     (  693): [GsmDCT] notifyOffApnOfAvailability type:cbs
D/GSM     (  693): [GsmDCT] isDataPossible(cbs): possible=true isDataAllowed=true apnTypePossible=true apnContextisEnabled=false apnContextState()=IDLE
D/GSM     (  693): [GsmDCT] get active apn string for type:cbs
D/AT      (  101): dlc[0] atchannel: readline() count:23. Read string - "
D/AT      (  101): +XLGEUNSOL:425990,0
D/AT      (  101): "
D/AT      (  101): AT[0]< +XLGEUNSOL:425990,0
D/RIL     (  101): LGEUnsol line received: response[0] '425990'
D/RIL     (  101): LGEUnsol line received: response[1] '0'
D/RILC    (  101): rild: grabPartialWakeLock, s_wakeup_lock_flag - 1
D/RILC    (  101): responseLgeunsol
E/RILC    (  101): responseLgeunsol etc
D/RILC    (  101): [UNSL]< RIL_UNSOL_LGE_UNSOL {0}
E/RILJ    (  693): Exception processing unsol response: 1080Exception:java.lang.RuntimeException: Unrecognized unsol response: 1080
D/AT      (  101): dlc[12] atchannel: readline() count:6. Read string - "
D/AT      (  101): OK
D/AT      (  101): "
D/AT      (  101): AT[12]< OK
D/AT      (  101): dlc[12] atchannel: at_send_command_full_nolock() tid:20731384, waiting(160000 msec) for signal...DONE
D/AT      (  101): dlc[12] atchannel: at_send_command_full_nolock() end, err:0
D/AT      (  101): dlc[12] atchannel: at_send_command_full() s_commandmutex[12] UNLOCKED, tid:20731384, err - 0
D/AT      (  101): AT[12]> AT+CGDCONT=1,"IP","web.sktelecom.com",,0,0
D/AT      (  101): dlc[12] atchannel: writeline() written:44, errno:"Success"
D/AT      (  101): dlc[12] atchannel: readline() count:6. Read string - "
D/AT      (  101): OK
D/AT      (  101): "
D/AT      (  101): AT[12]< OK
D/AT      (  101): dlc[12] atchannel: at_send_command_full_nolock() tid:20731384, waiting(5000 msec) for signal...DONE
D/AT      (  101): dlc[12] atchannel: at_send_command_full_nolock() end, err:0
D/AT      (  101): dlc[12] atchannel: at_send_command_full() s_commandmutex[12] UNLOCKED, tid:20731384, err - 0
D/AT      (  101): AT[12]> AT+CGQREQ=1;+CGQMIN=1
D/AT      (  101): dlc[12] atchannel: writeline() written:23, errno:"Success"
D/AT      (  101): dlc[12] atchannel: readline() count:6. Read string - "
D/AT      (  101): OK
D/AT      (  101): "
D/AT      (  101): AT[12]< OK
D/AT      (  101): dlc[12] atchannel: at_send_command_full_nolock() tid:20731384, waiting(5000 msec) for signal...DONE
D/AT      (  101): dlc[12] atchannel: at_send_command_full_nolock() end, err:0
D/AT      (  101): dlc[12] atchannel: at_send_command_full() s_commandmutex[12] UNLOCKED, tid:20731384, err - 0
D/AT      (  101): AT[12]> AT+XGAUTH=1,0,"(null)","(null)"
D/AT      (  101): dlc[12] atchannel: writeline() written:33, errno:"Success"
D/AT      (  101): dlc[12] atchannel: readline() count:6. Read string - "
D/AT      (  101): OK
D/AT      (  101): "
D/AT      (  101): AT[12]< OK
D/AT      (  101): dlc[12] atchannel: at_send_command_full_nolock() tid:20731384, waiting(5000 msec) for signal...DONE
D/AT      (  101): dlc[12] atchannel: at_send_command_full_nolock() end, err:0
D/AT      (  101): dlc[12] atchannel: at_send_command_full() s_commandmutex[12] UNLOCKED, tid:20731384, err - 0
D/AT      (  101): AT[12]> AT+XDNS=1,1
D/AT      (  101): dlc[12] atchannel: writeline() written:13, errno:"Success"
D/AT      (  101): dlc[12] atchannel: readline() count:6. Read string - "
D/AT      (  101): OK
D/AT      (  101): "
D/AT      (  101): AT[12]< OK
D/AT      (  101): dlc[12] atchannel: at_send_command_full_nolock() tid:20731384, waiting(5000 msec) for signal...DONE
D/AT      (  101): dlc[12] atchannel: at_send_command_full_nolock() end, err:0
D/AT      (  101): dlc[12] atchannel: at_send_command_full() s_commandmutex[12] UNLOCKED, tid:20731384, err - 0
D/RIL     (  101): lge-ril: activatePDPContext START
D/AT      (  101): AT[12]> AT+CGACT=1,1
D/AT      (  101): dlc[12] atchannel: writeline() written:14, errno:"Success"
D/GSM     (  693): [GsmSST] setAndBroadcastNetworkSetTime: time=1351798488007ms
D/AT      (  101): dlc[0] atchannel: readline() count:18. Read string - "
D/AT      (  101): +XPSSIGCONN: 0
D/AT      (  101): "
D/AT      (  101): AT[0]< +XPSSIGCONN: 0
D/RIL     (  101): unsolicitedPsSignalingStatus with param: +XPSSIGCONN: 0
D/RILC    (  101): rild: grabPartialWakeLock, s_wakeup_lock_flag - 1
D/RILC    (  101): [UNSL]< RIL_UNSOL_LGE_RESPONSE_PS_SIGNALING_STATUS {0}
E/RILJ    (  693): Exception processing unsol response: 1057Exception:java.lang.RuntimeException: Unrecognized unsol response: 1057
D/RILC    (  101): rild: releaseWakeLock, s_wakeup_lock_flag - 1
D/RILC    (  101): rild: wakelock released
D/AT      (  101): dlc[5] atchannel: readline() count:15. Read string - "
D/AT      (  101): +XCIEV: 11,
D/AT      (  101): "
D/AT      (  101): AT[5]< +XCIEV: 11,
D/RILC    (  101): [UNSL]< UNSOL_SIGNAL_STRENGTH {[signalStrength=11,bitErrorRate=-1,                CDMA_SS.dbm=-1,CDMA_SSecio=-1,                EVDO_SS.dbm=-1,EVDO_SS.ecio=-1,                EVDO_SS.signalNoiseRatio=-1,                LTE_SS.signalStrength=-1,LTE_SS.rsrp=-1,LTE_SS.rsrq=-1,                LTE_SS.rssnr=-1,LTE_SS.cqi=-1]}
D/AT      (  101): dlc[0] atchannel: readline() count:18. Read string - "
D/AT      (  101): +XPSSIGCONN: 1
D/AT      (  101): "
D/AT      (  101): AT[0]< +XPSSIGCONN: 1
D/RIL     (  101): unsolicitedPsSignalingStatus with param: +XPSSIGCONN: 1
D/RILC    (  101): rild: grabPartialWakeLock, s_wakeup_lock_flag - 0
D/RILC    (  101): rild: wakelock acquired
D/RILC    (  101): [UNSL]< RIL_UNSOL_LGE_RESPONSE_PS_SIGNALING_STATUS {1}
E/RILJ    (  693): Exception processing unsol response: 1057Exception:java.lang.RuntimeException: Unrecognized unsol response: 1057
D/AT      (  101): dlc[5] atchannel: readline() count:31. Read string - "
D/AT      (  101): +CREG: 1,"2261","4cd0a10",6
D/AT      (  101): "
D/AT      (  101): AT[5]< +CREG: 1,"2261","4cd0a10",6
D/RILC    (  101): rild: grabPartialWakeLock, s_wakeup_lock_flag - 1
D/RILC    (  101): [UNSL]< UNSOL_RESPONSE_VOICE_NETWORK_STATE_CHANGED 
D/RILJ    (  693): [UNSL]< UNSOL_RESPONSE_VOICE_NETWORK_STATE_CHANGED
D/RILJ    (  693): [0068]> OPERATOR
D/RILJ    (  693): [0069]> DATA_REGISTRATION_STATE
D/RILC    (  101): [0068]> OPERATOR 
D/RIL     (  101): lge-ril: runRequestFunction(OPERATOR) s_InitMutex LOCKED. dlc index - 5, DLC - 5, DLC create tracker - 0x6113f
D/RIL     (  101): dlc[5] lge-ril: requestInterface(OPERATOR) invoking *requestFunction(req:22, data:00000000, len:0)...
D/AT      (  101): AT[5]> AT+COPS=3,0;+COPS?;+COPS=3,1;+COPS?;+COPS=3,2;+COPS?
D/AT      (  101): dlc[5] atchannel: writeline() written:54, errno:"Success"
D/RILJ    (  693): [0070]> VOICE_REGISTRATION_STATE
D/RILC    (  101): [0069]> DATA_REGISTRATION_STATE 
D/RIL     (  101): lge-ril: runRequestFunction(DATA_REGISTRATION_STATE) s_InitMutex LOCKED. dlc index - 5, DLC - 5, DLC create tracker - 0x6113f
D/RILJ    (  693): [0071]> QUERY_NETWORK_SELECTION_MODE
D/RILC    (  101): [0070]> VOICE_REGISTRATION_STATE 
D/RIL     (  101): lge-ril: runRequestFunction(VOICE_REGISTRATION_STATE) s_InitMutex LOCKED. dlc index - 5, DLC - 5, DLC create tracker - 0x6113f
D/RILC    (  101): [0071]> QUERY_NETWORK_SELECTION_MODE 
D/RIL     (  101): lge-ril: runRequestFunction(QUERY_NETWORK_SELECTION_MODE) s_InitMutex LOCKED. dlc index - 5, DLC - 5, DLC create tracker - 0x6113f
D/AT      (  101): dlc[5] atchannel: readline() count:55. Read string - "
D/AT      (  101): +COPS: 0,0,"0053004B00540065006C00650063006F006D",2
D/AT      (  101): "
D/AT      (  101): AT[5]< +COPS: 0,0,"0053004B00540065006C00650063006F006D",2
D/AT      (  101): dlc[5] atchannel: readline() count:55. Read string - "
D/AT      (  101): +COPS: 0,1,"0053004B00540065006C00650063006F006D",2
D/AT      (  101): "
D/AT      (  101): AT[5]< +COPS: 0,1,"0053004B00540065006C00650063006F006D",2
D/AT      (  101): dlc[5] atchannel: readline() count:45. Read string - "
D/AT      (  101): +COPS: 0,2,"00340035003000300035",2
D/AT      (  101): 
D/AT      (  101): OK
D/AT      (  101): "
D/AT      (  101): AT[5]< +COPS: 0,2,"00340035003000300035",2
D/AT      (  101): AT[5]< OK
D/AT      (  101): dlc[5] atchannel: at_send_command_full_nolock() tid:20678472, waiting(10000 msec) for signal...DONE
D/AT      (  101): dlc[5] atchannel: at_send_command_full_nolock() end, err:0
D/AT      (  101): dlc[5] atchannel: at_send_command_full() s_commandmutex[5] UNLOCKED, tid:20678472, err - 0
D/AT      (  101): AT[5]> AT+XCOPS=6
D/AT      (  101): dlc[5] atchannel: writeline() written:12, errno:"Success"
D/AT      (  101): dlc[5] atchannel: readline() count:52. Read string - "
D/AT      (  101): +XCOPS: 6,"0053004B00540065006C00650063006F006D"
D/AT      (  101): "
D/AT      (  101): AT[5]< +XCOPS: 6,"0053004B00540065006C00650063006F006D"
D/AT      (  101): dlc[5] atchannel: readline() count:6. Read string - "
D/AT      (  101): OK
D/AT      (  101): "
D/AT      (  101): AT[5]< OK
D/AT      (  101): dlc[5] atchannel: at_send_command_full_nolock() tid:20678472, waiting(5000 msec) for signal...DONE
D/AT      (  101): dlc[5] atchannel: at_send_command_full_nolock() end, err:0
D/AT      (  101): dlc[5] atchannel: at_send_command_full() s_commandmutex[5] UNLOCKED, tid:20678472, err - 0
D/RIL     (  101): unsolicitedLgeNetworkError(): networkError 0
D/AT      (  101): AT[5]> AT+XCOPS=5
D/AT      (  101): dlc[5] atchannel: writeline() written:12, errno:"Success"
D/AT      (  101): dlc[5] atchannel: readline() count:52. Read string - "
D/AT      (  101): +XCOPS: 5,"0053004B00540065006C00650063006F006D"
D/AT      (  101): "
D/AT      (  101): AT[5]< +XCOPS: 5,"0053004B00540065006C00650063006F006D"
D/AT      (  101): dlc[5] atchannel: readline() count:6. Read string - "
D/AT      (  101): OK
D/AT      (  101): "
D/AT      (  101): AT[5]< OK
D/AT      (  101): dlc[5] atchannel: at_send_command_full_nolock() tid:20678472, waiting(5000 msec) for signal...DONE
D/AT      (  101): dlc[5] atchannel: at_send_command_full_nolock() end, err:0
D/AT      (  101): dlc[5] atchannel: at_send_command_full() s_commandmutex[5] UNLOCKED, tid:20678472, err - 0
D/RIL     (  101): unsolicitedLgeNetworkError(): networkError 0
D/RILC    (  101): [0068]< OPERATOR {SKTelecom,SKTelecom,45005}
D/RIL     (  101): dlc[5] lge-ril: requestInterface(OPERATOR) invoking *requestFunction(req:22, data: 0x00000000, len:0)...DONE
D/RIL     (  101): dlc[5] lge-ril: requestInterface(DATA_REGISTRATION_STATE) invoking *requestFunction(req:21, data:00000000, len:0)...
D/AT      (  101): AT[5]> AT+CGREG?
D/AT      (  101): dlc[5] atchannel: writeline() written:11, errno:"Success"
D/RILJ    (  693): [0068]< OPERATOR {SKTelecom, SKTelecom, 45005}
D/AT      (  101): dlc[5] atchannel: readline() count:34. Read string - "
D/AT      (  101): +CGREG: 2,1,"2261","4cd0a10",6
D/AT      (  101): "
D/AT      (  101): AT[5]< +CGREG: 2,1,"2261","4cd0a10",6
D/AT      (  101): dlc[5] atchannel: readline() count:6. Read string - "
D/AT      (  101): OK
D/AT      (  101): "
D/AT      (  101): AT[5]< OK
D/AT      (  101): dlc[5] atchannel: at_send_command_full_nolock() tid:20678472, waiting(6000 msec) for signal...DONE
D/AT      (  101): dlc[5] atchannel: at_send_command_full_nolock() end, err:0
D/AT      (  101): dlc[5] atchannel: at_send_command_full() s_commandmutex[5] UNLOCKED, tid:20678472, err - 0
D/RILC    (  101): [0069]< DATA_REGISTRATION_STATE {1,8801,80546320,11}
D/RIL     (  101): dlc[5] lge-ril: requestInterface(DATA_REGISTRATION_STATE) invoking *requestFunction(req:21, data: 0x00000000, len:0)...DONE
D/RIL     (  101): dlc[5] lge-ril: requestInterface(VOICE_REGISTRATION_STATE) invoking *requestFunction(req:20, data:00000000, len:0)...
D/AT      (  101): AT[5]> AT+CREG?
D/AT      (  101): dlc[5] atchannel: writeline() written:10, errno:"Success"
D/RILJ    (  693): [0069]< DATA_REGISTRATION_STATE {1, 8801, 80546320, 11}
D/AT      (  101): dlc[5] atchannel: readline() count:33. Read string - "
D/AT      (  101): +CREG: 2,1,"2261","4cd0a10",6
D/AT      (  101): "
D/AT      (  101): AT[5]< +CREG: 2,1,"2261","4cd0a10",6
D/AT      (  101): dlc[5] atchannel: readline() count:6. Read string - "
D/AT      (  101): OK
D/AT      (  101): "
D/AT      (  101): AT[5]< OK
D/AT      (  101): dlc[5] atchannel: at_send_command_full_nolock() tid:20678472, waiting(6000 msec) for signal...DONE
D/AT      (  101): dlc[5] atchannel: at_send_command_full_nolock() end, err:0
D/AT      (  101): dlc[5] atchannel: at_send_command_full() s_commandmutex[5] UNLOCKED, tid:20678472, err - 0
D/RIL     (  101): unsolicitedLgeNetworkError(): networkError 0
D/RIL     (  101): requestVoiceRegistrationState(): err = 0, <n> = 2
D/RIL     (  101): requestVoiceRegistrationState(): err = 0, <stat> = 1
D/RIL     (  101): requestVoiceRegistrationState(): err = 0, <lac> = 2261
D/RIL     (  101): requestVoiceRegistrationState: err = 0, <ci> = 4cd0a10
D/RIL     (  101): requestVoiceRegistrationState(): err = 0, <AcT> = 6
D/RIL     (  101): requestVoiceRegistrationState(): RIL_RadioTechnology = 11
D/RILC    (  101): [0070]< VOICE_REGISTRATION_STATE {1,2261,4cd0a10,11}
D/RIL     (  101): dlc[5] lge-ril: requestInterface(VOICE_REGISTRATION_STATE) invoking *requestFunction(req:20, data: 0x00000000, len:0)...DONE
D/RIL     (  101): dlc[5] lge-ril: requestInterface(QUERY_NETWORK_SELECTION_MODE) invoking *requestFunction(req:45, data:00000000, len:0)...
D/AT      (  101): AT[5]> AT+COPS?
D/AT      (  101): dlc[5] atchannel: writeline() written:10, errno:"Success"
D/RILJ    (  693): [0070]< VOICE_REGISTRATION_STATE {1, 2261, 4cd0a10, 11}
D/AT      (  101): dlc[5] atchannel: readline() count:39. Read string - "
D/AT      (  101): +COPS: 0,2,"00340035003000300035",2
D/AT      (  101): "
D/AT      (  101): AT[5]< +COPS: 0,2,"00340035003000300035",2
D/AT      (  101): dlc[5] atchannel: readline() count:6. Read string - "
D/AT      (  101): OK
D/AT      (  101): "
D/AT      (  101): AT[5]< OK
D/AT      (  101): dlc[5] atchannel: at_send_command_full_nolock() tid:20678472, waiting(180000 msec) for signal...DONE
D/AT      (  101): dlc[5] atchannel: at_send_command_full_nolock() end, err:0
D/AT      (  101): dlc[5] atchannel: at_send_command_full() s_commandmutex[5] UNLOCKED, tid:20678472, err - 0
D/RILC    (  101): [0071]< QUERY_NETWORK_SELECTION_MODE {0}
D/RIL     (  101): dlc[5] lge-ril: requestInterface(QUERY_NETWORK_SELECTION_MODE) invoking *requestFunction(req:45, data: 0x00000000, len:0)...DONE
D/RILJ    (  693): [0071]< QUERY_NETWORK_SELECTION_MODE {0}
D/GSM     (  693): [GsmSST] Poll ServiceState done:  oldSS=[0 home SKTelecom SKTelecom 45005  UMTS CSS not supported -1 -1 RoamInd=-1 DefRoamInd=-1 EmergOnly=false] newSS=[0 home SKTelecom SKTelecom 45005  HSPA CSS not supported -1 -1 RoamInd=-1 DefRoamInd=-1 EmergOnly=false] oldGprs=0 newData=0 oldMaxDataCalls=1 mNewMaxDataCalls=1 oldReasonDataDenied=-1 mNewReasonDataDenied=-1 oldType=UMTS newType=HSPA
D/GSM     (  693): [GsmSST] RAT switched UMTS -> HSPA at cell 80546320
D/GSM     (  693): [GsmSST] pollStateDone: no nitz but one TZ for iso-cc=kr with zone.getID=Asia/Seoul testOneUniqueOffsetPath=false
D/GSM     (  693): [GsmSST] setAndBroadcastNetworkSetTimeZone: setTimeZone=Asia/Seoul
D/GSM     (  693): [GsmSST] setAndBroadcastNetworkSetTimeZone: call alarm.setTimeZone and broadcast zoneId=Asia/Seoul
D/GSM     (  693): [GsmSST] shouldFixTimeZoneNow: retVal=false iccCard=com.android.internal.telephony.IccCard@410c2d10 iccCard.state=READY iccCardExist=true operatorNumeric=45005 mcc=450 prevOperatorNumeric=45005 prevMcc=450 needToFixTimeZone=false ltod=11-02 04:34:50.868
D/GSM     (  693): [GsmDCT] get all active apn types
D/GSM     (  693): [GsmDCT] isDataPossible(default): possible=true isDataAllowed=true apnTypePossible=true apnContextisEnabled=true apnContextState()=INITING
D/GSM     (  693): [GsmDCT] get active apn string for type:default
D/AT      (  101): dlc[12] atchannel: readline() count:6. Read string - "
D/AT      (  101): OK
D/AT      (  101): "
D/AT      (  101): AT[12]< OK
D/AT      (  101): dlc[12] atchannel: at_send_command_full_nolock() tid:20731384, waiting(160000 msec) for signal...DONE
D/AT      (  101): dlc[12] atchannel: at_send_command_full_nolock() end, err:0
D/AT      (  101): dlc[12] atchannel: at_send_command_full() s_commandmutex[12] UNLOCKED, tid:20731384, err - 0
D/RIL     (  101): lge-ril: activatePDPContext END
D/AT      (  101): AT[12]> AT+XDATACHANNEL=1,1,"/mux/20","/mux/21",0
D/AT      (  101): dlc[12] atchannel: writeline() written:43, errno:"Success"
D/AT      (  101): dlc[12] atchannel: readline() count:6. Read string - "
D/AT      (  101): OK
D/AT      (  101): "
D/AT      (  101): AT[12]< OK
D/AT      (  101): dlc[12] atchannel: at_send_command_full_nolock() tid:20731384, waiting(5000 msec) for signal...DONE
D/AT      (  101): dlc[12] atchannel: at_send_command_full_nolock() end, err:0
D/AT      (  101): dlc[12] atchannel: at_send_command_full() s_commandmutex[12] UNLOCKED, tid:20731384, err - 0
D/AT      (  101): AT[12]> AT+CGDATA="M-RAW_IP",1
D/AT      (  101): dlc[12] atchannel: writeline() written:24, errno:"Success"
D/AT      (  101): dlc[12] atchannel: readline() count:6. Read string - "
D/AT      (  101): OK
D/AT      (  101): "
D/AT      (  101): AT[12]< OK
D/AT      (  101): dlc[12] atchannel: at_send_command_full_nolock() tid:20731384, waiting(80000 msec) for signal...DONE
D/AT      (  101): dlc[12] atchannel: at_send_command_full_nolock() end, err:0
D/AT      (  101): dlc[12] atchannel: at_send_command_full() s_commandmutex[12] UNLOCKED, tid:20731384, err - 0
D/AT      (  101): AT[12]> AT+CGPADDR=1
D/AT      (  101): dlc[12] atchannel: writeline() written:14, errno:"Success"
D/AT      (  101): dlc[12] atchannel: readline() count:37. Read string - "
D/AT      (  101): +CGPADDR: 1,"10.174.26.207"
D/AT      (  101): 
D/AT      (  101): OK
D/AT      (  101): "
D/AT      (  101): AT[12]< +CGPADDR: 1,"10.174.26.207"
D/AT      (  101): AT[12]< OK
D/AT      (  101): dlc[12] atchannel: at_send_command_full_nolock() tid:20731384, waiting(5000 msec) for signal...DONE
D/AT      (  101): dlc[12] atchannel: at_send_command_full_nolock() end, err:0
D/AT      (  101): dlc[12] atchannel: at_send_command_full() s_commandmutex[12] UNLOCKED, tid:20731384, err - 0
D/RIL     (  101): PDP address(cid=1): 10.174.26.207
D/RIL     (  101): Getting DNS from modem...
D/AT      (  101): AT[12]> AT+XDNS?
D/AT      (  101): dlc[12] atchannel: writeline() written:10, errno:"Success"
D/AT      (  101): dlc[12] atchannel: readline() count:46. Read string - "
D/AT      (  101): +XDNS: 1, "203.236.43.5", "211.234.229.23"
D/AT      (  101): "
D/AT      (  101): AT[12]< +XDNS: 1, "203.236.43.5", "211.234.229.23"
D/AT      (  101): dlc[12] atchannel: readline() count:6. Read string - "
D/AT      (  101): OK
D/AT      (  101): "
D/AT      (  101): AT[12]< OK
D/AT      (  101): dlc[12] atchannel: at_send_command_full_nolock() tid:20731384, waiting(6000 msec) for signal...DONE
D/AT      (  101): dlc[12] atchannel: at_send_command_full_nolock() end, err:0
D/AT      (  101): dlc[12] atchannel: at_send_command_full() s_commandmutex[12] UNLOCKED, tid:20731384, err - 0
D/RIL     (  101): DNS info (cid=1): addr1=203.236.43.5, addr2=211.234.229.23
D/RIL     (  101): CONFIGURE NETWORK INTERFACE START
D/RIL     (  101): Set net.pdp1.name property to vsnet0, error = 0
D/RIL     (  101): Set net.vsnet0.remote-ip property to 10.174.26.207, error = 0
D/RIL     (  101): Set net.vsnet0.local-ip property to 10.174.26.207, error = 0
D/RIL     (  101): CONFIGURE NETWORK INTERFACE END
D/RILC    (  101): [0067]< SETUP_DATA_CALL {[status=0,retry=-1,cid=1,up,vsnet0,10.174.26.207,203.236.43.5 211.234.229.23,10.174.26.207]}
D/RIL     (  101): lge-ril: occupyCid(1)
D/RIL     (  101): requestSetupDataCall() END - SUCCESS
D/RIL     (  101): dlc[12] lge-ril: requestInterface(SETUP_DATA_CALL) invoking *requestFunction(req:27, data: 0x013b80e8, len:28)...DONE
D/RIL     (  101): lge-ril: onDataCallListChanged START
D/RIL     (  101): lge-ril: runRequestFunction(DATA_CALL_LIST) s_InitMutex LOCKED. dlc index - 12, DLC - 12, DLC create tracker - 0x6113f
D/RIL     (  101): lge-ril: onDataCallListChanged END
D/RIL     (  101): dlc[12] lge-ril: requestInterface(DATA_CALL_LIST) invoking *requestFunction(req:57, data:00000000, len:0)...
D/AT      (  101): AT[12]> AT+CGACT?
D/AT      (  101): dlc[12] atchannel: writeline() written:11, errno:"Success"
D/RILJ    (  693): [0067]< SETUP_DATA_CALL DataCallState: {version=6 status=0 retry=-1 cid=1 active=1 type='IP' ifname='vsnet0' addresses=[10.174.26.207] dnses=[203.236.43.5,211.234.229.23] gateways=[10.174.26.207]}
D/GSM     (  693): [GsmDC-1] DcActivatingState msg.what=EVENT_SETUP_DATA_CONNECTION_DONE
D/GSM     (  693): [GsmDC-1] onSetupConnectionCompleted received DataCallState: DataCallState: {version=6 status=0 retry=-1 cid=1 active=1 type='IP' ifname='vsnet0' addresses=[10.174.26.207] dnses=[203.236.43.5,211.234.229.23] gateways=[10.174.26.207]}
D/GSM     (  693): addr/pl=10.174.26.207/32
D/GSM     (  693): [GsmDC-1] updateLinkProperty old LP=LinkAddresses: [] Routes: [] DnsAddresses: [] 
D/GSM     (  693): [GsmDC-1] updateLinkProperty new LP=InterfaceName: vsnet0 LinkAddresses: [10.174.26.207/32,] Routes: [0.0.0.0/0 -> 10.174.26.207,] DnsAddresses: [203.236.43.5,211.234.229.23,] 
D/GSM     (  693): [GsmDC-1] DcActivatingState onSetupConnectionCompleted result=SUCCESS  SetupResult.mFailCause=NONE
D/GSM     (  693): [GsmDC-1] notifyConnectionCompleted at 1351798491705 cause=NONE
D/GSM     (  693): [GsmDCT] handleMessage msg={ what=270336 when=0 arg1=1 obj=android.os.AsyncResult@412c84b0 }
D/GSM     (  693): [GsmDCT] isDataSetupCompleteOk return true
D/GSM     (  693): [GsmDCT] onDataSetupComplete: success apn=web.sktelecom.com
D/GSM     (  693): [GsmDCT] notifyDefaultData: type=default, reason:dataAttached
D/GSM     (  693): [ApnContext:default] setState: CONNECTED, previous state:INITING
D/GSM     (  693): [GsmDCT] return link properites for default
D/GSM     (  693): [GsmDCT] get active pdp is not null, return link Capabilities for default
D/GSM     (  693): [GsmDCT] isDataPossible(default): possible=true isDataAllowed=true apnTypePossible=true apnContextisEnabled=true apnContextState()=CONNECTED
D/GSM     (  693): [GsmDCT] get active apn string for type:default
D/AT      (  101): dlc[12] atchannel: readline() count:15. Read string - "
D/AT      (  101): +CGACT: 1,1
D/AT      (  101): "
D/AT      (  101): AT[12]< +CGACT: 1,1
D/AT      (  101): dlc[12] atchannel: readline() count:6. Read string - "
D/AT      (  101): OK
D/AT      (  101): "
D/AT      (  101): AT[12]< OK
D/AT      (  101): dlc[12] atchannel: at_send_command_full_nolock() tid:20731384, waiting(160000 msec) for signal...DONE
D/AT      (  101): dlc[12] atchannel: at_send_command_full_nolock() end, err:0
D/AT      (  101): dlc[12] atchannel: at_send_command_full() s_commandmutex[12] UNLOCKED, tid:20731384, err - 0
D/AT      (  101): AT[12]> AT+CGDCONT?
D/AT      (  101): dlc[12] atchannel: writeline() written:13, errno:"Success"
D/GSM     (  693): [GsmDCT] overall state is CONNECTED
D/GSM     (  693): [GsmDCT] startNetStatPoll
D/AT      (  101): dlc[12] atchannel: readline() count:60. Read string - "
D/AT      (  101): +CGDCONT: 1,"IP","web.sktelecom.com","10.174.26.207",0,0
D/AT      (  101): "
D/AT      (  101): AT[12]< +CGDCONT: 1,"IP","web.sktelecom.com","10.174.26.207",0,0
D/AT      (  101): dlc[12] atchannel: readline() count:6. Read string - "
D/AT      (  101): OK
D/AT      (  101): "
D/AT      (  101): AT[12]< OK
D/AT      (  101): dlc[12] atchannel: at_send_command_full_nolock() tid:20731384, waiting(6000 msec) for signal...DONE
D/AT      (  101): dlc[12] atchannel: at_send_command_full_nolock() end, err:0
D/AT      (  101): dlc[12] atchannel: at_send_command_full() s_commandmutex[12] UNLOCKED, tid:20731384, err - 0
D/AT      (  101): AT[12]> AT+XDNS?
D/AT      (  101): dlc[12] atchannel: writeline() written:10, errno:"Success"
D/AT      (  101): dlc[12] atchannel: readline() count:46. Read string - "
D/AT      (  101): +XDNS: 1, "203.236.43.5", "211.234.229.23"
D/AT      (  101): "
D/AT      (  101): AT[12]< +XDNS: 1, "203.236.43.5", "211.234.229.23"
D/AT      (  101): dlc[12] atchannel: readline() count:6. Read string - "
D/AT      (  101): OK
D/AT      (  101): "
D/AT      (  101): AT[12]< OK
D/AT      (  101): dlc[12] atchannel: at_send_command_full_nolock() tid:20731384, waiting(6000 msec) for signal...DONE
D/AT      (  101): dlc[12] atchannel: at_send_command_full_nolock() end, err:0
D/AT      (  101): dlc[12] atchannel: at_send_command_full() s_commandmutex[12] UNLOCKED, tid:20731384, err - 0
D/RILC    (  101): rild: grabPartialWakeLock, s_wakeup_lock_flag - 1
D/RILC    (  101): [UNSL]< UNSOL_DATA_CALL_LIST_CHANGED {[status=0,retry=-1,cid=1,up,vsnet0,10.174.26.207,203.236.43.5 211.234.229.23,10.174.26.207]}
D/RIL     (  101): dlc[12] lge-ril: requestInterface(DATA_CALL_LIST) invoking *requestFunction(req:57, data: 0x00000000, len:0)...DONE
D/RILJ    (  693): responseDataCallList ver=6 num=1
D/GSM     (  693): [ApnContext:default] setRetryCount: 0
D/GSM     (  693): [GsmDC-1] setRetryCount: 0
D/GSM     (  693): [RM] setRetryCount: 0
D/RILJ    (  693): [UNSL]< UNSOL_DATA_CALL_LIST_CHANGED [DataCallState: {version=6 status=0 retry=-1 cid=1 active=1 type='IP' ifname='vsnet0' addresses=[10.174.26.207] dnses=[203.236.43.5,211.234.229.23] gateways=[10.174.26.207]}]
D/GSM     (  693): [GsmDCT] handleMessage msg={ what=270340 when=0 obj=android.os.AsyncResult@412cd270 }
D/GSM     (  693): [GsmDCT] onDataStateChanged(ar): E
D/GSM     (  693): [GsmDCT] onDataStateChanged(ar): DataCallState size=1
D/GSM     (  693): [GsmDCT] Number of DataCallStates:1Unique count:1
D/GSM     (  693): [GsmDCT] findApnContextToClean(ar): E dcacs=[GsmDC-1]
D/GSM     (  693): [GsmDCT] findApnContextToClean(ar): X list=[]
D/GSM     (  693): [GsmDCT] onDataStateChanged(ar): Found ConnId=1 newState=DataCallState: {version=6 status=0 retry=-1 cid=1 active=1 type='IP' ifname='vsnet0' addresses=[10.174.26.207] dnses=[203.236.43.5,211.234.229.23] gateways=[10.174.26.207]}
D/GSM     (  693): addr/pl=10.174.26.207/32
D/GSM     (  693): [GsmDCT] onDataStateChanged(ar): no change
D/GSM     (  693): [GsmDCT] onDataStateChanged: Data Activity updated to DORMANT. stopNetStatePoll
D/GSM     (  693): [GsmDCT] stopNetStatPoll
D/GSM     (  693): [GsmDCT] onDataStateChange(ar): apnsToCleanup=[]
D/GSM     (  693): [GsmDCT] onDataStateChanged(ar): X
D/RILC    (  101): rild: releaseWakeLock, s_wakeup_lock_flag - 1
D/RILC    (  101): rild: wakelock released
D/GSM     (  693): [GsmDCT] onReceive: action=android.net.wifi.STATE_CHANGE
D/GSM     (  693): [GsmDCT] onReceive: action=android.net.wifi.STATE_CHANGE
D/GSM     (  693): [GsmDCT] disableApnType:default
D/GSM     (  693): [GsmDCT] setEnabled(0, false) with old state = true and enabledCount = 1
D/GSM     (  693): [GsmDCT] diableApnType: return APN_REQUEST_STARTED
D/GSM     (  693): [GsmDCT] handleMessage msg={ what=270349 when=-1ms }
D/GSM     (  693): [GsmDCT] onEnableApn: apnContext={mApnType=default mState=CONNECTED mWaitingApns=[[ApnSettingV2] SKT3G, 1028, 45005, web.sktelecom.com, null, http://omms.nate.com:9082/oma_mms, smart.nate.com, 9093, null, -1, default | supl | mms, IP, IP, true, 0] mWaitingApnsPermanentFailureCountDown=1 mApnSetting=[ApnSettingV2] SKT3G, 1028, 45005, web.sktelecom.com, null, http://omms.nate.com:9082/oma_mms, smart.nate.com, 9093, null, -1, default | supl | mms, IP, IP, true, 0 mDataConnectionAc=GsmDC-1 mReason=dataAttached mRetryCount=0 mDataEnabled=true mDependencyMet=true} call applyNewState
D/GSM     (  693): [GsmDCT] applyNewState(default, false(true), true(true))
D/GSM     (  693): [ApnContext:default] set reason as dataDisabled,current state CONNECTED
D/GSM     (  693): [ApnContext:default] set enabled as false, current state is true
D/GSM     (  693): [ApnContext:default] set mDependencyMet as true current state is true
D/GSM     (  693): [GsmDCT] cleanUpConnection: E tearDown=true reason=dataDisabled apnContext={mApnType=default mState=CONNECTED mWaitingApns=[[ApnSettingV2] SKT3G, 1028, 45005, web.sktelecom.com, null, http://omms.nate.com:9082/oma_mms, smart.nate.com, 9093, null, -1, default | supl | mms, IP, IP, true, 0] mWaitingApnsPermanentFailureCountDown=1 mApnSetting=[ApnSettingV2] SKT3G, 1028, 45005, web.sktelecom.com, null, http://omms.nate.com:9082/oma_mms, smart.nate.com, 9093, null, -1, default | supl | mms, IP, IP, true, 0 mDataConnectionAc=GsmDC-1 mReason=dataDisabled mRetryCount=0 mDataEnabled=false mDependencyMet=true}
D/GSM     (  693): [GsmDCT] cleanUpConnection: tearing down
D/GSM     (  693): [ApnContext:default] setState: DISCONNECTING, previous state:CONNECTED
D/GSM     (  693): [GsmDC-1] DcActiveState msg.what=EVENT_DISCONNECT RefCount=0
D/GSM     (  693): [GsmDC-1] tearDownData radio is on, call deactivateDataCall
D/RILJ    (  693): [0072]> DEACTIVATE_DATA_CALL 1 0
D/RILC    (  101): [0072]> DEACTIVATE_DATA_CALL (1,0)
D/RIL     (  101): lge-ril: runRequestFunction(DEACTIVATE_DATA_CALL) s_InitMutex LOCKED. dlc index - 12, DLC - 12, DLC create tracker - 0x6113f
D/RIL     (  101): dlc[12] lge-ril: requestInterface(DEACTIVATE_DATA_CALL) invoking *requestFunction(req:41, data:013c5808, len:8)...
D/RIL     (  101): requestDeactivatePDP() cid: 1, reason: 0
D/RIL     (  101): deactivate: Using control channel #12.
D/AT      (  101): AT[12]> AT+CGACT=0,1
D/AT      (  101): dlc[12] atchannel: writeline() written:14, errno:"Success"
D/GSM     (  693): [GsmDCT] cleanUpConnection: X tearDown=true reason=dataDisabled apnContext={mApnType=default mState=DISCONNECTING mWaitingApns=[[ApnSettingV2] SKT3G, 1028, 45005, web.sktelecom.com, null, http://omms.nate.com:9082/oma_mms, smart.nate.com, 9093, null, -1, default | supl | mms, IP, IP, true, 0] mWaitingApnsPermanentFailureCountDown=1 mApnSetting=[ApnSettingV2] SKT3G, 1028, 45005, web.sktelecom.com, null, http://omms.nate.com:9082/oma_mms, smart.nate.com, 9093, null, -1, default | supl | mms, IP, IP, true, 0 mDataConnectionAc=GsmDC-1 mReason=dataDisabled mRetryCount=0 mDataEnabled=false mDependencyMet=true} dc={GsmDC-1: State=DcDisconnectingState apnSetting=[ApnSettingV2] SKT3G, 1028, 45005, web.sktelecom.com, null, http://omms.nate.com:9082/oma_mms, smart.nate.com, 9093, null, -1, default | supl | mms, IP, IP, true, 0 apnList= [{mApnType=default mState=DISCONNECTING mWaitingApns=[[ApnSettingV2] SKT3G, 1028, 45005, web.sktelecom.com, null, http://omms.nate.com:9082/oma_mms, smart.nate.com, 9093, null, -1, default | supl | mms, IP, IP, true, 0] mWaitingApnsPermanentFailureCountDown=1 mApnSetting=[ApnSettingV2] SKT3G, 1028, 45005, web.sktelecom.com, null, http://omms.nate.com:9082/oma_mms, smart.nate.com, 9093, null, -1, default | supl | mms, IP, IP, true, 0 mDataConnectionAc=GsmDC-1 mReason=dataDisabled mRetryCount=0 mDataEnabled=false mDependencyMet=true}] RefCount=0 cid=1 create=1351798491705 lastFail=-1 lastFailCause=NONE}
D/AT      (  101): dlc[12] atchannel: readline() count:6. Read string - "
D/AT      (  101): OK
D/AT      (  101): "
D/AT      (  101): AT[12]< OK
D/AT      (  101): dlc[12] atchannel: at_send_command_full_nolock() tid:20731384, waiting(160000 msec) for signal...DONE
D/AT      (  101): dlc[12] atchannel: at_send_command_full_nolock() end, err:0
D/AT      (  101): dlc[12] atchannel: at_send_command_full() s_commandmutex[12] UNLOCKED, tid:20731384, err - 0
D/RIL     (  101): lge-ril: releaseCid(1)
D/RIL     (  101): Down interface id - 1
D/AT      (  101): dlc[12] atchannel: readline() count:14. Read string - "
D/AT      (  101): NO CARRIER
D/AT      (  101): "
D/AT      (  101): AT[12]< NO CARRIER
D/RILC    (  101): rild: grabPartialWakeLock, s_wakeup_lock_flag - 0
D/RILC    (  101): rild: wakelock acquired
D/RILC    (  101): [UNSL]< UNSOL_RESPONSE_CALL_STATE_CHANGED 
D/RILJ    (  693): [UNSL]< UNSOL_RESPONSE_CALL_STATE_CHANGED
D/AT      (  101): dlc[0] atchannel: readline() count:44. Read string - "
D/AT      (  101): +CGEV: ME DEACT   "IP","10.174.26.207",1
D/AT      (  101): "
D/AT      (  101): AT[0]< +CGEV: ME DEACT   "IP","10.174.26.207",1
D/RILJ    (  693): [0073]> GET_CURRENT_CALLS
D/RIL     (  101): lge-ril: onDataCallListChanged START
D/RIL     (  101): lge-ril: runRequestFunction(DATA_CALL_LIST) s_InitMutex LOCKED. dlc index - 12, DLC - 12, DLC create tracker - 0x6113f
D/RIL     (  101): lge-ril: onDataCallListChanged END
D/RILC    (  101): [0073]> GET_CURRENT_CALLS 
D/RIL     (  101): lge-ril: runRequestFunction(GET_CURRENT_CALLS) s_InitMutex LOCKED. dlc index - 8, DLC - 8, DLC create tracker - 0x6113f
D/RIL     (  101): dlc[8] lge-ril: requestInterface(GET_CURRENT_CALLS) invoking *requestFunction(req:9, data:00000000, len:0)...
D/AT      (  101): AT[8]> AT+CLCC
D/AT      (  101): dlc[8] atchannel: writeline() written:9, errno:"Success"
D/AT      (  101): dlc[8] atchannel: readline() count:6. Read string - "
D/AT      (  101): OK
D/AT      (  101): "
D/AT      (  101): AT[8]< OK
D/AT      (  101): dlc[8] atchannel: at_send_command_full_nolock() tid:20730520, waiting(5000 msec) for signal...DONE
D/AT      (  101): dlc[8] atchannel: at_send_command_full_nolock() end, err:0
D/AT      (  101): dlc[8] atchannel: at_send_command_full() s_commandmutex[8] UNLOCKED, tid:20730520, err - 0
D/RILC    (  101): [0073]< GET_CURRENT_CALLS }
D/RIL     (  101): dlc[8] lge-ril: requestInterface(GET_CURRENT_CALLS) invoking *requestFunction(req:9, data: 0x00000000, len:0)...DONE
D/RILJ    (  693): [0073]< GET_CURRENT_CALLS  
D/RIL     (  101): Set net.pdp1.name property to , error = 0
D/AT      (  101): AT[12]> AT+CGACT?
D/AT      (  101): dlc[12] atchannel: writeline() written:11, errno:"Success"
D/AT      (  101): dlc[12] atchannel: readline() count:15. Read string - "
D/AT      (  101): +CGACT: 1,0
D/AT      (  101): "
D/AT      (  101): AT[12]< +CGACT: 1,0
D/AT      (  101): dlc[12] atchannel: readline() count:6. Read string - "
D/AT      (  101): OK
D/AT      (  101): "
D/AT      (  101): AT[12]< OK
D/AT      (  101): dlc[12] atchannel: at_send_command_full_nolock() tid:20731384, waiting(160000 msec) for signal...DONE
D/AT      (  101): dlc[12] atchannel: at_send_command_full_nolock() end, err:0
D/AT      (  101): dlc[12] atchannel: at_send_command_full() s_commandmutex[12] UNLOCKED, tid:20731384, err - 0
D/RILC    (  101): [0072]< DEACTIVATE_DATA_CALL
D/RIL     (  101): dlc[12] lge-ril: requestInterface(DEACTIVATE_DATA_CALL) invoking *requestFunction(req:41, data: 0x013c5808, len:8)...DONE
D/RIL     (  101): dlc[12] lge-ril: requestInterface(DATA_CALL_LIST) invoking *requestFunction(req:57, data:00000000, len:0)...
D/AT      (  101): AT[12]> AT+CGACT?
D/AT      (  101): dlc[12] atchannel: writeline() written:11, errno:"Success"
D/RILJ    (  693): [0072]< DEACTIVATE_DATA_CALL 
D/GSM     (  693): [GsmDC-1] DcDisconnectingState msg.what=EVENT_DEACTIVATE_DONE
D/GSM     (  693): [GsmDC-1] NotifyDisconnectCompleted DisconnectParams=com.android.internal.telephony.DataConnection$DisconnectParams@412dd308
D/GSM     (  693): [GsmDC-1] clearSettings
D/GSM     (  693): [GsmDCT] handleMessage msg={ what=270351 when=-1ms obj=android.os.AsyncResult@412e7ed0 }
D/GSM     (  693): [GsmDCT] DataConnectoinTracker.handleMessage: EVENT_DISCONNECT_DONE msg={ what=270351 when=-1ms obj=android.os.AsyncResult@412e7ed0 }
D/GSM     (  693): [GsmDCT] onDisconnectDone: EVENT_DISCONNECT_DONE apnContext={mApnType=default mState=DISCONNECTING mWaitingApns=[[ApnSettingV2] SKT3G, 1028, 45005, web.sktelecom.com, null, http://omms.nate.com:9082/oma_mms, smart.nate.com, 9093, null, -1, default | supl | mms, IP, IP, true, 0] mWaitingApnsPermanentFailureCountDown=1 mApnSetting=[ApnSettingV2] SKT3G, 1028, 45005, web.sktelecom.com, null, http://omms.nate.com:9082/oma_mms, smart.nate.com, 9093, null, -1, default | supl | mms, IP, IP, true, 0 mDataConnectionAc=GsmDC-1 mReason=dataDisabled mRetryCount=0 mDataEnabled=false mDependencyMet=true}
D/GSM     (  693): [ApnContext:default] setState: IDLE, previous state:DISCONNECTING
D/GSM     (  693): [GsmDCT] isDataPossible(default): possible=true isDataAllowed=true apnTypePossible=true apnContextisEnabled=false apnContextState()=IDLE
D/GSM     (  693): [GsmDCT] get active apn string for type:default
D/GSM     (  693): [ApnContext:default] setDataConnection: old dc={GsmDC-1: State=DcInactiveState apnSetting=null apnList= [{mApnType=default mState=IDLE mWaitingApns=[[ApnSettingV2] SKT3G, 1028, 45005, web.sktelecom.com, null, http://omms.nate.com:9082/oma_mms, smart.nate.com, 9093, null, -1, default | supl | mms, IP, IP, true, 0] mWaitingApnsPermanentFailureCountDown=1 mApnSetting=null mDataConnectionAc=GsmDC-1 mReason=dataDisabled mRetryCount=0 mDataEnabled=false mDependencyMet=true}] RefCount=0 cid=-1 create=-1 lastFail=-1 lastFailCause=NONE} new dc=null this={mApnType=default mState=IDLE mWaitingApns=[[ApnSettingV2] SKT3G, 1028, 45005, web.sktelecom.com, null, http://omms.nate.com:9082/oma_mms, smart.nate.com, 9093, null, -1, default | supl | mms, IP, IP, true, 0] mWaitingApnsPermanentFailureCountDown=1 mApnSetting=null mDataConnectionAc=GsmDC-1 mReason=dataDisabled mRetryCount=0 mDataEnabled=false mDependencyMet=true}
D/GSM     (  693): [ApnContext:default] setDataConnectionAc: old dcac=GsmDC-1 new dcac=null
D/AT      (  101): dlc[12] atchannel: readline() count:15. Read string - "
D/AT      (  101): +CGACT: 1,0
D/AT      (  101): "
D/AT      (  101): AT[12]< +CGACT: 1,0
D/AT      (  101): dlc[12] atchannel: readline() count:6. Read string - "
D/AT      (  101): OK
D/AT      (  101): "
D/AT      (  101): AT[12]< OK
D/AT      (  101): dlc[12] atchannel: at_send_command_full_nolock() tid:20731384, waiting(160000 msec) for signal...DONE
D/AT      (  101): dlc[12] atchannel: at_send_command_full_nolock() end, err:0
D/AT      (  101): dlc[12] atchannel: at_send_command_full() s_commandmutex[12] UNLOCKED, tid:20731384, err - 0
D/RIL     (  101): lge-ril: releaseCid(1)
D/AT      (  101): AT[12]> AT+CGDCONT?
D/AT      (  101): dlc[12] atchannel: writeline() written:13, errno:"Success"
D/AT      (  101): dlc[12] atchannel: readline() count:54. Read string - "
D/AT      (  101): +CGDCONT: 1,"IP","web.sktelecom.com","0.0.0.0",0,0
D/AT      (  101): "
D/AT      (  101): AT[12]< +CGDCONT: 1,"IP","web.sktelecom.com","0.0.0.0",0,0
D/AT      (  101): dlc[12] atchannel: readline() count:6. Read string - "
D/AT      (  101): OK
D/AT      (  101): "
D/AT      (  101): AT[12]< OK
D/AT      (  101): dlc[12] atchannel: at_send_command_full_nolock() tid:20731384, waiting(6000 msec) for signal...DONE
D/AT      (  101): dlc[12] atchannel: at_send_command_full_nolock() end, err:0
D/AT      (  101): dlc[12] atchannel: at_send_command_full() s_commandmutex[12] UNLOCKED, tid:20731384, err - 0
D/AT      (  101): AT[12]> AT+XDNS?
D/AT      (  101): dlc[12] atchannel: writeline() written:10, errno:"Success"
D/AT      (  101): dlc[12] atchannel: readline() count:34. Read string - "
D/AT      (  101): +XDNS: 1, "0.0.0.0", "0.0.0.0"
D/AT      (  101): "
D/AT      (  101): AT[12]< +XDNS: 1, "0.0.0.0", "0.0.0.0"
D/AT      (  101): dlc[12] atchannel: readline() count:6. Read string - "
D/AT      (  101): OK
D/AT      (  101): "
D/AT      (  101): AT[12]< OK
D/AT      (  101): dlc[12] atchannel: at_send_command_full_nolock() tid:20731384, waiting(6000 msec) for signal...DONE
D/AT      (  101): dlc[12] atchannel: at_send_command_full_nolock() end, err:0
D/AT      (  101): dlc[12] atchannel: at_send_command_full() s_commandmutex[12] UNLOCKED, tid:20731384, err - 0
D/RILC    (  101): rild: grabPartialWakeLock, s_wakeup_lock_flag - 1
D/RILC    (  101): [UNSL]< UNSOL_DATA_CALL_LIST_CHANGED {[status=0,retry=-1,cid=1,down,vsnet0,0.0.0.0,0.0.0.0 0.0.0.0,0.0.0.0]}
D/RIL     (  101): dlc[12] lge-ril: requestInterface(DATA_CALL_LIST) invoking *requestFunction(req:57, data: 0x00000000, len:0)...DONE
D/RILJ    (  693): responseDataCallList ver=6 num=1
D/RILJ    (  693): [UNSL]< UNSOL_DATA_CALL_LIST_CHANGED [DataCallState: {version=6 status=0 retry=-1 cid=1 active=0 type='IP' ifname='vsnet0' addresses=[0.0.0.0] dnses=[0.0.0.0,0.0.0.0] gateways=[0.0.0.0]}]
D/GSM     (  693): [GsmDCT] handleMessage msg={ what=270340 when=0 obj=android.os.AsyncResult@412f4788 }
D/GSM     (  693): [GsmDCT] onDataStateChanged(ar): E
D/GSM     (  693): [GsmDCT] onDataStateChanged(ar): DataCallState size=1
D/GSM     (  693): [GsmDCT] Number of DataCallStates:1Unique count:1
D/GSM     (  693): [GsmDCT] findApnContextToClean(ar): E dcacs=[]
D/GSM     (  693): [GsmDCT] findApnContextToClean(ar): X list=[]
E/GSM     (  693): [GsmDCT] onDataStateChanged(ar): No associated DataConnection ignore
D/GSM     (  693): [GsmDCT] onDataStateChanged: Data Activity updated to NONE. isAnyDataCallActive = false isAnyDataCallDormant = false
D/GSM     (  693): [GsmDCT] onDataStateChange(ar): apnsToCleanup=[]
D/GSM     (  693): [GsmDCT] onDataStateChanged(ar): X
D/AT      (  101): dlc[0] atchannel: readline() count:23. Read string - "
D/AT      (  101): +XLGEUNSOL:425990,1
D/AT      (  101): "
D/AT      (  101): AT[0]< +XLGEUNSOL:425990,1
D/RIL     (  101): LGEUnsol line received: response[0] '425990'
D/RIL     (  101): LGEUnsol line received: response[1] '1'
D/RILC    (  101): rild: grabPartialWakeLock, s_wakeup_lock_flag - 1
D/RILC    (  101): responseLgeunsol
E/RILC    (  101): responseLgeunsol etc
D/RILC    (  101): [UNSL]< RIL_UNSOL_LGE_UNSOL {1}
E/RILJ    (  693): Exception processing unsol response: 1080Exception:java.lang.RuntimeException: Unrecognized unsol response: 1080
D/AT      (  101): dlc[0] atchannel: readline() count:18. Read string - "
D/AT      (  101): +XPSSIGCONN: 0
D/AT      (  101): "
D/AT      (  101): AT[0]< +XPSSIGCONN: 0
D/RIL     (  101): unsolicitedPsSignalingStatus with param: +XPSSIGCONN: 0
D/RILC    (  101): rild: grabPartialWakeLock, s_wakeup_lock_flag - 1
D/RILC    (  101): [UNSL]< RIL_UNSOL_LGE_RESPONSE_PS_SIGNALING_STATUS {0}
E/RILJ    (  693): Exception processing unsol response: 1057Exception:java.lang.RuntimeException: Unrecognized unsol response: 1057
D/AT      (  101): dlc[5] atchannel: readline() count:31. Read string - "
D/AT      (  101): +CREG: 1,"2261","4cd0a10",2
D/AT      (  101): "
D/AT      (  101): AT[5]< +CREG: 1,"2261","4cd0a10",2
D/RILC    (  101): rild: grabPartialWakeLock, s_wakeup_lock_flag - 1
D/RILC    (  101): [UNSL]< UNSOL_RESPONSE_VOICE_NETWORK_STATE_CHANGED 
D/RILJ    (  693): [UNSL]< UNSOL_RESPONSE_VOICE_NETWORK_STATE_CHANGED
D/RILJ    (  693): [0074]> OPERATOR
D/RILJ    (  693): [0075]> DATA_REGISTRATION_STATE
D/RILC    (  101): [0074]> OPERATOR 
D/RIL     (  101): lge-ril: runRequestFunction(OPERATOR) s_InitMutex LOCKED. dlc index - 5, DLC - 5, DLC create tracker - 0x6113f
D/RILJ    (  693): [0076]> VOICE_REGISTRATION_STATE
D/RIL     (  101): dlc[5] lge-ril: requestInterface(OPERATOR) invoking *requestFunction(req:22, data:00000000, len:0)...
D/AT      (  101): AT[5]> AT+COPS=3,0;+COPS?;+COPS=3,1;+COPS?;+COPS=3,2;+COPS?
D/AT      (  101): dlc[5] atchannel: writeline() written:54, errno:"Success"
D/RILJ    (  693): [0077]> QUERY_NETWORK_SELECTION_MODE
D/RILC    (  101): [0075]> DATA_REGISTRATION_STATE 
D/RIL     (  101): lge-ril: runRequestFunction(DATA_REGISTRATION_STATE) s_InitMutex LOCKED. dlc index - 5, DLC - 5, DLC create tracker - 0x6113f
D/RILC    (  101): [0076]> VOICE_REGISTRATION_STATE 
D/RIL     (  101): lge-ril: runRequestFunction(VOICE_REGISTRATION_STATE) s_InitMutex LOCKED. dlc index - 5, DLC - 5, DLC create tracker - 0x6113f
D/RILC    (  101): [0077]> QUERY_NETWORK_SELECTION_MODE 
D/RIL     (  101): lge-ril: runRequestFunction(QUERY_NETWORK_SELECTION_MODE) s_InitMutex LOCKED. dlc index - 5, DLC - 5, DLC create tracker - 0x6113f
D/AT      (  101): dlc[5] atchannel: readline() count:55. Read string - "
D/AT      (  101): +COPS: 0,0,"0053004B00540065006C00650063006F006D",2
D/AT      (  101): "
D/AT      (  101): AT[5]< +COPS: 0,0,"0053004B00540065006C00650063006F006D",2
D/AT      (  101): dlc[5] atchannel: readline() count:55. Read string - "
D/AT      (  101): +COPS: 0,1,"0053004B00540065006C00650063006F006D",2
D/AT      (  101): "
D/AT      (  101): AT[5]< +COPS: 0,1,"0053004B00540065006C00650063006F006D",2
D/AT      (  101): dlc[5] atchannel: readline() count:39. Read string - "
D/AT      (  101): +COPS: 0,2,"00340035003000300035",2
D/AT      (  101): "
D/AT      (  101): AT[5]< +COPS: 0,2,"00340035003000300035",2
D/AT      (  101): dlc[5] atchannel: readline() count:6. Read string - "
D/AT      (  101): OK
D/AT      (  101): "
D/AT      (  101): AT[5]< OK
D/AT      (  101): dlc[5] atchannel: at_send_command_full_nolock() tid:20678472, waiting(10000 msec) for signal...DONE
D/AT      (  101): dlc[5] atchannel: at_send_command_full_nolock() end, err:0
D/AT      (  101): dlc[5] atchannel: at_send_command_full() s_commandmutex[5] UNLOCKED, tid:20678472, err - 0
D/AT      (  101): AT[5]> AT+XCOPS=6
D/AT      (  101): dlc[5] atchannel: writeline() written:12, errno:"Success"
D/AT      (  101): dlc[5] atchannel: readline() count:52. Read string - "
D/AT      (  101): +XCOPS: 6,"0053004B00540065006C00650063006F006D"
D/AT      (  101): "
D/AT      (  101): AT[5]< +XCOPS: 6,"0053004B00540065006C00650063006F006D"
D/AT      (  101): dlc[5] atchannel: readline() count:6. Read string - "
D/AT      (  101): OK
D/AT      (  101): "
D/AT      (  101): AT[5]< OK
D/AT      (  101): dlc[5] atchannel: at_send_command_full_nolock() tid:20678472, waiting(5000 msec) for signal...DONE
D/AT      (  101): dlc[5] atchannel: at_send_command_full_nolock() end, err:0
D/AT      (  101): dlc[5] atchannel: at_send_command_full() s_commandmutex[5] UNLOCKED, tid:20678472, err - 0
D/RIL     (  101): unsolicitedLgeNetworkError(): networkError 0
D/AT      (  101): AT[5]> AT+XCOPS=5
D/AT      (  101): dlc[5] atchannel: writeline() written:12, errno:"Success"
D/AT      (  101): dlc[5] atchannel: readline() count:52. Read string - "
D/AT      (  101): +XCOPS: 5,"0053004B00540065006C00650063006F006D"
D/AT      (  101): "
D/AT      (  101): AT[5]< +XCOPS: 5,"0053004B00540065006C00650063006F006D"
D/AT      (  101): dlc[5] atchannel: readline() count:6. Read string - "
D/AT      (  101): OK
D/AT      (  101): "
D/AT      (  101): AT[5]< OK
D/AT      (  101): dlc[5] atchannel: at_send_command_full_nolock() tid:20678472, waiting(5000 msec) for signal...DONE
D/AT      (  101): dlc[5] atchannel: at_send_command_full_nolock() end, err:0
D/AT      (  101): dlc[5] atchannel: at_send_command_full() s_commandmutex[5] UNLOCKED, tid:20678472, err - 0
D/RIL     (  101): unsolicitedLgeNetworkError(): networkError 0
D/RILC    (  101): [0074]< OPERATOR {SKTelecom,SKTelecom,45005}
D/RIL     (  101): dlc[5] lge-ril: requestInterface(OPERATOR) invoking *requestFunction(req:22, data: 0x00000000, len:0)...DONE
D/RIL     (  101): dlc[5] lge-ril: requestInterface(DATA_REGISTRATION_STATE) invoking *requestFunction(req:21, data:00000000, len:0)...
D/AT      (  101): AT[5]> AT+CGREG?
D/AT      (  101): dlc[5] atchannel: writeline() written:11, errno:"Success"
D/RILJ    (  693): [0074]< OPERATOR {SKTelecom, SKTelecom, 45005}
D/AT      (  101): dlc[5] atchannel: readline() count:34. Read string - "
D/AT      (  101): +CGREG: 2,1,"2261","4cd0a10",2
D/AT      (  101): "
